
> insurai@0.1.0 test
> vitest run


[1m[46m RUN [49m[22m [36mv4.0.18 [39m[90m/workspaces/insurai[39m

[90mstdout[2m | src/components/PolicyUpload-coverage.test.tsx
[22m[39m🔧 InsurAI Environment
  Configuration: {
    mode: [32m'development'[39m,
    storage: [32m'cloud'[39m,
    ai: [32m'proxy'[39m,
    proxy: [32m'http://localhost:4001'[39m
  }
  Warnings:
  [INFO] API proxy configured at http://localhost:4001
    → Make sure backend server is running: npm run dev:server

 [32m✓[39m src/components/PolicyUpload-coverage.test.tsx [2m([22m[2m75 tests[22m[2m)[22m[33m 80872[2mms[22m[39m
       [33m[2m✓[22m[39m shows AI not configured error (NO_AI_CONFIG) [33m 1274[2mms[22m[39m
       [33m[2m✓[22m[39m shows PDF timeout error (PDF_TIMEOUT) [33m 1226[2mms[22m[39m
       [33m[2m✓[22m[39m shows PDF worker error (PDF_WORKER_ERROR) [33m 1223[2mms[22m[39m
       [33m[2m✓[22m[39m shows file read error (FILE_READ_ERROR) [33m 1219[2mms[22m[39m
       [33m[2m✓[22m[39m shows PDF parse error (PDF_PARSE_ERROR) [33m 1218[2mms[22m[39m
       [33m[2m✓[22m[39m shows rate limit error (429) [33m 1220[2mms[22m[39m
       [33m[2m✓[22m[39m shows network error (proxy/network/fetch) [33m 1220[2mms[22m[39m
       [33m[2m✓[22m[39m shows provider not configured error (PROVIDER_NOT_CONFIGURED) [33m 1216[2mms[22m[39m
       [33m[2m✓[22m[39m shows low confidence error (LOW_CONFIDENCE) [33m 1232[2mms[22m[39m
       [33m[2m✓[22m[39m shows request timeout error (ETIMEDOUT) [33m 1221[2mms[22m[39m
       [33m[2m✓[22m[39m shows generic error for unknown error types [33m 1217[2mms[22m[39m
       [33m[2m✓[22m[39m handles non-Error thrown values [33m 1219[2mms[22m[39m
       [33m[2m✓[22m[39m shows error in file list for failed extraction [33m 735[2mms[22m[39m
       [33m[2m✓[22m[39m shows AI extracted status with confidence percentage [33m 1225[2mms[22m[39m
       [33m[2m✓[22m[39m shows correct status for fallback source [33m 1221[2mms[22m[39m
       [33m[2m✓[22m[39m shows low confidence warning toast [33m 1228[2mms[22m[39m
       [33m[2m✓[22m[39m shows low confidence status indicator [33m 1220[2mms[22m[39m
       [33m[2m✓[22m[39m shows conflict dialog for exact duplicate [33m 1219[2mms[22m[39m
       [33m[2m✓[22m[39m shows conflict dialog for amendment [33m 1220[2mms[22m[39m
       [33m[2m✓[22m[39m handles conflict skip - removes file from list [33m 1227[2mms[22m[39m
       [33m[2m✓[22m[39m handles conflict replace - calls handleDuplicateResolution [33m 1255[2mms[22m[39m
       [33m[2m✓[22m[39m handles conflict replace failure [33m 1259[2mms[22m[39m
       [33m[2m✓[22m[39m handles conflict keepBoth - saves new policy [33m 1241[2mms[22m[39m
       [33m[2m✓[22m[39m handles conflict keepBoth failure [33m 1229[2mms[22m[39m
       [33m[2m✓[22m[39m handles conflict trackAmendment - calls handlePolicyAmendment [33m 1229[2mms[22m[39m
       [33m[2m✓[22m[39m handles conflict trackAmendment failure [33m 1224[2mms[22m[39m
       [33m[2m✓[22m[39m handles conflict edit - navigates to policy detail [33m 1221[2mms[22m[39m
       [33m[2m✓[22m[39m handles conflict close - closes dialog [33m 1220[2mms[22m[39m
       [33m[2m✓[22m[39m continues if conflict check throws (fail open) [33m 1226[2mms[22m[39m
       [33m[2m✓[22m[39m shows diagnostics success when a provider is valid [33m 733[2mms[22m[39m
       [33m[2m✓[22m[39m shows diagnostics failure when no provider is valid [33m 715[2mms[22m[39m
       [33m[2m✓[22m[39m shows diagnostics unreachable when result is null [33m 716[2mms[22m[39m
       [33m[2m✓[22m[39m shows diagnostic results panel when diagnostics are available [33m 718[2mms[22m[39m
       [33m[2m✓[22m[39m shows checking status [33m 708[2mms[22m[39m
       [33m[2m✓[22m[39m shows both providers (OpenAI + Claude) [33m 707[2mms[22m[39m
       [33m[2m✓[22m[39m shows OpenAI only [33m 712[2mms[22m[39m
       [33m[2m✓[22m[39m shows Claude only [33m 736[2mms[22m[39m
       [33m[2m✓[22m[39m shows demo mode when backend not ready and AI not configured [33m 708[2mms[22m[39m
       [33m[2m✓[22m[39m shows cloud storage badge when Supabase is configured [33m 708[2mms[22m[39m
       [33m[2m✓[22m[39m shows unconfigured warning in production [33m 708[2mms[22m[39m
       [33m[2m✓[22m[39m shows error toast when no completed policies [33m 868[2mms[22m[39m
       [33m[2m✓[22m[39m navigates to dashboard with replace for completed policies (local mode) [33m 1236[2mms[22m[39m
       [33m[2m✓[22m[39m does not call addPolicies when using Supabase [33m 1236[2mms[22m[39m
       [33m[2m✓[22m[39m saves policy to Supabase when authenticated [33m 1216[2mms[22m[39m
       [33m[2m✓[22m[39m shows savedToCloud note in toast [33m 1214[2mms[22m[39m
       [33m[2m✓[22m[39m continues if createPolicy fails [33m 1217[2mms[22m[39m
       [33m[2m✓[22m[39m continues if uploadPolicyDocument fails [33m 1215[2mms[22m[39m
       [33m[2m✓[22m[39m completes stage with local_only_mode reason [33m 1217[2mms[22m[39m
       [33m[2m✓[22m[39m throws when extraction result.success is false [33m 1224[2mms[22m[39m
       [33m[2m✓[22m[39m removes file from list [33m 737[2mms[22m[39m
       [33m[2m✓[22m[39m shows partial acceptance toast when some files are invalid [33m 715[2mms[22m[39m
       [33m[2m✓[22m[39m does nothing when no valid files [33m 710[2mms[22m[39m
       [33m[2m✓[22m[39m extraction failure sets error state [33m 1231[2mms[22m[39m
       [33m[2m✓[22m[39m retries all failed files via Retry All button [33m 2234[2mms[22m[39m
       [33m[2m✓[22m[39m loads sample policies and navigates to dashboard [33m 707[2mms[22m[39m
       [33m[2m✓[22m[39m navigates to policy detail page with replace [33m 1217[2mms[22m[39m
       [33m[2m✓[22m[39m sets up persist callback [33m 726[2mms[22m[39m
       [33m[2m✓[22m[39m starts upload and duplicate_check stages [33m 1217[2mms[22m[39m
       [33m[2m✓[22m[39m calls logger.complete on successful extraction [33m 1220[2mms[22m[39m
       [33m[2m✓[22m[39m calls logger.fail on extraction error [33m 1219[2mms[22m[39m
       [33m[2m✓[22m[39m sets policy ID on successful Supabase save [33m 1220[2mms[22m[39m
       [33m[2m✓[22m[39m handles dragOver and sets isDragging [33m 710[2mms[22m[39m
       [33m[2m✓[22m[39m handles dragLeave and resets isDragging [33m 714[2mms[22m[39m
       [33m[2m✓[22m[39m handles drop with file [33m 720[2mms[22m[39m
       [33m[2m✓[22m[39m resets file input value after selection [33m 715[2mms[22m[39m
       [33m[2m✓[22m[39m shows uploading status with progress bar [33m 1215[2mms[22m[39m
       [33m[2m✓[22m[39m shows analyzing status [33m 1231[2mms[22m[39m
       [33m[2m✓[22m[39m shows awaiting resolution status for duplicates [33m 1233[2mms[22m[39m
       [33m[2m✓[22m[39m shows awaiting resolution status for amendments [33m 1215[2mms[22m[39m
       [33m[2m✓[22m[39m shows error status in file list [33m 720[2mms[22m[39m
       [33m[2m✓[22m[39m shows error count summary [33m 1215[2mms[22m[39m
       [33m[2m✓[22m[39m opens conflict dialog when resolve button clicked [33m 1272[2mms[22m[39m
       [33m[2m✓[22m[39m addPdfFile triggers extraction [33m 1213[2mms[22m[39m
       [33m[2m✓[22m[39m shows completed count in header [33m 1215[2mms[22m[39m
       [33m[2m✓[22m[39m calls preloadPdfJs on mount [33m 709[2mms[22m[39m
[90mstdout[2m | src/components/PolicyDetailView-branches.test.tsx
[22m[39m🔧 InsurAI Environment
  Configuration: {
    mode: [32m'development'[39m,
    storage: [32m'cloud'[39m,
    ai: [32m'proxy'[39m,
    proxy: [32m'http://localhost:4001'[39m
  }
  Warnings:
  [INFO] API proxy configured at http://localhost:4001
    → Make sure backend server is running: npm run dev:server

 [32m✓[39m src/components/PolicyDetailView-branches.test.tsx [2m([22m[2m163 tests[22m[2m)[22m[33m 11604[2mms[22m[39m
       [33m[2m✓[22m[39m renders trial result banner when isTrialResult is true [33m 963[2mms[22m[39m
       [33m[2m✓[22m[39m does NOT show error toast when share is aborted by user [33m 310[2mms[22m[39m
       [33m[2m✓[22m[39m navigates to -1 for regular policies [33m 337[2mms[22m[39m
 [32m✓[39m src/components/PolicyDashboard-branches.test.tsx [2m([22m[2m102 tests[22m[2m)[22m[33m 5851[2mms[22m[39m
       [33m[2m✓[22m[39m shows "adjust filters" message when search is active but no results [33m 487[2mms[22m[39m
       [33m[2m✓[22m[39m card view filteredFullPolicies also searches typeTr [33m 324[2mms[22m[39m
[90mstdout[2m | src/components/TryAnalysis.test.tsx
[22m[39m🔧 InsurAI Environment
  Configuration: {
    mode: [32m'development'[39m,
    storage: [32m'cloud'[39m,
    ai: [32m'proxy'[39m,
    proxy: [32m'http://localhost:4001'[39m
  }
  Warnings:
  [INFO] API proxy configured at http://localhost:4001
    → Make sure backend server is running: npm run dev:server

 [32m✓[39m src/components/TryAnalysis.test.tsx [2m([22m[2m19 tests[22m[2m | [22m[33m1 skipped[39m[2m)[22m[33m 5322[2mms[22m[39m
       [33m[2m✓[22m[39m automatically processes file passed via router state [33m 550[2mms[22m[39m
       [33m[2m✓[22m[39m handles extraction failure from router state file [33m 422[2mms[22m[39m
       [33m[2m✓[22m[39m clears location state after processing to prevent reprocessing on refresh [33m 430[2mms[22m[39m
       [33m[2m✓[22m[39m processes file uploaded via drag and drop [33m 428[2mms[22m[39m
       [33m[2m✓[22m[39m processes file uploaded via file input [33m 558[2mms[22m[39m
       [33m[2m✓[22m[39m shows error state when extraction fails [33m 433[2mms[22m[39m
       [33m[2m✓[22m[39m allows retry after error [33m 480[2mms[22m[39m
       [33m[2m✓[22m[39m handles extraction that returns neither success nor error [33m 424[2mms[22m[39m
       [33m[2m✓[22m[39m handles extraction returning success false without error message [33m 427[2mms[22m[39m
       [33m[2m✓[22m[39m handles extraction returning success true but no policy [33m 431[2mms[22m[39m
       [33m[2m✓[22m[39m shows progress indicators during each stage [33m 516[2mms[22m[39m
[90mstdout[2m | src/components/PolicyUpload.test.tsx
[22m[39m🔧 InsurAI Environment
  Configuration: {
    mode: [32m'development'[39m,
    storage: [32m'cloud'[39m,
    ai: [32m'proxy'[39m,
    proxy: [32m'http://localhost:4001'[39m
  }
  Warnings:
  [INFO] API proxy configured at http://localhost:4001
    → Make sure backend server is running: npm run dev:server

 [32m✓[39m src/components/PolicyUpload.test.tsx [2m([22m[2m43 tests[22m[2m)[22m[33m 5167[2mms[22m[39m
     [33m[2m✓[22m[39m should handle failed extraction result [33m 523[2mms[22m[39m
     [33m[2m✓[22m[39m should show View Analysis button when files are complete [33m 531[2mms[22m[39m
     [33m[2m✓[22m[39m should show file count in View Analysis button [33m 517[2mms[22m[39m
     [33m[2m✓[22m[39m should navigate to dashboard when View Analysis is clicked [33m 547[2mms[22m[39m
     [33m[2m✓[22m[39m should show view policy button for completed files [33m 517[2mms[22m[39m
     [33m[2m✓[22m[39m should display analyzing status with AI indicator [33m 519[2mms[22m[39m
     [33m[2m✓[22m[39m should show extraction source after completion [33m 519[2mms[22m[39m
     [33m[2m✓[22m[39m should NOT call createPolicy when user is not authenticated [33m 518[2mms[22m[39m
[90mstdout[2m | src/components/Settings.test.tsx
[22m[39m🔧 InsurAI Environment
  Configuration: {
    mode: [32m'development'[39m,
    storage: [32m'cloud'[39m,
    ai: [32m'proxy'[39m,
    proxy: [32m'http://localhost:4001'[39m
  }
  Warnings:
  [INFO] API proxy configured at http://localhost:4001
    → Make sure backend server is running: npm run dev:server

 [32m✓[39m src/components/Settings.test.tsx [2m([22m[2m57 tests[22m[2m)[22m[33m 6001[2mms[22m[39m
       [33m[2m✓[22m[39m should save API key to localStorage when save is clicked [33m 359[2mms[22m[39m
       [33m[2m✓[22m[39m should call signOut and navigate when confirmed [33m 451[2mms[22m[39m
     [33m[2m✓[22m[39m should enable Save button when input has value [33m 503[2mms[22m[39m
 [32m✓[39m server/__tests__/admin-auth.test.ts [2m([22m[2m66 tests[22m[2m)[22m[33m 4975[2mms[22m[39m
       [33m[2m✓[22m[39m hashes a password and returns a bcrypt hash string [33m 306[2mms[22m[39m
       [33m[2m✓[22m[39m verifies the correct password against its hash [33m 763[2mms[22m[39m
       [33m[2m✓[22m[39m rejects an incorrect password [33m 635[2mms[22m[39m
       [33m[2m✓[22m[39m generates different hashes for the same password (unique salt) [33m 1266[2mms[22m[39m
       [33m[2m✓[22m[39m handles empty string password [33m 900[2mms[22m[39m
       [33m[2m✓[22m[39m handles unicode passwords [33m 1070[2mms[22m[39m
[90mstdout[2m | src/components/TryAnalysis-coverage.test.tsx
[22m[39m🔧 InsurAI Environment
  Configuration: {
    mode: [32m'development'[39m,
    storage: [32m'cloud'[39m,
    ai: [32m'proxy'[39m,
    proxy: [32m'http://localhost:4001'[39m
  }
  Warnings:
  [INFO] API proxy configured at http://localhost:4001
    → Make sure backend server is running: npm run dev:server

 [32m✓[39m src/components/TryAnalysis-coverage.test.tsx [2m([22m[2m29 tests[22m[2m)[22m[33m 4257[2mms[22m[39m
       [33m[2m✓[22m[39m shows error UI on extraction failure [33m 447[2mms[22m[39m
       [33m[2m✓[22m[39m shows try again button in error state [33m 424[2mms[22m[39m
       [33m[2m✓[22m[39m resets to idle on try again [33m 419[2mms[22m[39m
       [33m[2m✓[22m[39m handles null extraction result [33m 416[2mms[22m[39m
       [33m[2m✓[22m[39m handles unsuccessful extraction result [33m 418[2mms[22m[39m
       [33m[2m✓[22m[39m rejects fallback/sample data [33m 422[2mms[22m[39m
       [33m[2m✓[22m[39m handles result with no policy [33m 416[2mms[22m[39m
       [33m[2m✓[22m[39m navigates to policy detail on success [33m 417[2mms[22m[39m
       [33m[2m✓[22m[39m shows low confidence warning for low-confidence results [33m 412[2mms[22m[39m
 [32m✓[39m src/components/admin/tabs/settings/SettingsHistoryPanel.test.tsx [2m([22m[2m27 tests[22m[2m)[22m[33m 3799[2mms[22m[39m
       [33m[2m✓[22m[39m should show error state when fetch fails [33m 359[2mms[22m[39m
       [33m[2m✓[22m[39m should show pagination controls when there are more entries [33m 794[2mms[22m[39m
       [33m[2m✓[22m[39m should navigate to next page [33m 483[2mms[22m[39m
       [33m[2m✓[22m[39m should navigate to previous page [33m 921[2mms[22m[39m
 [32m✓[39m src/components/PolicyChat.test.tsx [2m([22m[2m46 tests[22m[2m)[22m[33m 3902[2mms[22m[39m
       [33m[2m✓[22m[39m should render quick question buttons [33m 469[2mms[22m[39m
 [32m✓[39m src/components/AuthPage.test.tsx [2m([22m[2m15 tests[22m[2m)[22m[33m 3198[2mms[22m[39m
       [33m[2m✓[22m[39m should call signIn with email and password [33m 370[2mms[22m[39m
       [33m[2m✓[22m[39m should switch to sign up mode when clicking sign up link [33m 343[2mms[22m[39m
       [33m[2m✓[22m[39m should show validation error for password mismatch [33m 426[2mms[22m[39m
       [33m[2m✓[22m[39m should call signUp with email, password, and fullName [33m 387[2mms[22m[39m
       [33m[2m✓[22m[39m should switch back to sign in mode after successful signup [33m 685[2mms[22m[39m
 [32m✓[39m src/components/landing/UploadWidget.test.tsx [2m([22m[2m11 tests[22m[2m)[22m[33m 2977[2mms[22m[39m
       [33m[2m✓[22m[39m navigates to /try with file in router state for anonymous users [33m 829[2mms[22m[39m
       [33m[2m✓[22m[39m passes correct file object via router state [33m 511[2mms[22m[39m
       [33m[2m✓[22m[39m only passes first file when multiple files are dropped [33m 511[2mms[22m[39m
       [33m[2m✓[22m[39m navigates to /upload with files in router state for logged-in users [33m 526[2mms[22m[39m
     [33m[2m✓[22m[39m maintains file reference through navigation [33m 523[2mms[22m[39m
[90mstdout[2m | server/__tests__/admin-routes.test.ts[2m > [22m[2mAdmin Routes[2m > [22m[2mAuthentication[2m > [22m[2mPOST /api/admin/auth/login[2m > [22m[2mreturns 400 for missing email
[22m[39m[AdminAuth] Login request received
[AdminAuth] Attempting login {}

[90mstdout[2m | server/__tests__/admin-routes.test.ts[2m > [22m[2mAdmin Routes[2m > [22m[2mAuthentication[2m > [22m[2mPOST /api/admin/auth/login[2m > [22m[2mreturns 400 for missing password
[22m[39m[AdminAuth] Login request received
[AdminAuth] Attempting login {"email":"admin@test.com"}

[90mstdout[2m | server/__tests__/admin-routes.test.ts[2m > [22m[2mAdmin Routes[2m > [22m[2mAuthentication[2m > [22m[2mPOST /api/admin/auth/login[2m > [22m[2mreturns 401 for invalid credentials
[22m[39m[AdminAuth] Login request received
[AdminAuth] Attempting login {"email":"admin@test.com"}
[AdminAuth] Initializing Supabase client
[AdminAuth] Supabase client initialized successfully
[AdminAuth] Fetching user from database
[AdminAuth] getAdminUserByEmail called {"email":"admin@test.com"}
[AdminAuth] Querying admin_users table

[90mstdout[2m | server/__tests__/admin-routes.test.ts[2m > [22m[2mAdmin Routes[2m > [22m[2mAuthentication[2m > [22m[2mPOST /api/admin/auth/login[2m > [22m[2mreturns 401 for invalid credentials
[22m[39m[AdminAuth] No user found for email {"email":"admin@test.com"}

[90mstdout[2m | server/__tests__/admin-routes.test.ts[2m > [22m[2mAdmin Routes[2m > [22m[2mAuthentication[2m > [22m[2mPOST /api/admin/auth/login[2m > [22m[2mreturns 401 for invalid credentials
[22m[39m[AdminAuth] User fetch result {"found":false}

[90mstdout[2m | server/__tests__/admin-routes.test.ts[2m > [22m[2mAdmin Routes[2m > [22m[2mAuthentication[2m > [22m[2mPOST /api/admin/auth/login[2m > [22m[2mreturns 401 for inactive user
[22m[39m[AdminAuth] Login request received
[AdminAuth] Attempting login {"email":"admin@test.com"}
[AdminAuth] Fetching user from database
[AdminAuth] getAdminUserByEmail called {"email":"admin@test.com"}
[AdminAuth] Querying admin_users table

[90mstdout[2m | server/__tests__/admin-routes.test.ts[2m > [22m[2mAdmin Routes[2m > [22m[2mAuthentication[2m > [22m[2mPOST /api/admin/auth/login[2m > [22m[2mreturns 401 for inactive user
[22m[39m[AdminAuth] User found {"id":"user-1","role":"admin","status":"suspended"}

[90mstdout[2m | server/__tests__/admin-routes.test.ts[2m > [22m[2mAdmin Routes[2m > [22m[2mAuthentication[2m > [22m[2mPOST /api/admin/auth/login[2m > [22m[2mreturns 401 for inactive user
[22m[39m[AdminAuth] User fetch result {"found":true,"status":"suspended"}

[90mstdout[2m | server/__tests__/admin-routes.test.ts[2m > [22m[2mAdmin Routes[2m > [22m[2mAuthentication[2m > [22m[2mPOST /api/admin/auth/login[2m > [22m[2mreturns tokens for valid credentials
[22m[39m[AdminAuth] Login request received
[AdminAuth] Attempting login {"email":"admin@test.com"}
[AdminAuth] Fetching user from database
[AdminAuth] getAdminUserByEmail called {"email":"admin@test.com"}
[AdminAuth] Querying admin_users table

[90mstdout[2m | server/__tests__/admin-routes.test.ts[2m > [22m[2mAdmin Routes[2m > [22m[2mAuthentication[2m > [22m[2mPOST /api/admin/auth/login[2m > [22m[2mreturns tokens for valid credentials
[22m[39m[AdminAuth] User found {"id":"user-1","role":"admin","status":"active"}

[90mstdout[2m | server/__tests__/admin-routes.test.ts[2m > [22m[2mAdmin Routes[2m > [22m[2mAuthentication[2m > [22m[2mPOST /api/admin/auth/login[2m > [22m[2mreturns tokens for valid credentials
[22m[39m[AdminAuth] User fetch result {"found":true,"status":"active"}
[AdminAuth] Verifying password

[90mstdout[2m | server/__tests__/admin-routes.test.ts[2m > [22m[2mAdmin Routes[2m > [22m[2mAuthentication[2m > [22m[2mPOST /api/admin/auth/login[2m > [22m[2mreturns tokens for valid credentials
[22m[39m[AdminAuth] Password verification complete {"valid":true}
[AdminAuth] Generating tokens
[AdminAuth] Tokens generated successfully

[90mstdout[2m | server/__tests__/admin-routes.test.ts[2m > [22m[2mAdmin Routes[2m > [22m[2mAuthentication[2m > [22m[2mPOST /api/admin/auth/refresh[2m > [22m[2mreturns new tokens for valid refresh token
[22m[39m[AdminAuth] getAdminUserByEmail called {"email":"admin@test.com"}
[AdminAuth] Querying admin_users table

[90mstdout[2m | server/__tests__/admin-routes.test.ts[2m > [22m[2mAdmin Routes[2m > [22m[2mAuthentication[2m > [22m[2mPOST /api/admin/auth/refresh[2m > [22m[2mreturns new tokens for valid refresh token
[22m[39m[AdminAuth] User found {"id":"user-1","role":"admin","status":"active"}

[90mstdout[2m | server/__tests__/admin-routes.test.ts[2m > [22m[2mAdmin Routes[2m > [22m[2mUser Management[2m > [22m[2mPOST /api/admin/users[2m > [22m[2mcreates user successfully as super_admin
[22m[39m[AdminAuth] getAdminUserByEmail called {"email":"new@test.com"}
[AdminAuth] Querying admin_users table

[90mstdout[2m | server/__tests__/admin-routes.test.ts[2m > [22m[2mAdmin Routes[2m > [22m[2mUser Management[2m > [22m[2mPOST /api/admin/users[2m > [22m[2mcreates user successfully as super_admin
[22m[39m[AdminAuth] No user found for email {"email":"new@test.com"}

 [32m✓[39m server/__tests__/admin-routes.test.ts [2m([22m[2m67 tests[22m[2m)[22m[33m 4612[2mms[22m[39m
         [33m[2m✓[22m[39m returns 400 for missing email [33m 2855[2mms[22m[39m
[90mstdout[2m | src/components/PolicyDetailView.test.tsx
[22m[39m🔧 InsurAI Environment
  Configuration: {
    mode: [32m'development'[39m,
    storage: [32m'cloud'[39m,
    ai: [32m'proxy'[39m,
    proxy: [32m'http://localhost:4001'[39m
  }
  Warnings:
  [INFO] API proxy configured at http://localhost:4001
    → Make sure backend server is running: npm run dev:server

 [32m✓[39m src/components/PolicyDetailView.test.tsx [2m([22m[2m44 tests[22m[2m)[22m[33m 2187[2mms[22m[39m
 [32m✓[39m src/components/medium-coverage-branches.test.tsx [2m([22m[2m123 tests[22m[2m)[22m[33m 2348[2mms[22m[39m
 [32m✓[39m src/components/GlobalNavigation.test.tsx [2m([22m[2m29 tests[22m[2m)[22m[33m 2617[2mms[22m[39m
       [33m[2m✓[22m[39m should show menu items in profile menu [33m 530[2mms[22m[39m
 [32m✓[39m src/lib/ai/config.test.ts [2m([22m[2m85 tests[22m[2m)[22m[33m 2104[2mms[22m[39m
       [33m[2m✓[22m[39m should handle network errors (fetch throws Error) [33m 2004[2mms[22m[39m
[90mstdout[2m | src/components/MyAccount-coverage.test.tsx
[22m[39m🔧 InsurAI Environment
  Configuration: {
    mode: [32m'development'[39m,
    storage: [32m'cloud'[39m,
    ai: [32m'proxy'[39m,
    proxy: [32m'http://localhost:4001'[39m
  }
  Warnings:
  [INFO] API proxy configured at http://localhost:4001
    → Make sure backend server is running: npm run dev:server

 [32m✓[39m src/components/MyAccount-coverage.test.tsx [2m([22m[2m33 tests[22m[2m)[22m[33m 1704[2mms[22m[39m
       [33m[2m✓[22m[39m shows input fields in edit mode [33m 313[2mms[22m[39m
 [32m✓[39m src/components/landing/Hero.test.tsx [2m([22m[2m26 tests[22m[2m)[22m[33m 1127[2mms[22m[39m
 [32m✓[39m src/components/PolicyDashboard.test.tsx [2m([22m[2m27 tests[22m[2m)[22m[33m 1802[2mms[22m[39m
       [33m[2m✓[22m[39m should filter policies by search query [33m 331[2mms[22m[39m
 [32m✓[39m server/__tests__/ai-routes-extended.test.ts [2m([22m[2m112 tests[22m[2m)[22m[33m 1824[2mms[22m[39m
       [33m[2m✓[22m[39m successfully extracts policy data [33m 438[2mms[22m[39m
 [32m✓[39m server/__tests__/routes-branches.test.ts [2m([22m[2m76 tests[22m[2m)[22m[33m 1711[2mms[22m[39m
       [33m[2m✓[22m[39m returns cached credentials path on second call [33m 478[2mms[22m[39m
 [32m✓[39m src/components/landing/Hero-coverage.test.tsx [2m([22m[2m52 tests[22m[2m)[22m[33m 1239[2mms[22m[39m
 [32m✓[39m src/components/admin/tabs/TranslationsTab.test.tsx [2m([22m[2m30 tests[22m[2m)[22m[33m 1043[2mms[22m[39m
 [32m✓[39m src/components/admin/tabs/settings/GenericSettingsPanel.test.tsx [2m([22m[2m13 tests[22m[2m)[22m[33m 567[2mms[22m[39m
 [32m✓[39m server/__tests__/ai-ocr-coverage.test.ts [2m([22m[2m77 tests[22m[2m)[22m[33m 1413[2mms[22m[39m
       [33m[2m✓[22m[39m returns generic timeout message in production [33m 442[2mms[22m[39m
 [32m✓[39m src/components/admin/tabs/ExtractionHealthTab.test.tsx [2m([22m[2m26 tests[22m[2m)[22m[33m 914[2mms[22m[39m
[90mstdout[2m | server/__tests__/settings-routes-crud-operations.test.ts[2m > [22m[2mSettings Routes — CRUD Operations[2m > [22m[2mPUT /:category/:key[2m > [22m[2mreturns 404 when setting does not exist (fetch error)
[22m[39m[DEBUG EXACT TEST] existing: [1mnull[22m fetchError: { message: [32m'no rows'[39m }

[90mstdout[2m | server/__tests__/settings-routes-crud-operations.test.ts[2m > [22m[2mSettings Routes — CRUD Operations[2m > [22m[2mPUT /:category/:key[2m > [22m[2mreturns 404 when setting does not exist (null fetch data)
[22m[39m[DEBUG EXACT TEST] existing: [1mnull[22m fetchError: [1mnull[22m

[90mstdout[2m | server/__tests__/settings-routes-crud-operations.test.ts[2m > [22m[2mSettings Routes — CRUD Operations[2m > [22m[2mPUT /:category/:key[2m > [22m[2mreturns 403 when setting is read-only
[22m[39m[DEBUG EXACT TEST] existing: {
  id: [32m'set-1'[39m,
  category: [32m'ai'[39m,
  key: [32m'readonly_key'[39m,
  value: [32m'fixed'[39m,
  is_readonly: [33mtrue[39m,
  min_value: [1mnull[22m,
  max_value: [1mnull[22m,
  allowed_values: [1mnull[22m
} fetchError: [1mnull[22m

[90mstdout[2m | server/__tests__/settings-routes-crud-operations.test.ts[2m > [22m[2mSettings Routes — CRUD Operations[2m > [22m[2mPUT /:category/:key[2m > [22m[2mreturns 400 when numeric value is below min_value
[22m[39m[DEBUG EXACT TEST] existing: {
  id: [32m'set-1'[39m,
  category: [32m'ai'[39m,
  key: [32m'temperature'[39m,
  value: [33m0.5[39m,
  is_readonly: [33mfalse[39m,
  min_value: [33m0[39m,
  max_value: [33m2[39m,
  allowed_values: [1mnull[22m
} fetchError: [1mnull[22m

[90mstdout[2m | server/__tests__/settings-routes-crud-operations.test.ts[2m > [22m[2mSettings Routes — CRUD Operations[2m > [22m[2mPUT /:category/:key[2m > [22m[2mreturns 400 when numeric value is above max_value
[22m[39m[DEBUG EXACT TEST] existing: {
  id: [32m'set-1'[39m,
  category: [32m'ai'[39m,
  key: [32m'temperature'[39m,
  value: [33m0.5[39m,
  is_readonly: [33mfalse[39m,
  min_value: [33m0[39m,
  max_value: [33m2[39m,
  allowed_values: [1mnull[22m
} fetchError: [1mnull[22m

[90mstdout[2m | server/__tests__/settings-routes-crud-operations.test.ts[2m > [22m[2mSettings Routes — CRUD Operations[2m > [22m[2mPUT /:category/:key[2m > [22m[2mreturns 400 when value not in allowed_values
[22m[39m[DEBUG EXACT TEST] existing: {
  id: [32m'set-1'[39m,
  category: [32m'ai'[39m,
  key: [32m'provider'[39m,
  value: [32m'openai'[39m,
  is_readonly: [33mfalse[39m,
  min_value: [1mnull[22m,
  max_value: [1mnull[22m,
  allowed_values: [ [32m'openai'[39m, [32m'anthropic'[39m ]
} fetchError: [1mnull[22m

[90mstdout[2m | server/__tests__/settings-routes-crud-operations.test.ts[2m > [22m[2mSettings Routes — CRUD Operations[2m > [22m[2mPUT /:category/:key[2m > [22m[2mreturns 500 when update query fails
[22m[39m[DEBUG EXACT TEST] existing: {
  id: [32m'set-1'[39m,
  category: [32m'ai'[39m,
  key: [32m'temperature'[39m,
  value: [33m0.5[39m,
  is_readonly: [33mfalse[39m,
  min_value: [1mnull[22m,
  max_value: [1mnull[22m,
  allowed_values: [1mnull[22m
} fetchError: [1mnull[22m

[90mstdout[2m | server/__tests__/settings-routes-crud-operations.test.ts[2m > [22m[2mSettings Routes — CRUD Operations[2m > [22m[2mPUT /:category/:key[2m > [22m[2mreturns 200 on successful update without reason
[22m[39m[DEBUG EXACT TEST] existing: {
  id: [32m'set-1'[39m,
  category: [32m'ai'[39m,
  key: [32m'temperature'[39m,
  value: [33m0.5[39m,
  is_readonly: [33mfalse[39m,
  min_value: [33m0[39m,
  max_value: [33m2[39m,
  allowed_values: [1mnull[22m
} fetchError: [1mnull[22m

[90mstdout[2m | server/__tests__/settings-routes-crud-operations.test.ts[2m > [22m[2mSettings Routes — CRUD Operations[2m > [22m[2mPUT /:category/:key[2m > [22m[2minserts audit log row when reason is provided
[22m[39m[DEBUG EXACT TEST] existing: {
  id: [32m'set-1'[39m,
  category: [32m'evaluation'[39m,
  key: [32m'weight_coverage'[39m,
  value: [33m30[39m,
  is_readonly: [33mfalse[39m,
  min_value: [33m0[39m,
  max_value: [33m100[39m,
  allowed_values: [1mnull[22m
} fetchError: [1mnull[22m

[90mstdout[2m | server/__tests__/settings-routes-crud-operations.test.ts[2m > [22m[2mSettings Routes — CRUD Operations[2m > [22m[2mPUT /:category/:key[2m > [22m[2mfires webhook on successful update
[22m[39m[DEBUG EXACT TEST] existing: {
  id: [32m'set-1'[39m,
  category: [32m'ai'[39m,
  key: [32m'max_tokens'[39m,
  value: [33m4096[39m,
  is_readonly: [33mfalse[39m,
  min_value: [1mnull[22m,
  max_value: [1mnull[22m,
  allowed_values: [1mnull[22m
} fetchError: [1mnull[22m

[90mstdout[2m | server/__tests__/settings-routes-crud-operations.test.ts[2m > [22m[2mSettings Routes — CRUD Operations[2m > [22m[2mPUT /:category/:key[2m > [22m[2mcontinues normally when webhook rejects
[22m[39m[DEBUG EXACT TEST] existing: {
  id: [32m'set-1'[39m,
  category: [32m'ai'[39m,
  key: [32m'temperature'[39m,
  value: [33m0.1[39m,
  is_readonly: [33mfalse[39m,
  min_value: [1mnull[22m,
  max_value: [1mnull[22m,
  allowed_values: [1mnull[22m
} fetchError: [1mnull[22m

[90mstdout[2m | server/__tests__/settings-routes-crud-operations.test.ts[2m > [22m[2mSettings Routes — CRUD Operations[2m > [22m[2mPUT /:category/:key[2m > [22m[2mskips min_value check for non-numeric values
[22m[39m[DEBUG EXACT TEST] existing: {
  id: [32m'set-1'[39m,
  category: [32m'ai'[39m,
  key: [32m'provider'[39m,
  value: [32m'openai'[39m,
  is_readonly: [33mfalse[39m,
  min_value: [33m0[39m,
  max_value: [1mnull[22m,
  allowed_values: [1mnull[22m
} fetchError: [1mnull[22m

[90mstdout[2m | server/__tests__/settings-routes-crud-operations.test.ts[2m > [22m[2mSettings Routes — CRUD Operations[2m > [22m[2mPUT /:category/:key[2m > [22m[2mskips max_value check for non-numeric values
[22m[39m[DEBUG EXACT TEST] existing: {
  id: [32m'set-1'[39m,
  category: [32m'ai'[39m,
  key: [32m'model'[39m,
  value: [32m'gpt-4o'[39m,
  is_readonly: [33mfalse[39m,
  min_value: [1mnull[22m,
  max_value: [33m100[39m,
  allowed_values: [1mnull[22m
} fetchError: [1mnull[22m

[90mstdout[2m | server/__tests__/settings-routes-crud-operations.test.ts[2m > [22m[2mSettings Routes — CRUD Operations[2m > [22m[2mPUT /:category/:key[2m > [22m[2mvalue within allowed_values passes validation
[22m[39m[DEBUG EXACT TEST] existing: {
  id: [32m'set-1'[39m,
  category: [32m'ai'[39m,
  key: [32m'provider'[39m,
  value: [32m'openai'[39m,
  is_readonly: [33mfalse[39m,
  min_value: [1mnull[22m,
  max_value: [1mnull[22m,
  allowed_values: [ [32m'openai'[39m, [32m'anthropic'[39m ]
} fetchError: [1mnull[22m

[90mstdout[2m | server/__tests__/settings-routes-crud-operations.test.ts[2m > [22m[2mSettings Routes — CRUD Operations[2m > [22m[2mPUT /:category/:key[2m > [22m[2maccepts null value field (updateSettingSchema accepts unknown)
[22m[39m[DEBUG EXACT TEST] existing: {
  id: [32m'set-1'[39m,
  category: [32m'ui'[39m,
  key: [32m'theme'[39m,
  value: [32m'light'[39m,
  is_readonly: [33mfalse[39m,
  min_value: [1mnull[22m,
  max_value: [1mnull[22m,
  allowed_values: [1mnull[22m
} fetchError: [1mnull[22m

 [32m✓[39m server/__tests__/settings-routes-crud-operations.test.ts [2m([22m[2m78 tests[22m[2m)[22m[33m 749[2mms[22m[39m
 [32m✓[39m src/components/admin/tabs/SettingsTab.test.tsx [2m([22m[2m12 tests[22m[2m)[22m[33m 879[2mms[22m[39m
 [32m✓[39m src/components/AuthPage-coverage.test.tsx [2m([22m[2m29 tests[22m[2m)[22m[33m 1443[2mms[22m[39m
 [32m✓[39m src/components/PolicyChat-coverage.test.tsx [2m([22m[2m37 tests[22m[2m)[22m[33m 1012[2mms[22m[39m
[90mstdout[2m | src/components/MyAccount.test.tsx
[22m[39m🔧 InsurAI Environment
  Configuration: {
    mode: [32m'development'[39m,
    storage: [32m'cloud'[39m,
    ai: [32m'proxy'[39m,
    proxy: [32m'http://localhost:4001'[39m
  }
  Warnings:
  [INFO] API proxy configured at http://localhost:4001
    → Make sure backend server is running: npm run dev:server

 [32m✓[39m src/components/MyAccount.test.tsx [2m([22m[2m24 tests[22m[2m)[22m[33m 1064[2mms[22m[39m
 [32m✓[39m src/lib/i18n/i18n-context.test.tsx [2m([22m[2m46 tests[22m[2m)[22m[33m 1153[2mms[22m[39m
 [32m✓[39m src/hooks/usePolicyComparison.test.ts [2m([22m[2m66 tests[22m[2m)[22m[33m 1169[2mms[22m[39m
[90mstdout[2m | src/__tests__/reviewer-safety-hardening.test.ts[2m > [22m[2mSection 5: KASKO coverage contradiction[2m > [22m[2mhasKaskoBaseCoverage suppresses implicit coverage gap warnings
[22m[39m🔧 InsurAI Environment
  Configuration: {
    mode: [32m'development'[39m,
    storage: [32m'cloud'[39m,
    ai: [32m'proxy'[39m,
    proxy: [32m'http://localhost:4001'[39m
  }
  Warnings:
  [INFO] API proxy configured at http://localhost:4001
    → Make sure backend server is running: npm run dev:server

 [32m✓[39m src/__tests__/reviewer-safety-hardening.test.ts [2m([22m[2m57 tests[22m[2m)[22m[33m 1759[2mms[22m[39m
     [33m[2m✓[22m[39m hasKaskoBaseCoverage suppresses implicit coverage gap warnings [33m 1672[2mms[22m[39m
 [32m✓[39m src/components/admin/tabs/settings/SettingsExportImport.test.tsx [2m([22m[2m15 tests[22m[2m)[22m[33m 944[2mms[22m[39m
[90mstdout[2m | src/__tests__/integration/dependencies.test.ts[2m > [22m[2mCDN Resource Availability[2m > [22m[2mshould use a PDF.js version available on CDN
[22m[39m📦 PDF.js version: 5.4.624

 [32m✓[39m src/__tests__/integration/dependencies.test.ts [2m([22m[2m14 tests[22m[2m)[22m[33m 1176[2mms[22m[39m
       [33m[2m✓[22m[39m should have Sentry React SDK installed [33m 502[2mms[22m[39m
 [32m✓[39m src/lib/policy-context.test.tsx [2m([22m[2m30 tests[22m[2m)[22m[33m 697[2mms[22m[39m
 [32m✓[39m src/hooks/useCostTracking.test.ts [2m([22m[2m19 tests[22m[2m)[22m[33m 952[2mms[22m[39m
 [32m✓[39m src/components/admin/tabs/settings/SettingsTemplatesPanel.test.tsx [2m([22m[2m13 tests[22m[2m)[22m[33m 750[2mms[22m[39m
[90mstdout[2m | server/__tests__/chat-routes.test.ts[2m > [22m[2mChat Routes[2m > [22m[2mPOST /api/ai/chat[2m > [22m[2msuccessfully calls OpenAI provider
[22m[39m[PromptService] Using fallback prompt {"name":"Policy Chat Assistant"}

[90mstdout[2m | server/__tests__/chat-routes.test.ts[2m > [22m[2mChat Routes[2m > [22m[2mPOST /api/ai/chat[2m > [22m[2msuccessfully calls OpenAI provider
[22m[39m[AI] Using chat prompt template {"template":"Policy Chat Assistant","version":1}

[90mstdout[2m | server/__tests__/chat-routes.test.ts[2m > [22m[2mChat Routes[2m > [22m[2mPOST /api/ai/chat[2m > [22m[2msuccessfully calls Anthropic provider
[22m[39m[PromptService] Using fallback prompt {"name":"Policy Chat Assistant"}

[90mstdout[2m | server/__tests__/chat-routes.test.ts[2m > [22m[2mChat Routes[2m > [22m[2mPOST /api/ai/chat[2m > [22m[2msuccessfully calls Anthropic provider
[22m[39m[AI] Using chat prompt template {"template":"Policy Chat Assistant","version":1}

[90mstdout[2m | server/__tests__/chat-routes.test.ts[2m > [22m[2mChat Routes[2m > [22m[2mPOST /api/ai/chat[2m > [22m[2mincludes conversation history in OpenAI request
[22m[39m[PromptService] Using fallback prompt {"name":"Policy Chat Assistant"}

[90mstdout[2m | server/__tests__/chat-routes.test.ts[2m > [22m[2mChat Routes[2m > [22m[2mPOST /api/ai/chat[2m > [22m[2mincludes conversation history in OpenAI request
[22m[39m[AI] Using chat prompt template {"template":"Policy Chat Assistant","version":1}

[90mstdout[2m | server/__tests__/chat-routes.test.ts[2m > [22m[2mChat Routes[2m > [22m[2mPOST /api/ai/chat[2m > [22m[2mincludes policy context in system prompt
[22m[39m[PromptService] Using fallback prompt {"name":"Policy Chat Assistant"}

[90mstdout[2m | server/__tests__/chat-routes.test.ts[2m > [22m[2mChat Routes[2m > [22m[2mPOST /api/ai/chat[2m > [22m[2mincludes policy context in system prompt
[22m[39m[AI] Using chat prompt template {"template":"Policy Chat Assistant","version":1}

[90mstdout[2m | server/__tests__/chat-routes.test.ts[2m > [22m[2mChat Routes[2m > [22m[2mPOST /api/ai/chat[2m > [22m[2mhandles OpenAI API errors gracefully
[22m[39m[PromptService] Using fallback prompt {"name":"Policy Chat Assistant"}

[90mstdout[2m | server/__tests__/chat-routes.test.ts[2m > [22m[2mChat Routes[2m > [22m[2mPOST /api/ai/chat[2m > [22m[2mhandles OpenAI API errors gracefully
[22m[39m[AI] Using chat prompt template {"template":"Policy Chat Assistant","version":1}

[90mstdout[2m | server/__tests__/chat-routes.test.ts[2m > [22m[2mChat Routes[2m > [22m[2mPOST /api/ai/chat[2m > [22m[2mhandles OpenAI API errors gracefully
[22m[39m[AI] Chat failed {"timestamp":"2026-03-23T16:51:43.195Z","provider":"openai","errorType":"Error","message":"OpenAI API error"}

[90mstdout[2m | server/__tests__/chat-routes.test.ts[2m > [22m[2mChat Routes[2m > [22m[2mPOST /api/ai/chat[2m > [22m[2mhandles Anthropic API errors gracefully
[22m[39m[PromptService] Using fallback prompt {"name":"Policy Chat Assistant"}

[90mstdout[2m | server/__tests__/chat-routes.test.ts[2m > [22m[2mChat Routes[2m > [22m[2mPOST /api/ai/chat[2m > [22m[2mhandles Anthropic API errors gracefully
[22m[39m[AI] Using chat prompt template {"template":"Policy Chat Assistant","version":1}

[90mstdout[2m | server/__tests__/chat-routes.test.ts[2m > [22m[2mChat Routes[2m > [22m[2mPOST /api/ai/chat[2m > [22m[2mhandles Anthropic API errors gracefully
[22m[39m[AI] Chat failed {"timestamp":"2026-03-23T16:51:43.212Z","provider":"anthropic","errorType":"Error","message":"Anthropic API error"}

[90mstdout[2m | server/__tests__/chat-routes.test.ts[2m > [22m[2mChat Routes[2m > [22m[2mPOST /api/ai/chat[2m > [22m[2mhandles rate limit errors
[22m[39m[PromptService] Using fallback prompt {"name":"Policy Chat Assistant"}

[90mstdout[2m | server/__tests__/chat-routes.test.ts[2m > [22m[2mChat Routes[2m > [22m[2mPOST /api/ai/chat[2m > [22m[2mhandles rate limit errors
[22m[39m[AI] Using chat prompt template {"template":"Policy Chat Assistant","version":1}

[90mstdout[2m | server/__tests__/chat-routes.test.ts[2m > [22m[2mChat Routes[2m > [22m[2mPOST /api/ai/chat[2m > [22m[2mhandles rate limit errors
[22m[39m[AI] Chat failed {"timestamp":"2026-03-23T16:51:43.230Z","provider":"openai","errorType":"Error","message":"429 rate_limit exceeded"}

[90mstdout[2m | server/__tests__/chat-routes.test.ts[2m > [22m[2mChat Routes[2m > [22m[2mPOST /api/ai/chat[2m > [22m[2mhandles authentication errors
[22m[39m[PromptService] Using fallback prompt {"name":"Policy Chat Assistant"}

[90mstdout[2m | server/__tests__/chat-routes.test.ts[2m > [22m[2mChat Routes[2m > [22m[2mPOST /api/ai/chat[2m > [22m[2mhandles authentication errors
[22m[39m[AI] Using chat prompt template {"template":"Policy Chat Assistant","version":1}

[90mstdout[2m | server/__tests__/chat-routes.test.ts[2m > [22m[2mChat Routes[2m > [22m[2mPOST /api/ai/chat[2m > [22m[2mhandles authentication errors
[22m[39m[AI] Chat failed {"timestamp":"2026-03-23T16:51:43.249Z","provider":"openai","errorType":"Error","message":"401 Invalid API key"}

[90mstdout[2m | server/__tests__/chat-routes.test.ts[2m > [22m[2mChat Routes[2m > [22m[2mPOST /api/ai/chat[2m > [22m[2mreturns 500 for empty OpenAI response
[22m[39m[PromptService] Using fallback prompt {"name":"Policy Chat Assistant"}

[90mstdout[2m | server/__tests__/chat-routes.test.ts[2m > [22m[2mChat Routes[2m > [22m[2mPOST /api/ai/chat[2m > [22m[2mreturns 500 for empty OpenAI response
[22m[39m[AI] Using chat prompt template {"template":"Policy Chat Assistant","version":1}

[90mstdout[2m | server/__tests__/chat-routes.test.ts[2m > [22m[2mChat Routes[2m > [22m[2mPOST /api/ai/chat[2m > [22m[2mreturns 500 for empty Anthropic response
[22m[39m[PromptService] Using fallback prompt {"name":"Policy Chat Assistant"}

[90mstdout[2m | server/__tests__/chat-routes.test.ts[2m > [22m[2mChat Routes[2m > [22m[2mPOST /api/ai/chat[2m > [22m[2mreturns 500 for empty Anthropic response
[22m[39m[AI] Using chat prompt template {"template":"Policy Chat Assistant","version":1}

[90mstdout[2m | server/__tests__/chat-routes.test.ts[2m > [22m[2mChat Routes[2m > [22m[2mPOST /api/ai/chat[2m > [22m[2msanitizes message content
[22m[39m[PromptService] Using fallback prompt {"name":"Policy Chat Assistant"}

[90mstdout[2m | server/__tests__/chat-routes.test.ts[2m > [22m[2mChat Routes[2m > [22m[2mPOST /api/ai/chat[2m > [22m[2msanitizes message content
[22m[39m[AI] Using chat prompt template {"template":"Policy Chat Assistant","version":1}

[90mstdout[2m | server/__tests__/chat-routes.test.ts[2m > [22m[2mChat Routes[2m > [22m[2mPOST /api/ai/chat[2m > [22m[2mdefaults to openai provider when not specified
[22m[39m[PromptService] Using fallback prompt {"name":"Policy Chat Assistant"}

[90mstdout[2m | server/__tests__/chat-routes.test.ts[2m > [22m[2mChat Routes[2m > [22m[2mPOST /api/ai/chat[2m > [22m[2mdefaults to openai provider when not specified
[22m[39m[AI] Using chat prompt template {"template":"Policy Chat Assistant","version":1}

[90mstdout[2m | server/__tests__/chat-routes.test.ts[2m > [22m[2mChat Routes[2m > [22m[2mChat endpoint - provider fallback[2m > [22m[2mfalls back to anthropic when openai not configured
[22m[39m[PromptService] Using fallback prompt {"name":"Policy Chat Assistant"}

[90mstdout[2m | server/__tests__/chat-routes.test.ts[2m > [22m[2mChat Routes[2m > [22m[2mChat endpoint - provider fallback[2m > [22m[2mfalls back to anthropic when openai not configured
[22m[39m[AI] Using chat prompt template {"template":"Policy Chat Assistant","version":1}

 [32m✓[39m server/__tests__/chat-routes.test.ts [2m([22m[2m18 tests[22m[2m)[22m[33m 1125[2mms[22m[39m
       [33m[2m✓[22m[39m returns 400 for missing message [33m 766[2mms[22m[39m
 [32m✓[39m src/components/UnsubscribePage.test.tsx [2m([22m[2m16 tests[22m[2m)[22m[33m 737[2mms[22m[39m
 [32m✓[39m src/components/admin/tabs/UsersTab.test.tsx [2m([22m[2m15 tests[22m[2m)[22m[33m 666[2mms[22m[39m
 [32m✓[39m src/components/PolicyCard.test.tsx [2m([22m[2m49 tests[22m[2m)[22m[33m 615[2mms[22m[39m
[90mstdout[2m | src/components/HelpCenter.test.tsx
[22m[39m🔧 InsurAI Environment
  Configuration: {
    mode: [32m'development'[39m,
    storage: [32m'cloud'[39m,
    ai: [32m'proxy'[39m,
    proxy: [32m'http://localhost:4001'[39m
  }
  Warnings:
  [INFO] API proxy configured at http://localhost:4001
    → Make sure backend server is running: npm run dev:server

 [32m✓[39m src/components/HelpCenter.test.tsx [2m([22m[2m20 tests[22m[2m)[22m[33m 826[2mms[22m[39m
 [32m✓[39m src/components/ConflictResolutionDialog.test.tsx [2m([22m[2m44 tests[22m[2m)[22m[33m 541[2mms[22m[39m
 [32m✓[39m src/components/PolicyDocuments.test.tsx [2m([22m[2m32 tests[22m[2m)[22m[33m 647[2mms[22m[39m
 [32m✓[39m server/__tests__/webhook-service-branches.test.ts [2m([22m[2m63 tests[22m[2m)[22m[33m 656[2mms[22m[39m
 [32m✓[39m src/components/WelcomeOnboarding.test.tsx [2m([22m[2m19 tests[22m[2m)[22m[33m 723[2mms[22m[39m
 [32m✓[39m src/lib/privacy/data-subject-rights.test.ts [2m([22m[2m124 tests[22m[2m)[22m[33m 743[2mms[22m[39m
 [32m✓[39m src/hooks/useBackendHealth.test.ts [2m([22m[2m16 tests[22m[2m)[22m[33m 783[2mms[22m[39m
 [32m✓[39m server/__tests__/ai-extraction-routes-branches.test.ts [2m([22m[2m33 tests[22m[2m)[22m[33m 700[2mms[22m[39m
       [33m[2m✓[22m[39m classifies "overloaded" keyword as PROVIDER_OVERLOADED via diagnose [33m 425[2mms[22m[39m
 [32m✓[39m src/components/admin/tabs/settings/OCRSettingsPanel.test.tsx [2m([22m[2m13 tests[22m[2m)[22m[33m 638[2mms[22m[39m
 [32m✓[39m src/components/admin/tabs/settings/SettingsWebhooksPanel.test.tsx [2m([22m[2m12 tests[22m[2m)[22m[33m 745[2mms[22m[39m
 [32m✓[39m src/components/admin/tabs/settings/FeatureFlagsPanel.test.tsx [2m([22m[2m16 tests[22m[2m)[22m[33m 696[2mms[22m[39m
 [32m✓[39m src/lib/i18n/i18n-context-coverage.test.tsx [2m([22m[2m18 tests[22m[2m)[22m[33m 738[2mms[22m[39m
 [32m✓[39m server/__tests__/ai-chat-ocr-diagnose-logs.test.ts [2m([22m[2m14 tests[22m[2m)[22m[33m 536[2mms[22m[39m
       [33m[2m✓[22m[39m decodes base64 credentials, writes temp file, and returns temp path [33m 399[2mms[22m[39m
 [32m✓[39m src/hooks/usePolicyEvaluation.test.ts [2m([22m[2m37 tests[22m[2m)[22m[33m 644[2mms[22m[39m
 [32m✓[39m src/components/evaluation/CoverageMatrix.test.tsx [2m([22m[2m23 tests[22m[2m)[22m[33m 419[2mms[22m[39m
 [32m✓[39m src/components/ui/confirmation-dialog.test.tsx [2m([22m[2m24 tests[22m[2m)[22m[33m 667[2mms[22m[39m
 [32m✓[39m src/lib/gap-detection/analyzers/coverage-analyzer.test.ts [2m([22m[2m31 tests[22m[2m)[22m[33m 661[2mms[22m[39m
 [32m✓[39m server/__tests__/config-service-branches.test.ts [2m([22m[2m62 tests[22m[2m)[22m[33m 470[2mms[22m[39m
 [32m✓[39m src/components/admin/tabs/settings/MarketBenchmarksPanel.test.tsx [2m([22m[2m6 tests[22m[2m)[22m[33m 514[2mms[22m[39m
 [32m✓[39m src/lib/pipeline/ocr-cleanup-pipeline.test.ts [2m([22m[2m31 tests[22m[2m)[22m[33m 632[2mms[22m[39m
         [33m[2m✓[22m[39m should chunk large documents [33m 400[2mms[22m[39m
 [32m✓[39m src/components/admin/tabs/settings/AISettingsPanel.test.tsx [2m([22m[2m15 tests[22m[2m)[22m[33m 727[2mms[22m[39m
       [33m[2m✓[22m[39m should show Change button for model settings [33m 352[2mms[22m[39m
 [32m✓[39m server/__tests__/admin-monitoring-coverage.test.ts [2m([22m[2m66 tests[22m[2m)[22m[33m 629[2mms[22m[39m
       [33m[2m✓[22m[39m returns system metrics [33m 485[2mms[22m[39m
 [32m✓[39m src/hooks/__tests__/useUserPreferences.test.ts [2m([22m[2m12 tests[22m[2m)[22m[33m 672[2mms[22m[39m
 [32m✓[39m src/__tests__/integration/auth-flow.test.tsx [2m([22m[2m7 tests[22m[2m)[22m[33m 501[2mms[22m[39m
       [33m[2m✓[22m[39m should call signIn with correct credentials [33m 342[2mms[22m[39m
 [32m✓[39m src/components/admin/tabs/settings/ConfigPerformancePanel.test.tsx [2m([22m[2m11 tests[22m[2m)[22m[33m 565[2mms[22m[39m
[90mstdout[2m | src/lib/library-branches.test.tsx[2m > [22m[2mPerformance branch coverage[2m > [22m[2mshould return millisecond unit for non-CLS metrics
[22m[39m✅ test.unit: test - 0ms (ok)

[90mstdout[2m | src/lib/library-branches.test.tsx[2m > [22m[2mPerformance branch coverage[2m > [22m[2mshould report poor FCP recommendation in summary
[22m[39m📊 Core Web Vitals monitoring initialized

[90mstdout[2m | src/lib/library-branches.test.tsx[2m > [22m[2mPerformance branch coverage[2m > [22m[2mshould report poor FCP recommendation in summary
[22m[39m🔴 FCP: 5000.00 (poor)

[90mstdout[2m | src/lib/library-branches.test.tsx[2m > [22m[2mPerformance branch coverage[2m > [22m[2mshould handle transaction with error status and data
[22m[39m❌ error.op: Error Operation - 0ms (error)

[90mstdout[2m | src/lib/library-branches.test.tsx[2m > [22m[2mPerformance branch coverage[2m > [22m[2mshould handle measureAsync error path correctly
[22m[39m❌ test.async: Test - 1ms (error)

[90mstdout[2m | src/lib/library-branches.test.tsx[2m > [22m[2mPerformance branch coverage[2m > [22m[2mshould handle measureSync error path correctly
[22m[39m❌ test.sync: Test - 0ms (error)

[90mstdout[2m | src/lib/library-branches.test.tsx[2m > [22m[2mPerformance branch coverage[2m > [22m[2mshould record multiple metrics and reflect in summary
[22m[39m📊 Core Web Vitals monitoring initialized

[90mstdout[2m | src/lib/library-branches.test.tsx[2m > [22m[2mPerformance branch coverage[2m > [22m[2mshould record multiple metrics and reflect in summary
[22m[39m🟡 LCP: 3000.00 (needs-improvement)
🟡 CLS: 0.15 (needs-improvement)
🟡 INP: 300.00 (needs-improvement)
🟡 TTFB: 1200.00 (needs-improvement)
🟡 FCP: 2500.00 (needs-improvement)

 [32m✓[39m src/lib/library-branches.test.tsx [2m([22m[2m67 tests[22m[2m)[22m[33m 706[2mms[22m[39m
[90mstdout[2m | src/components/admin/tabs/settings/EvaluationSettingsPanel.test.tsx
[22m[39m🔧 InsurAI Environment
  Configuration: {
    mode: [32m'development'[39m,
    storage: [32m'cloud'[39m,
    ai: [32m'proxy'[39m,
    proxy: [32m'http://localhost:4001'[39m
  }
  Warnings:
  [INFO] API proxy configured at http://localhost:4001
    → Make sure backend server is running: npm run dev:server

 [32m✓[39m src/components/admin/tabs/settings/EvaluationSettingsPanel.test.tsx [2m([22m[2m11 tests[22m[2m)[22m[33m 1149[2mms[22m[39m
       [33m[2m✓[22m[39m should show Edit Weights button [33m 398[2mms[22m[39m
[90mstdout[2m | src/lib/ai/text-processor.test.ts
[22m[39m🔧 InsurAI Environment
  Configuration: {
    mode: [32m'development'[39m,
    storage: [32m'cloud'[39m,
    ai: [32m'proxy'[39m,
    proxy: [32m'http://localhost:4001'[39m
  }
  Warnings:
  [INFO] API proxy configured at http://localhost:4001
    → Make sure backend server is running: npm run dev:server

 [32m✓[39m src/lib/ai/text-processor.test.ts [2m([22m[2m321 tests[22m[2m)[22m[33m 318[2mms[22m[39m
 [32m✓[39m server/__tests__/cost-control-coverage.test.ts [2m([22m[2m52 tests[22m[2m)[22m[33m 449[2mms[22m[39m
 [32m✓[39m src/components/landing/FAQ.test.tsx [2m([22m[2m21 tests[22m[2m)[22m[33m 421[2mms[22m[39m
 [32m✓[39m server/__tests__/email-routes.test.ts [2m([22m[2m71 tests[22m[2m)[22m[33m 361[2mms[22m[39m
 [32m✓[39m src/lib/policy-evaluation/__tests__/service.test.ts [2m([22m[2m45 tests[22m[2m)[22m[32m 205[2mms[22m[39m
 [32m✓[39m server/__tests__/webhook-service.test.ts [2m([22m[2m49 tests[22m[2m)[22m[33m 386[2mms[22m[39m
 [32m✓[39m src/components/admin/tabs/settings/RateLimitsPanel.test.tsx [2m([22m[2m10 tests[22m[2m)[22m[33m 698[2mms[22m[39m
 [32m✓[39m src/components/admin/tabs/settings/ConfigDriftPanel.test.tsx [2m([22m[2m9 tests[22m[2m)[22m[33m 391[2mms[22m[39m
 [32m✓[39m src/components/admin/tabs/BenchmarksTab.test.tsx [2m([22m[2m4 tests[22m[2m)[22m[33m 547[2mms[22m[39m
     [33m[2m✓[22m[39m opens add benchmark form [33m 307[2mms[22m[39m
[90mstdout[2m | src/lib/ai/policy-extractor.test.ts
[22m[39m🔧 InsurAI Environment
  Configuration: {
    mode: [32m'development'[39m,
    storage: [32m'cloud'[39m,
    ai: [32m'proxy'[39m,
    proxy: [32m'http://localhost:4001'[39m
  }
  Warnings:
  [INFO] API proxy configured at http://localhost:4001
    → Make sure backend server is running: npm run dev:server

 [32m✓[39m src/lib/ai/policy-extractor.test.ts [2m([22m[2m76 tests[22m[2m)[22m[32m 256[2mms[22m[39m
 [32m✓[39m src/lib/gap-detection/gap-detection-branches.test.ts [2m([22m[2m139 tests[22m[2m)[22m[33m 679[2mms[22m[39m
 [32m✓[39m src/lib/policy-evaluation/__tests__/comparator.test.ts [2m([22m[2m55 tests[22m[2m)[22m[33m 429[2mms[22m[39m
 [32m✓[39m src/lib/gap-detection/__tests__/all-analyzers-branches.test.ts [2m([22m[2m87 tests[22m[2m)[22m[33m 557[2mms[22m[39m
 [32m✓[39m src/lib/pipeline/document-chunker.branches.test.ts [2m([22m[2m83 tests[22m[2m)[22m[33m 580[2mms[22m[39m
       [33m[2m✓[22m[39m round-trips a multi-chunk document through sanitize and merge [33m 526[2mms[22m[39m
 [32m✓[39m src/components/admin/tabs/settings/RetentionSettingsPanel.test.tsx [2m([22m[2m6 tests[22m[2m)[22m[33m 407[2mms[22m[39m
 [32m✓[39m src/components/landing/Testimonials.test.tsx [2m([22m[2m9 tests[22m[2m)[22m[32m 249[2mms[22m[39m
 [32m✓[39m server/__tests__/fx-routes.test.ts [2m([22m[2m27 tests[22m[2m)[22m[33m 857[2mms[22m[39m
 [32m✓[39m src/components/evaluation/RecommendationCard.test.tsx [2m([22m[2m33 tests[22m[2m)[22m[33m 371[2mms[22m[39m
 [32m✓[39m src/components/__tests__/UserPreferencesPanel.test.tsx [2m([22m[2m14 tests[22m[2m)[22m[33m 403[2mms[22m[39m
 [32m✓[39m src/components/evaluation/WinnerBadge-coverage.test.tsx [2m([22m[2m39 tests[22m[2m)[22m[33m 358[2mms[22m[39m
 [32m✓[39m src/hooks/useLazySection.test.tsx [2m([22m[2m15 tests[22m[2m)[22m[32m 211[2mms[22m[39m
 [32m✓[39m src/lib/supabase/auth-context.test.tsx [2m([22m[2m8 tests[22m[2m)[22m[32m 263[2mms[22m[39m
 [32m✓[39m src/components/admin/tabs/settings/MonitoringAlertsPanel.test.tsx [2m([22m[2m6 tests[22m[2m)[22m[33m 359[2mms[22m[39m
 [32m✓[39m src/hooks/useTrialTransfer.test.ts [2m([22m[2m24 tests[22m[2m)[22m[33m 432[2mms[22m[39m
 [32m✓[39m src/__tests__/integration/navigation-flow.test.tsx [2m([22m[2m9 tests[22m[2m)[22m[33m 364[2mms[22m[39m
 [32m✓[39m src/components/NotFound.test.tsx [2m([22m[2m15 tests[22m[2m)[22m[32m 299[2mms[22m[39m
 [32m✓[39m src/components/evaluation/GradeBadge-coverage.test.tsx [2m([22m[2m34 tests[22m[2m)[22m[33m 350[2mms[22m[39m
 [32m✓[39m server/__tests__/admin-operations-branches.test.ts [2m([22m[2m109 tests[22m[2m)[22m[32m 243[2mms[22m[39m
 [32m✓[39m src/components/evaluation/ComparisonTable.test.tsx [2m([22m[2m24 tests[22m[2m)[22m[33m 327[2mms[22m[39m
 [32m✓[39m src/lib/gap-detection/engine.test.ts [2m([22m[2m33 tests[22m[2m)[22m[33m 382[2mms[22m[39m
 [31m❯[39m src/lib/export.test.ts [2m([22m[2m54 tests[22m[2m | [22m[31m1 failed[39m[2m)[22m[33m 618[2mms[22m[39m
       [32m✓[39m should export policies to CSV[32m 23[2mms[22m[39m
       [32m✓[39m should create blob with correct MIME type[32m 2[2mms[22m[39m
       [32m✓[39m should include BOM for Excel compatibility[32m 1[2mms[22m[39m
       [32m✓[39m should use custom filename when provided[32m 1[2mms[22m[39m
       [32m✓[39m should handle empty policies array[32m 1[2mms[22m[39m
       [32m✓[39m should escape CSV values with commas[32m 1[2mms[22m[39m
       [32m✓[39m should escape CSV values with quotes[32m 1[2mms[22m[39m
       [32m✓[39m should include all policy fields in CSV[32m 1[2mms[22m[39m
       [32m✓[39m should handle null/undefined values[32m 1[2mms[22m[39m
       [33m[2m✓[22m[39m should be an async function that resolves without error [33m 438[2mms[22m[39m
       [32m✓[39m should accept custom filename without error[32m 8[2mms[22m[39m
       [32m✓[39m should open print window for single policy[32m 5[2mms[22m[39m
       [32m✓[39m should write HTML content to print window[32m 2[2mms[22m[39m
       [32m✓[39m should include policy details in HTML[32m 2[2mms[22m[39m
       [32m✓[39m should include coverages in HTML[32m 2[2mms[22m[39m
       [32m✓[39m should include AI insights in HTML[32m 2[2mms[22m[39m
       [32m✓[39m should trigger print when window loads[32m 2[2mms[22m[39m
       [32m✓[39m should alert if popup is blocked[32m 2[2mms[22m[39m
       [32m✓[39m should handle policy without location[32m 2[2mms[22m[39m
       [32m✓[39m should handle policy without coverages[32m 2[2mms[22m[39m
       [32m✓[39m should handle policy without AI insights[32m 2[2mms[22m[39m
       [32m✓[39m should open print window for multiple policies[32m 4[2mms[22m[39m
       [32m✓[39m should include title in HTML[32m 2[2mms[22m[39m
       [32m✓[39m should include statistics in HTML[32m 3[2mms[22m[39m
       [32m✓[39m should include policy table in HTML[32m 2[2mms[22m[39m
       [32m✓[39m should trigger print when window loads[32m 2[2mms[22m[39m
       [32m✓[39m should alert if popup is blocked[32m 2[2mms[22m[39m
       [32m✓[39m should handle empty policies array[32m 0[2mms[22m[39m
[31m       [31m×[31m should use default title when not provided[39m[32m 29[2mms[22m[39m
     [32m✓[39m should include headers in CSV[32m 1[2mms[22m[39m
     [32m✓[39m should create a downloadable CSV file[32m 5[2mms[22m[39m
     [32m✓[39m should include BOM for Excel compatibility[32m 2[2mms[22m[39m
     [32m✓[39m should use sanitized policy number in filename[32m 2[2mms[22m[39m
     [32m✓[39m should include all 4 sections with Turkish headers by default[32m 2[2mms[22m[39m
     [32m✓[39m should include English section headers when locale is en[32m 2[2mms[22m[39m
     [32m✓[39m should include policy info rows in Turkish[32m 2[2mms[22m[39m
     [32m✓[39m should include policy info rows in English[32m 2[2mms[22m[39m
     [32m✓[39m should include coverage rows with name, limit, deductible, included[32m 2[2mms[22m[39m
     [32m✓[39m should show "Unlimited" for unlimited coverages in English[32m 2[2mms[22m[39m
     [32m✓[39m should show "Sınırsız" for unlimited coverages in Turkish[32m 3[2mms[22m[39m
     [32m✓[39m should show "Market Value" for market value coverages in English[32m 3[2mms[22m[39m
     [32m✓[39m should show "Rayiç Değer" for market value coverages in Turkish[32m 2[2mms[22m[39m
     [32m✓[39m should include exclusions[32m 2[2mms[22m[39m
     [32m✓[39m should include AI insights[32m 1[2mms[22m[39m
     [32m✓[39m should use aiInsightsTr for Turkish locale when available[32m 1[2mms[22m[39m
     [32m✓[39m should handle empty coverages array[32m 1[2mms[22m[39m
     [32m✓[39m should handle empty exclusions array[32m 2[2mms[22m[39m
     [32m✓[39m should handle empty AI insights array[32m 2[2mms[22m[39m
     [32m✓[39m should escape CSV values containing commas[32m 2[2mms[22m[39m
     [32m✓[39m should escape CSV values containing quotes[32m 2[2mms[22m[39m
     [32m✓[39m should show "Hayır" / "No" for non-included coverages[32m 5[2mms[22m[39m
     [32m✓[39m should have correct MIME type[32m 10[2mms[22m[39m
     [32m✓[39m should default to Turkish locale[32m 3[2mms[22m[39m
     [32m✓[39m should handle missing optional fields gracefully[32m 6[2mms[22m[39m
 [32m✓[39m server/__tests__/admin-prompts-branches.test.ts [2m([22m[2m141 tests[22m[2m)[22m[32m 297[2mms[22m[39m
 [32m✓[39m src/lib/ai/pdf-parser.test.ts [2m([22m[2m102 tests[22m[2m)[22m[32m 166[2mms[22m[39m
 [32m✓[39m src/components/notifications/PushNotificationPrompt.test.tsx [2m([22m[2m27 tests[22m[2m)[22m[32m 264[2mms[22m[39m
 [32m✓[39m src/lib/security/security-branches.test.ts [2m([22m[2m135 tests[22m[2m)[22m[32m 221[2mms[22m[39m
 [32m✓[39m server/__tests__/rate-limit.test.ts [2m([22m[2m27 tests[22m[2m)[22m[32m 254[2mms[22m[39m
 [32m✓[39m src/components/landing/Footer.test.tsx [2m([22m[2m23 tests[22m[2m)[22m[32m 201[2mms[22m[39m
 [32m✓[39m src/components/PolicyDiffViewer.test.tsx [2m([22m[2m28 tests[22m[2m)[22m[32m 158[2mms[22m[39m
 [32m✓[39m server/__tests__/admin-db-branches.test.ts [2m([22m[2m108 tests[22m[2m)[22m[32m 143[2mms[22m[39m
 [32m✓[39m server/__tests__/rate-limit-coverage.test.ts [2m([22m[2m24 tests[22m[2m)[22m[32m 254[2mms[22m[39m
 [32m✓[39m src/components/ErrorBoundary.test.tsx [2m([22m[2m21 tests[22m[2m)[22m[33m 338[2mms[22m[39m
 [32m✓[39m server/__tests__/settings-routes-export-import.test.ts [2m([22m[2m60 tests[22m[2m)[22m[32m 215[2mms[22m[39m
 [32m✓[39m src/components/admin/tabs/settings/EvidenceCoveragePanel.test.tsx [2m([22m[2m12 tests[22m[2m)[22m[32m 206[2mms[22m[39m
 [32m✓[39m src/hooks/usePushNotifications.test.ts [2m([22m[2m24 tests[22m[2m)[22m[32m 166[2mms[22m[39m
 [32m✓[39m server/__tests__/admin-users-coverage.test.ts [2m([22m[2m27 tests[22m[2m)[22m[32m 95[2mms[22m[39m
 [32m✓[39m src/lib/ai/cache/storage.test.ts [2m([22m[2m31 tests[22m[2m)[22m[32m 211[2mms[22m[39m
 [32m✓[39m server/__tests__/admin-content-coverage.test.ts [2m([22m[2m93 tests[22m[2m)[22m[32m 202[2mms[22m[39m
 [32m✓[39m src/lib/ai/pdf-splitter.test.ts [2m([22m[2m25 tests[22m[2m)[22m[32m 193[2mms[22m[39m
 [32m✓[39m server/__tests__/admin-cost-routes.test.ts [2m([22m[2m47 tests[22m[2m)[22m[32m 118[2mms[22m[39m
 [32m✓[39m server/__tests__/admin-auth-branches.test.ts [2m([22m[2m66 tests[22m[2m)[22m[32m 237[2mms[22m[39m
[90mstdout[2m | src/lib/ai/policy-extractor-ocr.test.ts
[22m[39m🔧 InsurAI Environment
  Configuration: {
    mode: [32m'development'[39m,
    storage: [32m'cloud'[39m,
    ai: [32m'proxy'[39m,
    proxy: [32m'http://localhost:4001'[39m
  }
  Warnings:
  [INFO] API proxy configured at http://localhost:4001
    → Make sure backend server is running: npm run dev:server

 [32m✓[39m src/lib/ai/policy-extractor-ocr.test.ts [2m([22m[2m44 tests[22m[2m)[22m[32m 289[2mms[22m[39m
 [32m✓[39m server/__tests__/monitoring-branches.test.ts [2m([22m[2m94 tests[22m[2m)[22m[32m 206[2mms[22m[39m
 [32m✓[39m src/lib/privacy/consent-manager.test.ts [2m([22m[2m119 tests[22m[2m)[22m[32m 157[2mms[22m[39m
[90mstdout[2m | src/__tests__/integration/config-validation.test.ts[2m > [22m[2mConfiguration Validation[2m > [22m[2mDocker Configuration[2m > [22m[2mshould expose correct ports in Dockerfile
[22m[39mℹ️  Skipping Dockerfile test (file not present, using Railway/Nixpacks deployment)

 [32m✓[39m src/__tests__/integration/config-validation.test.ts [2m([22m[2m15 tests[22m[2m)[22m[32m 187[2mms[22m[39m
 [32m✓[39m server/__tests__/settings-routes-batch-update.test.ts [2m([22m[2m48 tests[22m[2m)[22m[32m 137[2mms[22m[39m
 [32m✓[39m src/components/landing/Benefits.test.tsx [2m([22m[2m12 tests[22m[2m)[22m[33m 344[2mms[22m[39m
 [32m✓[39m src/components/admin/tabs/settings/SettingsDiffViewer.test.tsx [2m([22m[2m52 tests[22m[2m)[22m[32m 125[2mms[22m[39m
 [32m✓[39m src/lib/security/audit-logger.test.ts [2m([22m[2m129 tests[22m[2m)[22m[32m 116[2mms[22m[39m
[90mstdout[2m | src/lib/performance.test.ts[2m > [22m[2mPerformance Monitoring[2m > [22m[2minitWebVitals[2m > [22m[2mshould initialize without throwing
[22m[39m📊 Core Web Vitals monitoring initialized

[90mstdout[2m | src/lib/performance.test.ts[2m > [22m[2mPerformance Monitoring[2m > [22m[2minitWebVitals[2m > [22m[2mshould import web-vitals module
[22m[39m📊 Core Web Vitals monitoring initialized

[90mstdout[2m | src/lib/performance.test.ts[2m > [22m[2mPerformance Monitoring[2m > [22m[2mstartTransaction[2m > [22m[2mshould accept all options
[22m[39m✅ complex: Complex Operation - 0ms (ok)

[90mstdout[2m | src/lib/performance.test.ts[2m > [22m[2mPerformance Monitoring[2m > [22m[2mstartTransaction[2m > [22m[2mshould allow setting status
[22m[39m⚠️ test: Test - 1ms (cancelled)

[90mstdout[2m | src/lib/performance.test.ts[2m > [22m[2mPerformance Monitoring[2m > [22m[2mstartTransaction[2m > [22m[2mshould allow setting data
[22m[39m✅ test: Test - 0ms (ok)

[90mstdout[2m | src/lib/performance.test.ts[2m > [22m[2mPerformance Monitoring[2m > [22m[2mstartTransaction[2m > [22m[2mshould allow setting tags
[22m[39m✅ test: Test - 0ms (ok)

[90mstdout[2m | src/lib/performance.test.ts[2m > [22m[2mPerformance Monitoring[2m > [22m[2mstartTransaction[2m > [22m[2mshould finish without error
[22m[39m✅ test: Test - 0ms (ok)

[90mstdout[2m | src/lib/performance.test.ts[2m > [22m[2mPerformance Monitoring[2m > [22m[2mmeasureAsync[2m > [22m[2mshould measure async function execution
[22m[39m✅ async.operation: test - 10ms (ok)

[90mstdout[2m | src/lib/performance.test.ts[2m > [22m[2mPerformance Monitoring[2m > [22m[2mmeasureAsync[2m > [22m[2mshould propagate errors
[22m[39m❌ async.operation: test - 0ms (error)

[90mstdout[2m | src/lib/performance.test.ts[2m > [22m[2mPerformance Monitoring[2m > [22m[2mmeasureAsync[2m > [22m[2mshould return function result
[22m[39m✅ async.operation: test - 0ms (ok)

[90mstdout[2m | src/lib/performance.test.ts[2m > [22m[2mPerformance Monitoring[2m > [22m[2mmeasureSync[2m > [22m[2mshould measure sync function execution
[22m[39m✅ sync.operation: test - 0ms (ok)

[90mstdout[2m | src/lib/performance.test.ts[2m > [22m[2mPerformance Monitoring[2m > [22m[2mmeasureSync[2m > [22m[2mshould propagate errors
[22m[39m❌ sync.operation: test - 0ms (error)

[90mstdout[2m | src/lib/performance.test.ts[2m > [22m[2mPerformance Monitoring[2m > [22m[2mmeasureSync[2m > [22m[2mshould return function result
[22m[39m✅ sync.operation: test - 0ms (ok)

[90mstdout[2m | src/lib/performance.test.ts[2m > [22m[2mTransaction Operations[2m > [22m[2mOperation types[2m > [22m[2mshould support various operation types
[22m[39m✅ file.upload: PDF Upload - 0ms (ok)
✅ ai.extract: AI Extraction - 0ms (ok)
✅ analysis.policy: Policy Analysis - 0ms (ok)
✅ export.pdf: Export PDF - 0ms (ok)
✅ db.query: Database Query - 0ms (ok)

[90mstdout[2m | src/lib/performance.test.ts[2m > [22m[2mTransaction Operations[2m > [22m[2mStatus transitions[2m > [22m[2mshould allow status changes before finish
[22m[39m⚠️ test: Test - 0ms (cancelled)

[90mstdout[2m | src/lib/performance.test.ts[2m > [22m[2mTransaction Operations[2m > [22m[2mData accumulation[2m > [22m[2mshould allow multiple data entries
[22m[39m✅ test: Test - 0ms (ok)

[90mstdout[2m | src/lib/performance.test.ts[2m > [22m[2mTransaction Operations[2m > [22m[2mData accumulation[2m > [22m[2mshould allow multiple tags
[22m[39m✅ test: Test - 0ms (ok)

[90mstdout[2m | src/lib/performance.test.ts[2m > [22m[2mPerformance Transaction Timing[2m > [22m[2mshould track PDF extraction timing
[22m[39m✅ pdf.extract: Extract Policy PDF - 50ms (ok)

[90mstdout[2m | src/lib/performance.test.ts[2m > [22m[2mPerformance Transaction Timing[2m > [22m[2mshould track AI analysis timing
[22m[39m✅ ai.analyze: AI Policy Analysis - 30ms (ok)

[90mstdout[2m | src/lib/performance.test.ts[2m > [22m[2mPerformance Transaction Timing[2m > [22m[2mshould track sync operations
[22m[39m✅ json.parse: Parse JSON - 0ms (ok)

[90mstdout[2m | src/lib/performance.test.ts[2m > [22m[2mPerformance Transaction Timing[2m > [22m[2mshould handle operation cancellation
[22m[39m⚠️ operation.cancellable: Cancellable Operation - 0ms (cancelled)

[90mstdout[2m | src/lib/performance.test.ts[2m > [22m[2mPerformance Transaction Timing[2m > [22m[2mshould track operation with rich context
[22m[39m✅ pdf.complex: Complex PDF Operation - 0ms (ok)

[90mstdout[2m | src/lib/performance.test.ts[2m > [22m[2mreportWebVital (via web-vitals callbacks)[2m > [22m[2mshould store metrics when web-vitals callbacks fire
[22m[39m📊 Core Web Vitals monitoring initialized

[90mstdout[2m | src/lib/performance.test.ts[2m > [22m[2mreportWebVital (via web-vitals callbacks)[2m > [22m[2mshould store metrics when web-vitals callbacks fire
[22m[39m🟢 LCP: 2000.00 (good)

[90mstdout[2m | src/lib/performance.test.ts[2m > [22m[2mreportWebVital (via web-vitals callbacks)[2m > [22m[2mshould notify subscribers when metrics arrive
[22m[39m📊 Core Web Vitals monitoring initialized

[90mstdout[2m | src/lib/performance.test.ts[2m > [22m[2mreportWebVital (via web-vitals callbacks)[2m > [22m[2mshould notify subscribers when metrics arrive
[22m[39m🟢 CLS: 0.05 (good)

[90mstdout[2m | src/lib/performance.test.ts[2m > [22m[2mreportWebVital (via web-vitals callbacks)[2m > [22m[2mshould handle callback errors gracefully
[22m[39m📊 Core Web Vitals monitoring initialized

[90mstdout[2m | src/lib/performance.test.ts[2m > [22m[2mreportWebVital (via web-vitals callbacks)[2m > [22m[2mshould handle callback errors gracefully
[22m[39m🟢 INP: 100.00 (good)

[90mstdout[2m | src/lib/performance.test.ts[2m > [22m[2mreportWebVital (via web-vitals callbacks)[2m > [22m[2mshould handle missing navigationType
[22m[39m📊 Core Web Vitals monitoring initialized

[90mstdout[2m | src/lib/performance.test.ts[2m > [22m[2mreportWebVital (via web-vitals callbacks)[2m > [22m[2mshould handle missing navigationType
[22m[39m🟢 FCP: 1500.00 (good)

[90mstdout[2m | src/lib/performance.test.ts[2m > [22m[2mgetPerformanceSummary with metrics[2m > [22m[2mshould return good overall score when all metrics are good
[22m[39m📊 Core Web Vitals monitoring initialized

[90mstdout[2m | src/lib/performance.test.ts[2m > [22m[2mgetPerformanceSummary with metrics[2m > [22m[2mshould return good overall score when all metrics are good
[22m[39m🟢 LCP: 1000.00 (good)
🟢 CLS: 0.05 (good)
🟢 INP: 100.00 (good)
🟢 TTFB: 500.00 (good)
🟢 FCP: 1000.00 (good)

[90mstdout[2m | src/lib/performance.test.ts[2m > [22m[2mgetPerformanceSummary with metrics[2m > [22m[2mshould return poor score and recommendations when metrics are poor
[22m[39m📊 Core Web Vitals monitoring initialized

[90mstdout[2m | src/lib/performance.test.ts[2m > [22m[2mgetPerformanceSummary with metrics[2m > [22m[2mshould return poor score and recommendations when metrics are poor
[22m[39m🔴 LCP: 5000.00 (poor)
🔴 CLS: 0.50 (poor)
🔴 TTFB: 3000.00 (poor)
🔴 INP: 800.00 (poor)

[90mstdout[2m | src/lib/performance.test.ts[2m > [22m[2mgetPerformanceSummary with metrics[2m > [22m[2mshould return needs-improvement when some metrics are needs-improvement
[22m[39m📊 Core Web Vitals monitoring initialized

[90mstdout[2m | src/lib/performance.test.ts[2m > [22m[2mgetPerformanceSummary with metrics[2m > [22m[2mshould return needs-improvement when some metrics are needs-improvement
[22m[39m🟡 LCP: 3000.00 (needs-improvement)

[90mstdout[2m | src/lib/performance.test.ts[2m > [22m[2mreportPerformanceSummary[2m > [22m[2mshould not throw when called with metrics populated
[22m[39m📊 Core Web Vitals monitoring initialized

[90mstdout[2m | src/lib/performance.test.ts[2m > [22m[2mreportPerformanceSummary[2m > [22m[2mshould not throw when called with metrics populated
[22m[39m🟢 LCP: 2000.00 (good)

[90mstdout[2m | src/lib/performance.test.ts[2m > [22m[2mstartTransaction with slow operations[2m > [22m[2mshould support setTag on transaction
[22m[39m✅ test: tagged-op - 0ms (ok)

[90mstdout[2m | src/lib/performance.test.ts[2m > [22m[2mstartTransaction with slow operations[2m > [22m[2mshould accept description and initial tags/data
[22m[39m✅ test: full-op - 0ms (ok)

[90mstdout[2m | src/lib/performance.test.ts[2m > [22m[2minitWebVitals error handling[2m > [22m[2mshould handle web-vitals import failure gracefully
[22m[39m📊 Core Web Vitals monitoring initialized

 [32m✓[39m src/lib/performance.test.ts [2m([22m[2m126 tests[22m[2m)[22m[32m 153[2mms[22m[39m
 [32m✓[39m server/__tests__/admin-content-routes.test.ts [2m([22m[2m57 tests[22m[2m)[22m[32m 190[2mms[22m[39m
 [32m✓[39m server/__tests__/notification-routes.test.ts [2m([22m[2m21 tests[22m[2m)[22m[32m 229[2mms[22m[39m
 [32m✓[39m src/lib/actuarial-engine/__tests__/golden-regression.test.ts [2m([22m[2m40 tests[22m[2m)[22m[32m 98[2mms[22m[39m
 [32m✓[39m src/hooks/usePdfExport.test.ts [2m([22m[2m31 tests[22m[2m)[22m[32m 52[2mms[22m[39m
 [32m✓[39m server/__tests__/admin-monitoring-routes.test.ts [2m([22m[2m50 tests[22m[2m)[22m[32m 122[2mms[22m[39m
 [32m✓[39m src/lib/pipeline/ocr-sanitizer.branches.test.ts [2m([22m[2m179 tests[22m[2m)[22m[32m 100[2mms[22m[39m
 [32m✓[39m src/components/landing/HowItWorks.test.tsx [2m([22m[2m13 tests[22m[2m)[22m[32m 128[2mms[22m[39m
 [32m✓[39m server/__tests__/prompt-versioning.test.ts [2m([22m[2m112 tests[22m[2m)[22m[32m 94[2mms[22m[39m
 [32m✓[39m src/lib/pipeline/ocr-sanitizer.test.ts [2m([22m[2m53 tests[22m[2m)[22m[32m 126[2mms[22m[39m
 [32m✓[39m src/components/landing/WhoItsFor.test.tsx [2m([22m[2m12 tests[22m[2m)[22m[32m 121[2mms[22m[39m
[90mstdout[2m | server/__tests__/ai-routes.test.ts[2m > [22m[2mAI Routes[2m > [22m[2mPOST /api/ai/extract/openai[2m > [22m[2mshould return 503 when OpenAI not configured
[22m[39m[AI] Extraction request received {"requestId":"ext-1774284848884"}

[90mstdout[2m | server/__tests__/ai-routes.test.ts[2m > [22m[2mAI Routes[2m > [22m[2mPOST /api/ai/ocr[2m > [22m[2mshould return 400 for invalid base64
[22m[39m[Validation] Validation error {"error":"Invalid base64 format"}

[90mstdout[2m | server/__tests__/ai-routes.test.ts[2m > [22m[2mAI Routes[2m > [22m[2mRate Limiting[2m > [22m[2mshould accept requests within rate limit
[22m[39m[AI] Extraction request received {"requestId":"ext-1774284848918"}

[90mstdout[2m | server/__tests__/ai-routes.test.ts[2m > [22m[2mAI Routes[2m > [22m[2mInput Validation[2m > [22m[2mshould sanitize null bytes in documentText
[22m[39m[AI] Extraction request received {"requestId":"ext-1774284848921"}

[90mstdout[2m | server/__tests__/ai-routes.test.ts[2m > [22m[2mAI Routes[2m > [22m[2mInput Validation[2m > [22m[2mshould accept Turkish characters
[22m[39m[AI] Extraction request received {"requestId":"ext-1774284848924"}

 [32m✓[39m server/__tests__/ai-routes.test.ts [2m([22m[2m18 tests[22m[2m)[22m[32m 83[2mms[22m[39m
 [32m✓[39m server/__tests__/validation.test.ts [2m([22m[2m52 tests[22m[2m)[22m[32m 57[2mms[22m[39m
[90mstdout[2m | src/lib/ai/policy-extractor-validation.test.ts
[22m[39m🔧 InsurAI Environment
  Configuration: {
    mode: [32m'development'[39m,
    storage: [32m'cloud'[39m,
    ai: [32m'proxy'[39m,
    proxy: [32m'http://localhost:4001'[39m
  }
  Warnings:
  [INFO] API proxy configured at http://localhost:4001
    → Make sure backend server is running: npm run dev:server

 [32m✓[39m src/lib/ai/policy-extractor-validation.test.ts [2m([22m[2m34 tests[22m[2m)[22m[32m 91[2mms[22m[39m
 [32m✓[39m src/components/landing/Stats.test.tsx [2m([22m[2m9 tests[22m[2m)[22m[32m 102[2mms[22m[39m
 [32m✓[39m server/__tests__/admin-actuarial-routes.test.ts [2m([22m[2m26 tests[22m[2m)[22m[32m 96[2mms[22m[39m
 [32m✓[39m server/__tests__/processing-log-branches.test.ts [2m([22m[2m77 tests[22m[2m)[22m[32m 91[2mms[22m[39m
 [32m✓[39m server/__tests__/processing-log-service.test.ts [2m([22m[2m36 tests[22m[2m)[22m[32m 31[2mms[22m[39m
 [32m✓[39m src/components/landing/WhyChooseUs.test.tsx [2m([22m[2m6 tests[22m[2m)[22m[32m 104[2mms[22m[39m
 [32m✓[39m server/__tests__/rate-limit-branches.test.ts [2m([22m[2m12 tests[22m[2m)[22m[32m 92[2mms[22m[39m
 [32m✓[39m server/__tests__/admin-auth-coverage.test.ts [2m([22m[2m33 tests[22m[2m)[22m[32m 54[2mms[22m[39m
 [32m✓[39m src/lib/ai/comparison.branches.test.ts [2m([22m[2m32 tests[22m[2m)[22m[32m 169[2mms[22m[39m
[90mstdout[2m | src/lib/analytics/tracker.branches.test.ts[2m > [22m[2mAnalytics Tracker Branches[2m > [22m[2minitializeAnalytics[2m > [22m[2minitializes with custom config
[22m[39m[Analytics] {
  id: [32m'1774284860457_02rz7e23y'[39m,
  timestamp: [33m1774284860457[39m,
  sessionId: [32m'1774284860456_rorn4jmek'[39m,
  userId: [90mundefined[39m,
  category: [32m'user_action'[39m,
  action: [32m'session_start'[39m,
  label: [90mundefined[39m,
  value: [90mundefined[39m,
  metadata: { device: { type: [32m'desktop'[39m, browser: [32m'Chrome'[39m, os: [32m'Windows'[39m } },
  page: [32m''[39m
}

 [32m✓[39m src/lib/analytics/tracker.branches.test.ts [2m([22m[2m55 tests[22m[2m)[22m[32m 85[2mms[22m[39m
 [32m✓[39m src/hooks/useFileUpload.test.ts [2m([22m[2m25 tests[22m[2m)[22m[32m 97[2mms[22m[39m
[90mstdout[2m | server/__tests__/prompt-service-branches.test.ts[2m > [22m[2mPrompt Service — Branch Coverage[2m > [22m[2mCache hit / miss / expiry branches[2m > [22m[2mshould return cached prompt on second call (cache hit branch)
[22m[39m[PromptService] Cache cleared

[90mstdout[2m | server/__tests__/prompt-service-branches.test.ts[2m > [22m[2mPrompt Service — Branch Coverage[2m > [22m[2mCache hit / miss / expiry branches[2m > [22m[2mshould return cached prompt on second call (cache hit branch)
[22m[39m[PromptService] Cache cleared

[90mstdout[2m | server/__tests__/prompt-service-branches.test.ts[2m > [22m[2mPrompt Service — Branch Coverage[2m > [22m[2mCache hit / miss / expiry branches[2m > [22m[2mshould return cached prompt for getPromptByName (cache hit branch)
[22m[39m[PromptService] Cache cleared

[90mstdout[2m | server/__tests__/prompt-service-branches.test.ts[2m > [22m[2mPrompt Service — Branch Coverage[2m > [22m[2mCache hit / miss / expiry branches[2m > [22m[2mshould return cached prompt for getPromptByName (cache hit branch)
[22m[39m[PromptService] Cache cleared

[90mstdout[2m | server/__tests__/prompt-service-branches.test.ts[2m > [22m[2mPrompt Service — Branch Coverage[2m > [22m[2mCache hit / miss / expiry branches[2m > [22m[2mshould evict expired cache entries (TTL expiry branch)
[22m[39m[PromptService] Cache cleared

[90mstdout[2m | server/__tests__/prompt-service-branches.test.ts[2m > [22m[2mPrompt Service — Branch Coverage[2m > [22m[2mCache hit / miss / expiry branches[2m > [22m[2mshould evict expired cache entries (TTL expiry branch)
[22m[39m[PromptService] Cache cleared

[90mstdout[2m | server/__tests__/prompt-service-branches.test.ts[2m > [22m[2mPrompt Service — Branch Coverage[2m > [22m[2mCache hit / miss / expiry branches[2m > [22m[2mshould return null from cache when entry does not exist (cache miss)
[22m[39m[PromptService] Cache cleared

[90mstdout[2m | server/__tests__/prompt-service-branches.test.ts[2m > [22m[2mPrompt Service — Branch Coverage[2m > [22m[2mCache hit / miss / expiry branches[2m > [22m[2mshould return null from cache when entry does not exist (cache miss)
[22m[39m[PromptService] Cache cleared

[90mstdout[2m | server/__tests__/prompt-service-branches.test.ts[2m > [22m[2mPrompt Service — Branch Coverage[2m > [22m[2mgetPromptById[2m > [22m[2mshould return DB prompt when data exists and no error (success branch)
[22m[39m[PromptService] Cache cleared

[90mstdout[2m | server/__tests__/prompt-service-branches.test.ts[2m > [22m[2mPrompt Service — Branch Coverage[2m > [22m[2mgetPromptById[2m > [22m[2mshould return DB prompt when data exists and no error (success branch)
[22m[39m[PromptService] Cache cleared

[90mstdout[2m | server/__tests__/prompt-service-branches.test.ts[2m > [22m[2mPrompt Service — Branch Coverage[2m > [22m[2mgetPromptById[2m > [22m[2mshould skip DB result when error returned, and find fallback by id
[22m[39m[PromptService] Cache cleared

[90mstdout[2m | server/__tests__/prompt-service-branches.test.ts[2m > [22m[2mPrompt Service — Branch Coverage[2m > [22m[2mgetPromptById[2m > [22m[2mshould skip DB result when error returned, and find fallback by id
[22m[39m[PromptService] Using fallback prompt {"id":"fallback-chat-assistant"}

[90mstdout[2m | server/__tests__/prompt-service-branches.test.ts[2m > [22m[2mPrompt Service — Branch Coverage[2m > [22m[2mgetPromptById[2m > [22m[2mshould skip DB result when error returned, and find fallback by id
[22m[39m[PromptService] Cache cleared

[90mstdout[2m | server/__tests__/prompt-service-branches.test.ts[2m > [22m[2mPrompt Service — Branch Coverage[2m > [22m[2mgetPromptById[2m > [22m[2mshould find fallback OCR prompt by id
[22m[39m[PromptService] Cache cleared

[90mstdout[2m | server/__tests__/prompt-service-branches.test.ts[2m > [22m[2mPrompt Service — Branch Coverage[2m > [22m[2mgetPromptById[2m > [22m[2mshould find fallback OCR prompt by id
[22m[39m[PromptService] Using fallback prompt {"id":"fallback-ocr-correction"}

[90mstdout[2m | server/__tests__/prompt-service-branches.test.ts[2m > [22m[2mPrompt Service — Branch Coverage[2m > [22m[2mgetPromptById[2m > [22m[2mshould find fallback OCR prompt by id
[22m[39m[PromptService] Cache cleared

[90mstdout[2m | server/__tests__/prompt-service-branches.test.ts[2m > [22m[2mPrompt Service — Branch Coverage[2m > [22m[2mgetPromptById[2m > [22m[2mshould find fallback type detection by id
[22m[39m[PromptService] Cache cleared

[90mstdout[2m | server/__tests__/prompt-service-branches.test.ts[2m > [22m[2mPrompt Service — Branch Coverage[2m > [22m[2mgetPromptById[2m > [22m[2mshould find fallback type detection by id
[22m[39m[PromptService] Using fallback prompt {"id":"fallback-type-detection"}

[90mstdout[2m | server/__tests__/prompt-service-branches.test.ts[2m > [22m[2mPrompt Service — Branch Coverage[2m > [22m[2mgetPromptById[2m > [22m[2mshould find fallback type detection by id
[22m[39m[PromptService] Cache cleared

[90mstdout[2m | server/__tests__/prompt-service-branches.test.ts[2m > [22m[2mPrompt Service — Branch Coverage[2m > [22m[2mgetPromptById[2m > [22m[2mshould return null when DB has error and no fallback matches id
[22m[39m[PromptService] Cache cleared

[90mstdout[2m | server/__tests__/prompt-service-branches.test.ts[2m > [22m[2mPrompt Service — Branch Coverage[2m > [22m[2mgetPromptById[2m > [22m[2mshould return null when DB has error and no fallback matches id
[22m[39m[PromptService] Cache cleared

[90mstdout[2m | server/__tests__/prompt-service-branches.test.ts[2m > [22m[2mPrompt Service — Branch Coverage[2m > [22m[2mgetPromptById[2m > [22m[2mshould handle DB exception (catch branch with Error) and fallback
[22m[39m[PromptService] Cache cleared

[90mstdout[2m | server/__tests__/prompt-service-branches.test.ts[2m > [22m[2mPrompt Service — Branch Coverage[2m > [22m[2mgetPromptById[2m > [22m[2mshould handle DB exception (catch branch with Error) and fallback
[22m[39m[PromptService] Using fallback prompt {"id":"fallback-extraction-master"}

[90mstdout[2m | server/__tests__/prompt-service-branches.test.ts[2m > [22m[2mPrompt Service — Branch Coverage[2m > [22m[2mgetPromptById[2m > [22m[2mshould handle DB exception (catch branch with Error) and fallback
[22m[39m[PromptService] Cache cleared

[90mstdout[2m | server/__tests__/prompt-service-branches.test.ts[2m > [22m[2mPrompt Service — Branch Coverage[2m > [22m[2mgetPromptById[2m > [22m[2mshould handle DB exception with non-Error object (String(err) branch)
[22m[39m[PromptService] Cache cleared

[90mstdout[2m | server/__tests__/prompt-service-branches.test.ts[2m > [22m[2mPrompt Service — Branch Coverage[2m > [22m[2mgetPromptById[2m > [22m[2mshould handle DB exception with non-Error object (String(err) branch)
[22m[39m[PromptService] Using fallback prompt {"id":"fallback-extraction-master"}

[90mstdout[2m | server/__tests__/prompt-service-branches.test.ts[2m > [22m[2mPrompt Service — Branch Coverage[2m > [22m[2mgetPromptById[2m > [22m[2mshould handle DB exception with non-Error object (String(err) branch)
[22m[39m[PromptService] Cache cleared

[90mstdout[2m | server/__tests__/prompt-service-branches.test.ts[2m > [22m[2mPrompt Service — Branch Coverage[2m > [22m[2mgetPromptById[2m > [22m[2mshould handle DB returning data WITH error (error takes precedence)
[22m[39m[PromptService] Cache cleared

[90mstdout[2m | server/__tests__/prompt-service-branches.test.ts[2m > [22m[2mPrompt Service — Branch Coverage[2m > [22m[2mgetPromptById[2m > [22m[2mshould handle DB returning data WITH error (error takes precedence)
[22m[39m[PromptService] Using fallback prompt {"id":"fallback-extraction-master"}

[90mstdout[2m | server/__tests__/prompt-service-branches.test.ts[2m > [22m[2mPrompt Service — Branch Coverage[2m > [22m[2mgetPromptById[2m > [22m[2mshould handle DB returning data WITH error (error takes precedence)
[22m[39m[PromptService] Cache cleared

[90mstdout[2m | server/__tests__/prompt-service-branches.test.ts[2m > [22m[2mPrompt Service — Branch Coverage[2m > [22m[2mgetPromptById[2m > [22m[2mshould handle DB returning null data without error (no match)
[22m[39m[PromptService] Cache cleared

[90mstdout[2m | server/__tests__/prompt-service-branches.test.ts[2m > [22m[2mPrompt Service — Branch Coverage[2m > [22m[2mgetPromptById[2m > [22m[2mshould handle DB returning null data without error (no match)
[22m[39m[PromptService] Cache cleared

[90mstdout[2m | server/__tests__/prompt-service-branches.test.ts[2m > [22m[2mPrompt Service — Branch Coverage[2m > [22m[2mgetPromptByName[2m > [22m[2mshould return DB prompt on success (no error, has data)
[22m[39m[PromptService] Cache cleared

[90mstdout[2m | server/__tests__/prompt-service-branches.test.ts[2m > [22m[2mPrompt Service — Branch Coverage[2m > [22m[2mgetPromptByName[2m > [22m[2mshould return DB prompt on success (no error, has data)
[22m[39m[PromptService] Cache cleared

[90mstdout[2m | server/__tests__/prompt-service-branches.test.ts[2m > [22m[2mPrompt Service — Branch Coverage[2m > [22m[2mgetPromptByName[2m > [22m[2mshould cache result from DB and return on second call
[22m[39m[PromptService] Cache cleared

[90mstdout[2m | server/__tests__/prompt-service-branches.test.ts[2m > [22m[2mPrompt Service — Branch Coverage[2m > [22m[2mgetPromptByName[2m > [22m[2mshould cache result from DB and return on second call
[22m[39m[PromptService] Cache cleared

[90mstdout[2m | server/__tests__/prompt-service-branches.test.ts[2m > [22m[2mPrompt Service — Branch Coverage[2m > [22m[2mgetPromptByName[2m > [22m[2mshould fall back to hardcoded prompt when DB has error
[22m[39m[PromptService] Cache cleared

[90mstdout[2m | server/__tests__/prompt-service-branches.test.ts[2m > [22m[2mPrompt Service — Branch Coverage[2m > [22m[2mgetPromptByName[2m > [22m[2mshould fall back to hardcoded prompt when DB has error
[22m[39m[PromptService] Using fallback prompt {"name":"Policy Chat Assistant"}

[90mstdout[2m | server/__tests__/prompt-service-branches.test.ts[2m > [22m[2mPrompt Service — Branch Coverage[2m > [22m[2mgetPromptByName[2m > [22m[2mshould fall back to hardcoded prompt when DB has error
[22m[39m[PromptService] Cache cleared

[90mstdout[2m | server/__tests__/prompt-service-branches.test.ts[2m > [22m[2mPrompt Service — Branch Coverage[2m > [22m[2mgetPromptByName[2m > [22m[2mshould fall back to OCR correction fallback
[22m[39m[PromptService] Cache cleared

[90mstdout[2m | server/__tests__/prompt-service-branches.test.ts[2m > [22m[2mPrompt Service — Branch Coverage[2m > [22m[2mgetPromptByName[2m > [22m[2mshould fall back to OCR correction fallback
[22m[39m[PromptService] Using fallback prompt {"name":"OCR Correction - Lightweight"}

[90mstdout[2m | server/__tests__/prompt-service-branches.test.ts[2m > [22m[2mPrompt Service — Branch Coverage[2m > [22m[2mgetPromptByName[2m > [22m[2mshould fall back to OCR correction fallback
[22m[39m[PromptService] Cache cleared

[90mstdout[2m | server/__tests__/prompt-service-branches.test.ts[2m > [22m[2mPrompt Service — Branch Coverage[2m > [22m[2mgetPromptByName[2m > [22m[2mshould fall back to Policy Type Detection fallback
[22m[39m[PromptService] Cache cleared

[90mstdout[2m | server/__tests__/prompt-service-branches.test.ts[2m > [22m[2mPrompt Service — Branch Coverage[2m > [22m[2mgetPromptByName[2m > [22m[2mshould fall back to Policy Type Detection fallback
[22m[39m[PromptService] Using fallback prompt {"name":"Policy Type Detection"}

[90mstdout[2m | server/__tests__/prompt-service-branches.test.ts[2m > [22m[2mPrompt Service — Branch Coverage[2m > [22m[2mgetPromptByName[2m > [22m[2mshould fall back to Policy Type Detection fallback
[22m[39m[PromptService] Cache cleared

[90mstdout[2m | server/__tests__/prompt-service-branches.test.ts[2m > [22m[2mPrompt Service — Branch Coverage[2m > [22m[2mgetPromptByName[2m > [22m[2mshould return null when DB fails and name not in fallbacks
[22m[39m[PromptService] Cache cleared

[90mstdout[2m | server/__tests__/prompt-service-branches.test.ts[2m > [22m[2mPrompt Service — Branch Coverage[2m > [22m[2mgetPromptByName[2m > [22m[2mshould return null when DB fails and name not in fallbacks
[22m[39m[PromptService] Cache cleared

[90mstdout[2m | server/__tests__/prompt-service-branches.test.ts[2m > [22m[2mPrompt Service — Branch Coverage[2m > [22m[2mgetPromptByName[2m > [22m[2mshould handle DB exception (catch branch with Error)
[22m[39m[PromptService] Cache cleared

[90mstdout[2m | server/__tests__/prompt-service-branches.test.ts[2m > [22m[2mPrompt Service — Branch Coverage[2m > [22m[2mgetPromptByName[2m > [22m[2mshould handle DB exception (catch branch with Error)
[22m[39m[PromptService] Using fallback prompt {"name":"Policy Extraction - Master"}

[90mstdout[2m | server/__tests__/prompt-service-branches.test.ts[2m > [22m[2mPrompt Service — Branch Coverage[2m > [22m[2mgetPromptByName[2m > [22m[2mshould handle DB exception (catch branch with Error)
[22m[39m[PromptService] Cache cleared

[90mstdout[2m | server/__tests__/prompt-service-branches.test.ts[2m > [22m[2mPrompt Service — Branch Coverage[2m > [22m[2mgetPromptByName[2m > [22m[2mshould handle DB exception with non-Error object
[22m[39m[PromptService] Cache cleared

[90mstdout[2m | server/__tests__/prompt-service-branches.test.ts[2m > [22m[2mPrompt Service — Branch Coverage[2m > [22m[2mgetPromptByName[2m > [22m[2mshould handle DB exception with non-Error object
[22m[39m[PromptService] Using fallback prompt {"name":"Policy Extraction - Master"}

[90mstdout[2m | server/__tests__/prompt-service-branches.test.ts[2m > [22m[2mPrompt Service — Branch Coverage[2m > [22m[2mgetPromptByName[2m > [22m[2mshould handle DB exception with non-Error object
[22m[39m[PromptService] Cache cleared

[90mstdout[2m | server/__tests__/prompt-service-branches.test.ts[2m > [22m[2mPrompt Service — Branch Coverage[2m > [22m[2mgetPromptByName[2m > [22m[2mshould handle DB returning null data without error
[22m[39m[PromptService] Cache cleared

[90mstdout[2m | server/__tests__/prompt-service-branches.test.ts[2m > [22m[2mPrompt Service — Branch Coverage[2m > [22m[2mgetPromptByName[2m > [22m[2mshould handle DB returning null data without error
[22m[39m[PromptService] Cache cleared

[90mstdout[2m | server/__tests__/prompt-service-branches.test.ts[2m > [22m[2mPrompt Service — Branch Coverage[2m > [22m[2mgetPromptsByCategory[2m > [22m[2mshould return DB results when available (success branch)
[22m[39m[PromptService] Cache cleared

[90mstdout[2m | server/__tests__/prompt-service-branches.test.ts[2m > [22m[2mPrompt Service — Branch Coverage[2m > [22m[2mgetPromptsByCategory[2m > [22m[2mshould return DB results when available (success branch)
[22m[39m[PromptService] Cache cleared

[90mstdout[2m | server/__tests__/prompt-service-branches.test.ts[2m > [22m[2mPrompt Service — Branch Coverage[2m > [22m[2mgetPromptsByCategory[2m > [22m[2mshould return fallback prompts when DB has error
[22m[39m[PromptService] Cache cleared

[90mstdout[2m | server/__tests__/prompt-service-branches.test.ts[2m > [22m[2mPrompt Service — Branch Coverage[2m > [22m[2mgetPromptsByCategory[2m > [22m[2mshould return fallback prompts when DB has error
[22m[39m[PromptService] Cache cleared

[90mstdout[2m | server/__tests__/prompt-service-branches.test.ts[2m > [22m[2mPrompt Service — Branch Coverage[2m > [22m[2mgetPromptsByCategory[2m > [22m[2mshould return fallback prompts for ocr category
[22m[39m[PromptService] Cache cleared

[90mstdout[2m | server/__tests__/prompt-service-branches.test.ts[2m > [22m[2mPrompt Service — Branch Coverage[2m > [22m[2mgetPromptsByCategory[2m > [22m[2mshould return fallback prompts for ocr category
[22m[39m[PromptService] Cache cleared

[90mstdout[2m | server/__tests__/prompt-service-branches.test.ts[2m > [22m[2mPrompt Service — Branch Coverage[2m > [22m[2mgetPromptsByCategory[2m > [22m[2mshould return empty array for category with no fallbacks
[22m[39m[PromptService] Cache cleared

[90mstdout[2m | server/__tests__/prompt-service-branches.test.ts[2m > [22m[2mPrompt Service — Branch Coverage[2m > [22m[2mgetPromptsByCategory[2m > [22m[2mshould return empty array for category with no fallbacks
[22m[39m[PromptService] Cache cleared

[90mstdout[2m | server/__tests__/prompt-service-branches.test.ts[2m > [22m[2mPrompt Service — Branch Coverage[2m > [22m[2mgetPromptsByCategory[2m > [22m[2mshould return empty array for other category with no fallbacks
[22m[39m[PromptService] Cache cleared

[90mstdout[2m | server/__tests__/prompt-service-branches.test.ts[2m > [22m[2mPrompt Service — Branch Coverage[2m > [22m[2mgetPromptsByCategory[2m > [22m[2mshould return empty array for other category with no fallbacks
[22m[39m[PromptService] Cache cleared

[90mstdout[2m | server/__tests__/prompt-service-branches.test.ts[2m > [22m[2mPrompt Service — Branch Coverage[2m > [22m[2mgetPromptsByCategory[2m > [22m[2mshould handle DB exception (catch branch with Error)
[22m[39m[PromptService] Cache cleared

[90mstdout[2m | server/__tests__/prompt-service-branches.test.ts[2m > [22m[2mPrompt Service — Branch Coverage[2m > [22m[2mgetPromptsByCategory[2m > [22m[2mshould handle DB exception (catch branch with Error)
[22m[39m[PromptService] Cache cleared

[90mstdout[2m | server/__tests__/prompt-service-branches.test.ts[2m > [22m[2mPrompt Service — Branch Coverage[2m > [22m[2mgetPromptsByCategory[2m > [22m[2mshould handle DB exception with non-Error object
[22m[39m[PromptService] Cache cleared

[90mstdout[2m | server/__tests__/prompt-service-branches.test.ts[2m > [22m[2mPrompt Service — Branch Coverage[2m > [22m[2mgetPromptsByCategory[2m > [22m[2mshould handle DB exception with non-Error object
[22m[39m[PromptService] Cache cleared

[90mstdout[2m | server/__tests__/prompt-service-branches.test.ts[2m > [22m[2mPrompt Service — Branch Coverage[2m > [22m[2mgetPromptsByCategory[2m > [22m[2mshould return fallback extraction prompts including master and type detection
[22m[39m[PromptService] Cache cleared

[90mstdout[2m | server/__tests__/prompt-service-branches.test.ts[2m > [22m[2mPrompt Service — Branch Coverage[2m > [22m[2mgetPromptsByCategory[2m > [22m[2mshould return fallback extraction prompts including master and type detection
[22m[39m[PromptService] Cache cleared

[90mstdout[2m | server/__tests__/prompt-service-branches.test.ts[2m > [22m[2mPrompt Service — Branch Coverage[2m > [22m[2mgetPromptsByCategory[2m > [22m[2mshould handle DB returning null data with no error (falsy data)
[22m[39m[PromptService] Cache cleared

[90mstdout[2m | server/__tests__/prompt-service-branches.test.ts[2m > [22m[2mPrompt Service — Branch Coverage[2m > [22m[2mgetPromptsByCategory[2m > [22m[2mshould handle DB returning null data with no error (falsy data)
[22m[39m[PromptService] Cache cleared

[90mstdout[2m | server/__tests__/prompt-service-branches.test.ts[2m > [22m[2mPrompt Service — Branch Coverage[2m > [22m[2mgetPromptsByCategory[2m > [22m[2mshould return empty array from DB when DB returns empty array
[22m[39m[PromptService] Cache cleared

[90mstdout[2m | server/__tests__/prompt-service-branches.test.ts[2m > [22m[2mPrompt Service — Branch Coverage[2m > [22m[2mgetPromptsByCategory[2m > [22m[2mshould return empty array from DB when DB returns empty array
[22m[39m[PromptService] Cache cleared

[90mstdout[2m | server/__tests__/prompt-service-branches.test.ts[2m > [22m[2mPrompt Service — Branch Coverage[2m > [22m[2mgetAllPrompts[2m > [22m[2mshould return DB results when available (success branch)
[22m[39m[PromptService] Cache cleared

[90mstdout[2m | server/__tests__/prompt-service-branches.test.ts[2m > [22m[2mPrompt Service — Branch Coverage[2m > [22m[2mgetAllPrompts[2m > [22m[2mshould return DB results when available (success branch)
[22m[39m[PromptService] Cache cleared

[90mstdout[2m | server/__tests__/prompt-service-branches.test.ts[2m > [22m[2mPrompt Service — Branch Coverage[2m > [22m[2mgetAllPrompts[2m > [22m[2mshould return all 5 fallback prompts when DB errors
[22m[39m[PromptService] Cache cleared

[90mstdout[2m | server/__tests__/prompt-service-branches.test.ts[2m > [22m[2mPrompt Service — Branch Coverage[2m > [22m[2mgetAllPrompts[2m > [22m[2mshould return all 5 fallback prompts when DB errors
[22m[39m[PromptService] Cache cleared

[90mstdout[2m | server/__tests__/prompt-service-branches.test.ts[2m > [22m[2mPrompt Service — Branch Coverage[2m > [22m[2mgetAllPrompts[2m > [22m[2mshould handle DB exception (catch branch with Error)
[22m[39m[PromptService] Cache cleared

[90mstdout[2m | server/__tests__/prompt-service-branches.test.ts[2m > [22m[2mPrompt Service — Branch Coverage[2m > [22m[2mgetAllPrompts[2m > [22m[2mshould handle DB exception (catch branch with Error)
[22m[39m[PromptService] Cache cleared

[90mstdout[2m | server/__tests__/prompt-service-branches.test.ts[2m > [22m[2mPrompt Service — Branch Coverage[2m > [22m[2mgetAllPrompts[2m > [22m[2mshould handle DB exception with non-Error object
[22m[39m[PromptService] Cache cleared

[90mstdout[2m | server/__tests__/prompt-service-branches.test.ts[2m > [22m[2mPrompt Service — Branch Coverage[2m > [22m[2mgetAllPrompts[2m > [22m[2mshould handle DB exception with non-Error object
[22m[39m[PromptService] Cache cleared

[90mstdout[2m | server/__tests__/prompt-service-branches.test.ts[2m > [22m[2mPrompt Service — Branch Coverage[2m > [22m[2mgetAllPrompts[2m > [22m[2mshould return fallback when DB returns null data with no error
[22m[39m[PromptService] Cache cleared

[90mstdout[2m | server/__tests__/prompt-service-branches.test.ts[2m > [22m[2mPrompt Service — Branch Coverage[2m > [22m[2mgetAllPrompts[2m > [22m[2mshould return fallback when DB returns null data with no error
[22m[39m[PromptService] Cache cleared

[90mstdout[2m | server/__tests__/prompt-service-branches.test.ts[2m > [22m[2mPrompt Service — Branch Coverage[2m > [22m[2mgetAllPrompts[2m > [22m[2mshould return empty array from DB when DB returns empty array
[22m[39m[PromptService] Cache cleared

[90mstdout[2m | server/__tests__/prompt-service-branches.test.ts[2m > [22m[2mPrompt Service — Branch Coverage[2m > [22m[2mgetAllPrompts[2m > [22m[2mshould return empty array from DB when DB returns empty array
[22m[39m[PromptService] Cache cleared

[90mstdout[2m | server/__tests__/prompt-service-branches.test.ts[2m > [22m[2mPrompt Service — Branch Coverage[2m > [22m[2mrenderTemplate[2m > [22m[2mshould include conditional block content when variable is truthy
[22m[39m[PromptService] Cache cleared

[90mstdout[2m | server/__tests__/prompt-service-branches.test.ts[2m > [22m[2mPrompt Service — Branch Coverage[2m > [22m[2mrenderTemplate[2m > [22m[2mshould include conditional block content when variable is truthy
[22m[39m[PromptService] Cache cleared

[90mstdout[2m | server/__tests__/prompt-service-branches.test.ts[2m > [22m[2mPrompt Service — Branch Coverage[2m > [22m[2mrenderTemplate[2m > [22m[2mshould remove conditional block when variable is falsy (undefined)
[22m[39m[PromptService] Cache cleared

[90mstdout[2m | server/__tests__/prompt-service-branches.test.ts[2m > [22m[2mPrompt Service — Branch Coverage[2m > [22m[2mrenderTemplate[2m > [22m[2mshould remove conditional block when variable is falsy (undefined)
[22m[39m[PromptService] Cache cleared

[90mstdout[2m | server/__tests__/prompt-service-branches.test.ts[2m > [22m[2mPrompt Service — Branch Coverage[2m > [22m[2mrenderTemplate[2m > [22m[2mshould remove conditional block when variable is missing entirely
[22m[39m[PromptService] Cache cleared

[90mstdout[2m | server/__tests__/prompt-service-branches.test.ts[2m > [22m[2mPrompt Service — Branch Coverage[2m > [22m[2mrenderTemplate[2m > [22m[2mshould remove conditional block when variable is missing entirely
[22m[39m[PromptService] Cache cleared

[90mstdout[2m | server/__tests__/prompt-service-branches.test.ts[2m > [22m[2mPrompt Service — Branch Coverage[2m > [22m[2mrenderTemplate[2m > [22m[2mshould remove conditional block when variable is empty string
[22m[39m[PromptService] Cache cleared

[90mstdout[2m | server/__tests__/prompt-service-branches.test.ts[2m > [22m[2mPrompt Service — Branch Coverage[2m > [22m[2mrenderTemplate[2m > [22m[2mshould remove conditional block when variable is empty string
[22m[39m[PromptService] Cache cleared

[90mstdout[2m | server/__tests__/prompt-service-branches.test.ts[2m > [22m[2mPrompt Service — Branch Coverage[2m > [22m[2mrenderTemplate[2m > [22m[2mshould replace variable with empty string when undefined
[22m[39m[PromptService] Cache cleared

[90mstdout[2m | server/__tests__/prompt-service-branches.test.ts[2m > [22m[2mPrompt Service — Branch Coverage[2m > [22m[2mrenderTemplate[2m > [22m[2mshould replace variable with empty string when undefined
[22m[39m[PromptService] Cache cleared

[90mstdout[2m | server/__tests__/prompt-service-branches.test.ts[2m > [22m[2mPrompt Service — Branch Coverage[2m > [22m[2mrenderTemplate[2m > [22m[2mshould replace variable with empty string when not provided
[22m[39m[PromptService] Cache cleared

[90mstdout[2m | server/__tests__/prompt-service-branches.test.ts[2m > [22m[2mPrompt Service — Branch Coverage[2m > [22m[2mrenderTemplate[2m > [22m[2mshould replace variable with empty string when not provided
[22m[39m[PromptService] Cache cleared

[90mstdout[2m | server/__tests__/prompt-service-branches.test.ts[2m > [22m[2mPrompt Service — Branch Coverage[2m > [22m[2mrenderTemplate[2m > [22m[2mshould handle multiple conditional blocks and variables
[22m[39m[PromptService] Cache cleared

[90mstdout[2m | server/__tests__/prompt-service-branches.test.ts[2m > [22m[2mPrompt Service — Branch Coverage[2m > [22m[2mrenderTemplate[2m > [22m[2mshould handle multiple conditional blocks and variables
[22m[39m[PromptService] Cache cleared

[90mstdout[2m | server/__tests__/prompt-service-branches.test.ts[2m > [22m[2mPrompt Service — Branch Coverage[2m > [22m[2mrenderTemplate[2m > [22m[2mshould handle nested variable inside conditional
[22m[39m[PromptService] Cache cleared

[90mstdout[2m | server/__tests__/prompt-service-branches.test.ts[2m > [22m[2mPrompt Service — Branch Coverage[2m > [22m[2mrenderTemplate[2m > [22m[2mshould handle nested variable inside conditional
[22m[39m[PromptService] Cache cleared

[90mstdout[2m | server/__tests__/prompt-service-branches.test.ts[2m > [22m[2mPrompt Service — Branch Coverage[2m > [22m[2mrenderTemplate[2m > [22m[2mshould preserve text outside conditionals when var is falsy
[22m[39m[PromptService] Cache cleared

[90mstdout[2m | server/__tests__/prompt-service-branches.test.ts[2m > [22m[2mPrompt Service — Branch Coverage[2m > [22m[2mrenderTemplate[2m > [22m[2mshould preserve text outside conditionals when var is falsy
[22m[39m[PromptService] Cache cleared

[90mstdout[2m | server/__tests__/prompt-service-branches.test.ts[2m > [22m[2mPrompt Service — Branch Coverage[2m > [22m[2mrenderTemplate[2m > [22m[2mshould handle empty template
[22m[39m[PromptService] Cache cleared

[90mstdout[2m | server/__tests__/prompt-service-branches.test.ts[2m > [22m[2mPrompt Service — Branch Coverage[2m > [22m[2mrenderTemplate[2m > [22m[2mshould handle empty template
[22m[39m[PromptService] Cache cleared

[90mstdout[2m | server/__tests__/prompt-service-branches.test.ts[2m > [22m[2mPrompt Service — Branch Coverage[2m > [22m[2mrenderTemplate[2m > [22m[2mshould trim whitespace from both sides
[22m[39m[PromptService] Cache cleared

[90mstdout[2m | server/__tests__/prompt-service-branches.test.ts[2m > [22m[2mPrompt Service — Branch Coverage[2m > [22m[2mrenderTemplate[2m > [22m[2mshould trim whitespace from both sides
[22m[39m[PromptService] Cache cleared

[90mstdout[2m | server/__tests__/prompt-service-branches.test.ts[2m > [22m[2mPrompt Service — Branch Coverage[2m > [22m[2mrenderTemplate[2m > [22m[2mshould handle template with no variables at all
[22m[39m[PromptService] Cache cleared

[90mstdout[2m | server/__tests__/prompt-service-branches.test.ts[2m > [22m[2mPrompt Service — Branch Coverage[2m > [22m[2mrenderTemplate[2m > [22m[2mshould handle template with no variables at all
[22m[39m[PromptService] Cache cleared

[90mstdout[2m | server/__tests__/prompt-service-branches.test.ts[2m > [22m[2mPrompt Service — Branch Coverage[2m > [22m[2mrenderTemplate[2m > [22m[2mshould handle template with only whitespace
[22m[39m[PromptService] Cache cleared

[90mstdout[2m | server/__tests__/prompt-service-branches.test.ts[2m > [22m[2mPrompt Service — Branch Coverage[2m > [22m[2mrenderTemplate[2m > [22m[2mshould handle template with only whitespace
[22m[39m[PromptService] Cache cleared

[90mstdout[2m | server/__tests__/prompt-service-branches.test.ts[2m > [22m[2mPrompt Service — Branch Coverage[2m > [22m[2mrenderTemplate[2m > [22m[2mshould handle sequential conditionals
[22m[39m[PromptService] Cache cleared

[90mstdout[2m | server/__tests__/prompt-service-branches.test.ts[2m > [22m[2mPrompt Service — Branch Coverage[2m > [22m[2mrenderTemplate[2m > [22m[2mshould handle sequential conditionals
[22m[39m[PromptService] Cache cleared

[90mstdout[2m | server/__tests__/prompt-service-branches.test.ts[2m > [22m[2mPrompt Service — Branch Coverage[2m > [22m[2mgetRenderedPrompt[2m > [22m[2mshould return rendered prompt when template found (success)
[22m[39m[PromptService] Cache cleared

[90mstdout[2m | server/__tests__/prompt-service-branches.test.ts[2m > [22m[2mPrompt Service — Branch Coverage[2m > [22m[2mgetRenderedPrompt[2m > [22m[2mshould return rendered prompt when template found (success)
[22m[39m[PromptService] Cache cleared

[90mstdout[2m | server/__tests__/prompt-service-branches.test.ts[2m > [22m[2mPrompt Service — Branch Coverage[2m > [22m[2mgetRenderedPrompt[2m > [22m[2mshould return null when template not found (null branch)
[22m[39m[PromptService] Cache cleared

[90mstdout[2m | server/__tests__/prompt-service-branches.test.ts[2m > [22m[2mPrompt Service — Branch Coverage[2m > [22m[2mgetRenderedPrompt[2m > [22m[2mshould return null when template not found (null branch)
[22m[39m[PromptService] Cache cleared

[90mstdout[2m | server/__tests__/prompt-service-branches.test.ts[2m > [22m[2mPrompt Service — Branch Coverage[2m > [22m[2mgetRenderedPrompt[2m > [22m[2mshould render fallback template with variables
[22m[39m[PromptService] Cache cleared

[90mstdout[2m | server/__tests__/prompt-service-branches.test.ts[2m > [22m[2mPrompt Service — Branch Coverage[2m > [22m[2mgetRenderedPrompt[2m > [22m[2mshould render fallback template with variables
[22m[39m[PromptService] Using fallback prompt {"name":"Policy Chat Assistant"}

[90mstdout[2m | server/__tests__/prompt-service-branches.test.ts[2m > [22m[2mPrompt Service — Branch Coverage[2m > [22m[2mgetRenderedPrompt[2m > [22m[2mshould render fallback template with variables
[22m[39m[PromptService] Cache cleared

[90mstdout[2m | server/__tests__/prompt-service-branches.test.ts[2m > [22m[2mPrompt Service — Branch Coverage[2m > [22m[2mgetRenderedPrompt[2m > [22m[2mshould render without optional fields (no provider, model, parameters)
[22m[39m[PromptService] Cache cleared

[90mstdout[2m | server/__tests__/prompt-service-branches.test.ts[2m > [22m[2mPrompt Service — Branch Coverage[2m > [22m[2mgetRenderedPrompt[2m > [22m[2mshould render without optional fields (no provider, model, parameters)
[22m[39m[PromptService] Cache cleared

[90mstdout[2m | server/__tests__/prompt-service-branches.test.ts[2m > [22m[2mPrompt Service — Branch Coverage[2m > [22m[2mgetExtractionPrompt[2m > [22m[2mshould use type-specific prompt when policyType provided and DB has it
[22m[39m[PromptService] Cache cleared

[90mstdout[2m | server/__tests__/prompt-service-branches.test.ts[2m > [22m[2mPrompt Service — Branch Coverage[2m > [22m[2mgetExtractionPrompt[2m > [22m[2mshould use type-specific prompt when policyType provided and DB has it
[22m[39m[PromptService] Cache cleared

[90mstdout[2m | server/__tests__/prompt-service-branches.test.ts[2m > [22m[2mPrompt Service — Branch Coverage[2m > [22m[2mgetExtractionPrompt[2m > [22m[2mshould fall back to master when type-specific not found
[22m[39m[PromptService] Cache cleared

[90mstdout[2m | server/__tests__/prompt-service-branches.test.ts[2m > [22m[2mPrompt Service — Branch Coverage[2m > [22m[2mgetExtractionPrompt[2m > [22m[2mshould fall back to master when type-specific not found
[22m[39m[PromptService] Using fallback prompt {"name":"Policy Extraction - Master"}

[90mstdout[2m | server/__tests__/prompt-service-branches.test.ts[2m > [22m[2mPrompt Service — Branch Coverage[2m > [22m[2mgetExtractionPrompt[2m > [22m[2mshould fall back to master when type-specific not found
[22m[39m[PromptService] Cache cleared

[90mstdout[2m | server/__tests__/prompt-service-branches.test.ts[2m > [22m[2mPrompt Service — Branch Coverage[2m > [22m[2mgetExtractionPrompt[2m > [22m[2mshould use master prompt when no policyType provided
[22m[39m[PromptService] Cache cleared

[90mstdout[2m | server/__tests__/prompt-service-branches.test.ts[2m > [22m[2mPrompt Service — Branch Coverage[2m > [22m[2mgetExtractionPrompt[2m > [22m[2mshould use master prompt when no policyType provided
[22m[39m[PromptService] Using fallback prompt {"name":"Policy Extraction - Master"}

[90mstdout[2m | server/__tests__/prompt-service-branches.test.ts[2m > [22m[2mPrompt Service — Branch Coverage[2m > [22m[2mgetExtractionPrompt[2m > [22m[2mshould use master prompt when no policyType provided
[22m[39m[PromptService] Cache cleared

[90mstdout[2m | server/__tests__/prompt-service-branches.test.ts[2m > [22m[2mPrompt Service — Branch Coverage[2m > [22m[2mgetExtractionPrompt[2m > [22m[2mshould use master for unknown policy type
[22m[39m[PromptService] Cache cleared

[90mstdout[2m | server/__tests__/prompt-service-branches.test.ts[2m > [22m[2mPrompt Service — Branch Coverage[2m > [22m[2mgetExtractionPrompt[2m > [22m[2mshould use master for unknown policy type
[22m[39m[PromptService] Using fallback prompt {"name":"Policy Extraction - Master"}

[90mstdout[2m | server/__tests__/prompt-service-branches.test.ts[2m > [22m[2mPrompt Service — Branch Coverage[2m > [22m[2mgetExtractionPrompt[2m > [22m[2mshould use master for unknown policy type
[22m[39m[PromptService] Cache cleared

[90mstdout[2m | server/__tests__/prompt-service-branches.test.ts[2m > [22m[2mPrompt Service — Branch Coverage[2m > [22m[2mgetExtractionPrompt[2m > [22m[2mshould handle all known policy types via getTypeSpecificPromptName
[22m[39m[PromptService] Cache cleared

[90mstdout[2m | server/__tests__/prompt-service-branches.test.ts[2m > [22m[2mPrompt Service — Branch Coverage[2m > [22m[2mgetExtractionPrompt[2m > [22m[2mshould handle all known policy types via getTypeSpecificPromptName
[22m[39m[PromptService] Cache cleared

[90mstdout[2m | server/__tests__/prompt-service-branches.test.ts[2m > [22m[2mPrompt Service — Branch Coverage[2m > [22m[2mgetExtractionPrompt[2m > [22m[2mshould handle all known policy types via getTypeSpecificPromptName
[22m[39m[PromptService] Using fallback prompt {"name":"Policy Extraction - Master"}

[90mstdout[2m | server/__tests__/prompt-service-branches.test.ts[2m > [22m[2mPrompt Service — Branch Coverage[2m > [22m[2mgetExtractionPrompt[2m > [22m[2mshould handle all known policy types via getTypeSpecificPromptName
[22m[39m[PromptService] Cache cleared

[90mstdout[2m | server/__tests__/prompt-service-branches.test.ts[2m > [22m[2mPrompt Service — Branch Coverage[2m > [22m[2mgetExtractionPrompt[2m > [22m[2mshould handle all known policy types via getTypeSpecificPromptName
[22m[39m[PromptService] Using fallback prompt {"name":"Policy Extraction - Master"}

[90mstdout[2m | server/__tests__/prompt-service-branches.test.ts[2m > [22m[2mPrompt Service — Branch Coverage[2m > [22m[2mgetExtractionPrompt[2m > [22m[2mshould handle all known policy types via getTypeSpecificPromptName
[22m[39m[PromptService] Cache cleared

[90mstdout[2m | server/__tests__/prompt-service-branches.test.ts[2m > [22m[2mPrompt Service — Branch Coverage[2m > [22m[2mgetExtractionPrompt[2m > [22m[2mshould handle all known policy types via getTypeSpecificPromptName
[22m[39m[PromptService] Using fallback prompt {"name":"Policy Extraction - Master"}

[90mstdout[2m | server/__tests__/prompt-service-branches.test.ts[2m > [22m[2mPrompt Service — Branch Coverage[2m > [22m[2mgetExtractionPrompt[2m > [22m[2mshould handle all known policy types via getTypeSpecificPromptName
[22m[39m[PromptService] Cache cleared

[90mstdout[2m | server/__tests__/prompt-service-branches.test.ts[2m > [22m[2mPrompt Service — Branch Coverage[2m > [22m[2mgetExtractionPrompt[2m > [22m[2mshould handle all known policy types via getTypeSpecificPromptName
[22m[39m[PromptService] Using fallback prompt {"name":"Policy Extraction - Master"}

[90mstdout[2m | server/__tests__/prompt-service-branches.test.ts[2m > [22m[2mPrompt Service — Branch Coverage[2m > [22m[2mgetExtractionPrompt[2m > [22m[2mshould handle all known policy types via getTypeSpecificPromptName
[22m[39m[PromptService] Cache cleared

[90mstdout[2m | server/__tests__/prompt-service-branches.test.ts[2m > [22m[2mPrompt Service — Branch Coverage[2m > [22m[2mgetExtractionPrompt[2m > [22m[2mshould handle all known policy types via getTypeSpecificPromptName
[22m[39m[PromptService] Using fallback prompt {"name":"Policy Extraction - Master"}

[90mstdout[2m | server/__tests__/prompt-service-branches.test.ts[2m > [22m[2mPrompt Service — Branch Coverage[2m > [22m[2mgetExtractionPrompt[2m > [22m[2mshould handle all known policy types via getTypeSpecificPromptName
[22m[39m[PromptService] Cache cleared

[90mstdout[2m | server/__tests__/prompt-service-branches.test.ts[2m > [22m[2mPrompt Service — Branch Coverage[2m > [22m[2mgetExtractionPrompt[2m > [22m[2mshould handle all known policy types via getTypeSpecificPromptName
[22m[39m[PromptService] Using fallback prompt {"name":"Policy Extraction - Master"}

[90mstdout[2m | server/__tests__/prompt-service-branches.test.ts[2m > [22m[2mPrompt Service — Branch Coverage[2m > [22m[2mgetExtractionPrompt[2m > [22m[2mshould handle all known policy types via getTypeSpecificPromptName
[22m[39m[PromptService] Cache cleared

[90mstdout[2m | server/__tests__/prompt-service-branches.test.ts[2m > [22m[2mPrompt Service — Branch Coverage[2m > [22m[2mgetExtractionPrompt[2m > [22m[2mshould handle all known policy types via getTypeSpecificPromptName
[22m[39m[PromptService] Using fallback prompt {"name":"Policy Extraction - Master"}

[90mstdout[2m | server/__tests__/prompt-service-branches.test.ts[2m > [22m[2mPrompt Service — Branch Coverage[2m > [22m[2mgetExtractionPrompt[2m > [22m[2mshould handle all known policy types via getTypeSpecificPromptName
[22m[39m[PromptService] Cache cleared

[90mstdout[2m | server/__tests__/prompt-service-branches.test.ts[2m > [22m[2mPrompt Service — Branch Coverage[2m > [22m[2mgetExtractionPrompt[2m > [22m[2mshould handle all known policy types via getTypeSpecificPromptName
[22m[39m[PromptService] Using fallback prompt {"name":"Policy Extraction - Master"}

[90mstdout[2m | server/__tests__/prompt-service-branches.test.ts[2m > [22m[2mPrompt Service — Branch Coverage[2m > [22m[2mgetExtractionPrompt[2m > [22m[2mshould handle all known policy types via getTypeSpecificPromptName
[22m[39m[PromptService] Cache cleared

[90mstdout[2m | server/__tests__/prompt-service-branches.test.ts[2m > [22m[2mPrompt Service — Branch Coverage[2m > [22m[2mgetExtractionPrompt[2m > [22m[2mshould handle uppercase policy type via toLowerCase()
[22m[39m[PromptService] Cache cleared

[90mstdout[2m | server/__tests__/prompt-service-branches.test.ts[2m > [22m[2mPrompt Service — Branch Coverage[2m > [22m[2mgetExtractionPrompt[2m > [22m[2mshould handle uppercase policy type via toLowerCase()
[22m[39m[PromptService] Using fallback prompt {"name":"Policy Extraction - Master"}

[90mstdout[2m | server/__tests__/prompt-service-branches.test.ts[2m > [22m[2mPrompt Service — Branch Coverage[2m > [22m[2mgetExtractionPrompt[2m > [22m[2mshould handle uppercase policy type via toLowerCase()
[22m[39m[PromptService] Cache cleared

[90mstdout[2m | server/__tests__/prompt-service-branches.test.ts[2m > [22m[2mPrompt Service — Branch Coverage[2m > [22m[2mgetChatPrompt[2m > [22m[2mshould render with policy context (conditional truthy)
[22m[39m[PromptService] Cache cleared

[90mstdout[2m | server/__tests__/prompt-service-branches.test.ts[2m > [22m[2mPrompt Service — Branch Coverage[2m > [22m[2mgetChatPrompt[2m > [22m[2mshould render with policy context (conditional truthy)
[22m[39m[PromptService] Using fallback prompt {"name":"Policy Chat Assistant"}

[90mstdout[2m | server/__tests__/prompt-service-branches.test.ts[2m > [22m[2mPrompt Service — Branch Coverage[2m > [22m[2mgetChatPrompt[2m > [22m[2mshould render with policy context (conditional truthy)
[22m[39m[PromptService] Cache cleared

[90mstdout[2m | server/__tests__/prompt-service-branches.test.ts[2m > [22m[2mPrompt Service — Branch Coverage[2m > [22m[2mgetChatPrompt[2m > [22m[2mshould render without policy context (conditional falsy)
[22m[39m[PromptService] Cache cleared

[90mstdout[2m | server/__tests__/prompt-service-branches.test.ts[2m > [22m[2mPrompt Service — Branch Coverage[2m > [22m[2mgetChatPrompt[2m > [22m[2mshould render without policy context (conditional falsy)
[22m[39m[PromptService] Using fallback prompt {"name":"Policy Chat Assistant"}

[90mstdout[2m | server/__tests__/prompt-service-branches.test.ts[2m > [22m[2mPrompt Service — Branch Coverage[2m > [22m[2mgetChatPrompt[2m > [22m[2mshould render without policy context (conditional falsy)
[22m[39m[PromptService] Cache cleared

[90mstdout[2m | server/__tests__/prompt-service-branches.test.ts[2m > [22m[2mPrompt Service — Branch Coverage[2m > [22m[2mgetChatPrompt[2m > [22m[2mshould render with undefined policy context
[22m[39m[PromptService] Cache cleared

[90mstdout[2m | server/__tests__/prompt-service-branches.test.ts[2m > [22m[2mPrompt Service — Branch Coverage[2m > [22m[2mgetChatPrompt[2m > [22m[2mshould render with undefined policy context
[22m[39m[PromptService] Using fallback prompt {"name":"Policy Chat Assistant"}

[90mstdout[2m | server/__tests__/prompt-service-branches.test.ts[2m > [22m[2mPrompt Service — Branch Coverage[2m > [22m[2mgetChatPrompt[2m > [22m[2mshould render with undefined policy context
[22m[39m[PromptService] Cache cleared

[90mstdout[2m | server/__tests__/prompt-service-branches.test.ts[2m > [22m[2mPrompt Service — Branch Coverage[2m > [22m[2mgetOCRPrompt[2m > [22m[2mshould render OCR prompt with raw text
[22m[39m[PromptService] Cache cleared

[90mstdout[2m | server/__tests__/prompt-service-branches.test.ts[2m > [22m[2mPrompt Service — Branch Coverage[2m > [22m[2mgetOCRPrompt[2m > [22m[2mshould render OCR prompt with raw text
[22m[39m[PromptService] Using fallback prompt {"name":"OCR Correction - Lightweight"}

[90mstdout[2m | server/__tests__/prompt-service-branches.test.ts[2m > [22m[2mPrompt Service — Branch Coverage[2m > [22m[2mgetOCRPrompt[2m > [22m[2mshould render OCR prompt with raw text
[22m[39m[PromptService] Cache cleared

[90mstdout[2m | server/__tests__/prompt-service-branches.test.ts[2m > [22m[2mPrompt Service — Branch Coverage[2m > [22m[2mgetTypeDetectionPrompt[2m > [22m[2mshould render type detection prompt with document text
[22m[39m[PromptService] Cache cleared

[90mstdout[2m | server/__tests__/prompt-service-branches.test.ts[2m > [22m[2mPrompt Service — Branch Coverage[2m > [22m[2mgetTypeDetectionPrompt[2m > [22m[2mshould render type detection prompt with document text
[22m[39m[PromptService] Using fallback prompt {"name":"Policy Type Detection"}

[90mstdout[2m | server/__tests__/prompt-service-branches.test.ts[2m > [22m[2mPrompt Service — Branch Coverage[2m > [22m[2mgetTypeDetectionPrompt[2m > [22m[2mshould render type detection prompt with document text
[22m[39m[PromptService] Cache cleared

[90mstdout[2m | server/__tests__/prompt-service-branches.test.ts[2m > [22m[2mPrompt Service — Branch Coverage[2m > [22m[2mmapFromDatabase branches (via getPromptById)[2m > [22m[2mshould handle missing description (empty string fallback)
[22m[39m[PromptService] Cache cleared

[90mstdout[2m | server/__tests__/prompt-service-branches.test.ts[2m > [22m[2mPrompt Service — Branch Coverage[2m > [22m[2mmapFromDatabase branches (via getPromptById)[2m > [22m[2mshould handle missing description (empty string fallback)
[22m[39m[PromptService] Cache cleared

[90mstdout[2m | server/__tests__/prompt-service-branches.test.ts[2m > [22m[2mPrompt Service — Branch Coverage[2m > [22m[2mmapFromDatabase branches (via getPromptById)[2m > [22m[2mshould handle empty description string
[22m[39m[PromptService] Cache cleared

[90mstdout[2m | server/__tests__/prompt-service-branches.test.ts[2m > [22m[2mPrompt Service — Branch Coverage[2m > [22m[2mmapFromDatabase branches (via getPromptById)[2m > [22m[2mshould handle empty description string
[22m[39m[PromptService] Cache cleared

[90mstdout[2m | server/__tests__/prompt-service-branches.test.ts[2m > [22m[2mPrompt Service — Branch Coverage[2m > [22m[2mmapFromDatabase branches (via getPromptById)[2m > [22m[2mshould handle missing variables (empty array fallback)
[22m[39m[PromptService] Cache cleared

[90mstdout[2m | server/__tests__/prompt-service-branches.test.ts[2m > [22m[2mPrompt Service — Branch Coverage[2m > [22m[2mmapFromDatabase branches (via getPromptById)[2m > [22m[2mshould handle missing variables (empty array fallback)
[22m[39m[PromptService] Cache cleared

[90mstdout[2m | server/__tests__/prompt-service-branches.test.ts[2m > [22m[2mPrompt Service — Branch Coverage[2m > [22m[2mmapFromDatabase branches (via getPromptById)[2m > [22m[2mshould handle undefined variables (empty array fallback)
[22m[39m[PromptService] Cache cleared

[90mstdout[2m | server/__tests__/prompt-service-branches.test.ts[2m > [22m[2mPrompt Service — Branch Coverage[2m > [22m[2mmapFromDatabase branches (via getPromptById)[2m > [22m[2mshould handle undefined variables (empty array fallback)
[22m[39m[PromptService] Cache cleared

[90mstdout[2m | server/__tests__/prompt-service-branches.test.ts[2m > [22m[2mPrompt Service — Branch Coverage[2m > [22m[2mmapFromDatabase branches (via getPromptById)[2m > [22m[2mshould handle missing version (default 1 fallback)
[22m[39m[PromptService] Cache cleared

[90mstdout[2m | server/__tests__/prompt-service-branches.test.ts[2m > [22m[2mPrompt Service — Branch Coverage[2m > [22m[2mmapFromDatabase branches (via getPromptById)[2m > [22m[2mshould handle missing version (default 1 fallback)
[22m[39m[PromptService] Cache cleared

[90mstdout[2m | server/__tests__/prompt-service-branches.test.ts[2m > [22m[2mPrompt Service — Branch Coverage[2m > [22m[2mmapFromDatabase branches (via getPromptById)[2m > [22m[2mshould handle version 0 (falsy, defaults to 1)
[22m[39m[PromptService] Cache cleared

[90mstdout[2m | server/__tests__/prompt-service-branches.test.ts[2m > [22m[2mPrompt Service — Branch Coverage[2m > [22m[2mmapFromDatabase branches (via getPromptById)[2m > [22m[2mshould handle version 0 (falsy, defaults to 1)
[22m[39m[PromptService] Cache cleared

[90mstdout[2m | server/__tests__/prompt-service-branches.test.ts[2m > [22m[2mPrompt Service — Branch Coverage[2m > [22m[2mmapFromDatabase branches (via getPromptById)[2m > [22m[2mshould preserve provided version number
[22m[39m[PromptService] Cache cleared

[90mstdout[2m | server/__tests__/prompt-service-branches.test.ts[2m > [22m[2mPrompt Service — Branch Coverage[2m > [22m[2mmapFromDatabase branches (via getPromptById)[2m > [22m[2mshould preserve provided version number
[22m[39m[PromptService] Cache cleared

[90mstdout[2m | server/__tests__/prompt-service-branches.test.ts[2m > [22m[2mPrompt Service — Branch Coverage[2m > [22m[2mmapFromDatabase branches (via getPromptById)[2m > [22m[2mshould handle missing defaultProvider and defaultModel
[22m[39m[PromptService] Cache cleared

[90mstdout[2m | server/__tests__/prompt-service-branches.test.ts[2m > [22m[2mPrompt Service — Branch Coverage[2m > [22m[2mmapFromDatabase branches (via getPromptById)[2m > [22m[2mshould handle missing defaultProvider and defaultModel
[22m[39m[PromptService] Cache cleared

[90mstdout[2m | server/__tests__/prompt-service-branches.test.ts[2m > [22m[2mPrompt Service — Branch Coverage[2m > [22m[2mmapFromDatabase branches (via getPromptById)[2m > [22m[2mshould handle missing parameters
[22m[39m[PromptService] Cache cleared

[90mstdout[2m | server/__tests__/prompt-service-branches.test.ts[2m > [22m[2mPrompt Service — Branch Coverage[2m > [22m[2mmapFromDatabase branches (via getPromptById)[2m > [22m[2mshould handle missing parameters
[22m[39m[PromptService] Cache cleared

[90mstdout[2m | server/__tests__/prompt-service-branches.test.ts[2m > [22m[2mPrompt Service — Branch Coverage[2m > [22m[2mmapFromDatabase branches (via getPromptById)[2m > [22m[2mshould map all fields correctly from DB row
[22m[39m[PromptService] Cache cleared

[90mstdout[2m | server/__tests__/prompt-service-branches.test.ts[2m > [22m[2mPrompt Service — Branch Coverage[2m > [22m[2mmapFromDatabase branches (via getPromptById)[2m > [22m[2mshould map all fields correctly from DB row
[22m[39m[PromptService] Cache cleared

[90mstdout[2m | server/__tests__/prompt-service-branches.test.ts[2m > [22m[2mPrompt Service — Branch Coverage[2m > [22m[2mupdatePrompt[2m > [22m[2mshould handle current version null (newVersion = 0+1 = 1)
[22m[39m[PromptService] Cache cleared

[90mstdout[2m | server/__tests__/prompt-service-branches.test.ts[2m > [22m[2mPrompt Service — Branch Coverage[2m > [22m[2mupdatePrompt[2m > [22m[2mshould handle current version null (newVersion = 0+1 = 1)
[22m[39m[PromptService] Cache cleared

[90mstdout[2m | server/__tests__/prompt-service-branches.test.ts[2m > [22m[2mPrompt Service — Branch Coverage[2m > [22m[2mupdatePrompt[2m > [22m[2mshould handle current version null (newVersion = 0+1 = 1)
[22m[39m[PromptService] Cache cleared

[90mstdout[2m | server/__tests__/prompt-service-branches.test.ts[2m > [22m[2mPrompt Service — Branch Coverage[2m > [22m[2mupdatePrompt[2m > [22m[2mshould increment version from current when found
[22m[39m[PromptService] Cache cleared

[90mstdout[2m | server/__tests__/prompt-service-branches.test.ts[2m > [22m[2mPrompt Service — Branch Coverage[2m > [22m[2mupdatePrompt[2m > [22m[2mshould increment version from current when found
[22m[39m[PromptService] Cache cleared

[90mstdout[2m | server/__tests__/prompt-service-branches.test.ts[2m > [22m[2mPrompt Service — Branch Coverage[2m > [22m[2mupdatePrompt[2m > [22m[2mshould increment version from current when found
[22m[39m[PromptService] Cache cleared

[90mstdout[2m | server/__tests__/prompt-service-branches.test.ts[2m > [22m[2mPrompt Service — Branch Coverage[2m > [22m[2mupdatePrompt[2m > [22m[2mshould return null when update returns error
[22m[39m[PromptService] Cache cleared

[90mstdout[2m | server/__tests__/prompt-service-branches.test.ts[2m > [22m[2mPrompt Service — Branch Coverage[2m > [22m[2mupdatePrompt[2m > [22m[2mshould return null when update returns error
[22m[39m[PromptService] Cache cleared

[90mstdout[2m | server/__tests__/prompt-service-branches.test.ts[2m > [22m[2mPrompt Service — Branch Coverage[2m > [22m[2mupdatePrompt[2m > [22m[2mshould NOT create version record when only name changes
[22m[39m[PromptService] Cache cleared

[90mstdout[2m | server/__tests__/prompt-service-branches.test.ts[2m > [22m[2mPrompt Service — Branch Coverage[2m > [22m[2mupdatePrompt[2m > [22m[2mshould NOT create version record when only name changes
[22m[39m[PromptService] Cache cleared

[90mstdout[2m | server/__tests__/prompt-service-branches.test.ts[2m > [22m[2mPrompt Service — Branch Coverage[2m > [22m[2mupdatePrompt[2m > [22m[2mshould NOT create version record when only name changes
[22m[39m[PromptService] Cache cleared

[90mstdout[2m | server/__tests__/prompt-service-branches.test.ts[2m > [22m[2mPrompt Service — Branch Coverage[2m > [22m[2mupdatePrompt[2m > [22m[2mshould create version record when userPromptTemplate changes
[22m[39m[PromptService] Cache cleared

[90mstdout[2m | server/__tests__/prompt-service-branches.test.ts[2m > [22m[2mPrompt Service — Branch Coverage[2m > [22m[2mupdatePrompt[2m > [22m[2mshould create version record when userPromptTemplate changes
[22m[39m[PromptService] Cache cleared

[90mstdout[2m | server/__tests__/prompt-service-branches.test.ts[2m > [22m[2mPrompt Service — Branch Coverage[2m > [22m[2mupdatePrompt[2m > [22m[2mshould create version record when userPromptTemplate changes
[22m[39m[PromptService] Cache cleared

[90mstdout[2m | server/__tests__/prompt-service-branches.test.ts[2m > [22m[2mPrompt Service — Branch Coverage[2m > [22m[2mupdatePrompt[2m > [22m[2mshould create version record when systemPrompt changes
[22m[39m[PromptService] Cache cleared

[90mstdout[2m | server/__tests__/prompt-service-branches.test.ts[2m > [22m[2mPrompt Service — Branch Coverage[2m > [22m[2mupdatePrompt[2m > [22m[2mshould create version record when systemPrompt changes
[22m[39m[PromptService] Cache cleared

[90mstdout[2m | server/__tests__/prompt-service-branches.test.ts[2m > [22m[2mPrompt Service — Branch Coverage[2m > [22m[2mupdatePrompt[2m > [22m[2mshould create version record when systemPrompt changes
[22m[39m[PromptService] Cache cleared

[90mstdout[2m | server/__tests__/prompt-service-branches.test.ts[2m > [22m[2mPrompt Service — Branch Coverage[2m > [22m[2mupdatePrompt[2m > [22m[2mshould handle exception during update (catch branch with Error)
[22m[39m[PromptService] Cache cleared

[90mstdout[2m | server/__tests__/prompt-service-branches.test.ts[2m > [22m[2mPrompt Service — Branch Coverage[2m > [22m[2mupdatePrompt[2m > [22m[2mshould handle exception during update (catch branch with Error)
[22m[39m[PromptService] Cache cleared

[90mstdout[2m | server/__tests__/prompt-service-branches.test.ts[2m > [22m[2mPrompt Service — Branch Coverage[2m > [22m[2mupdatePrompt[2m > [22m[2mshould handle non-Error exception in update (String(err) branch)
[22m[39m[PromptService] Cache cleared

[90mstdout[2m | server/__tests__/prompt-service-branches.test.ts[2m > [22m[2mPrompt Service — Branch Coverage[2m > [22m[2mupdatePrompt[2m > [22m[2mshould handle non-Error exception in update (String(err) branch)
[22m[39m[PromptService] Cache cleared

[90mstdout[2m | server/__tests__/prompt-service-branches.test.ts[2m > [22m[2mPrompt Service — Branch Coverage[2m > [22m[2mupdatePrompt[2m > [22m[2mshould update with isActive and parameters
[22m[39m[PromptService] Cache cleared

[90mstdout[2m | server/__tests__/prompt-service-branches.test.ts[2m > [22m[2mPrompt Service — Branch Coverage[2m > [22m[2mupdatePrompt[2m > [22m[2mshould update with isActive and parameters
[22m[39m[PromptService] Cache cleared

[90mstdout[2m | server/__tests__/prompt-service-branches.test.ts[2m > [22m[2mPrompt Service — Branch Coverage[2m > [22m[2mupdatePrompt[2m > [22m[2mshould update with isActive and parameters
[22m[39m[PromptService] Cache cleared

[90mstdout[2m | server/__tests__/prompt-service-branches.test.ts[2m > [22m[2mPrompt Service — Branch Coverage[2m > [22m[2mcreatePrompt[2m > [22m[2mshould create prompt successfully (success branch)
[22m[39m[PromptService] Cache cleared

[90mstdout[2m | server/__tests__/prompt-service-branches.test.ts[2m > [22m[2mPrompt Service — Branch Coverage[2m > [22m[2mcreatePrompt[2m > [22m[2mshould create prompt successfully (success branch)
[22m[39m[PromptService] Cache cleared

[90mstdout[2m | server/__tests__/prompt-service-branches.test.ts[2m > [22m[2mPrompt Service — Branch Coverage[2m > [22m[2mcreatePrompt[2m > [22m[2mshould create prompt successfully (success branch)
[22m[39m[PromptService] Cache cleared

[90mstdout[2m | server/__tests__/prompt-service-branches.test.ts[2m > [22m[2mPrompt Service — Branch Coverage[2m > [22m[2mcreatePrompt[2m > [22m[2mshould return null when insert returns error (error branch)
[22m[39m[PromptService] Cache cleared

[90mstdout[2m | server/__tests__/prompt-service-branches.test.ts[2m > [22m[2mPrompt Service — Branch Coverage[2m > [22m[2mcreatePrompt[2m > [22m[2mshould return null when insert returns error (error branch)
[22m[39m[PromptService] Cache cleared

[90mstdout[2m | server/__tests__/prompt-service-branches.test.ts[2m > [22m[2mPrompt Service — Branch Coverage[2m > [22m[2mcreatePrompt[2m > [22m[2mshould handle exception during create (catch branch with Error)
[22m[39m[PromptService] Cache cleared

[90mstdout[2m | server/__tests__/prompt-service-branches.test.ts[2m > [22m[2mPrompt Service — Branch Coverage[2m > [22m[2mcreatePrompt[2m > [22m[2mshould handle exception during create (catch branch with Error)
[22m[39m[PromptService] Cache cleared

[90mstdout[2m | server/__tests__/prompt-service-branches.test.ts[2m > [22m[2mPrompt Service — Branch Coverage[2m > [22m[2mcreatePrompt[2m > [22m[2mshould handle non-Error exception in create (String(err) branch)
[22m[39m[PromptService] Cache cleared

[90mstdout[2m | server/__tests__/prompt-service-branches.test.ts[2m > [22m[2mPrompt Service — Branch Coverage[2m > [22m[2mcreatePrompt[2m > [22m[2mshould handle non-Error exception in create (String(err) branch)
[22m[39m[PromptService] Cache cleared

[90mstdout[2m | server/__tests__/prompt-service-branches.test.ts[2m > [22m[2mPrompt Service — Branch Coverage[2m > [22m[2mcreatePrompt[2m > [22m[2mshould create prompt with all optional fields
[22m[39m[PromptService] Cache cleared

[90mstdout[2m | server/__tests__/prompt-service-branches.test.ts[2m > [22m[2mPrompt Service — Branch Coverage[2m > [22m[2mcreatePrompt[2m > [22m[2mshould create prompt with all optional fields
[22m[39m[PromptService] Cache cleared

[90mstdout[2m | server/__tests__/prompt-service-branches.test.ts[2m > [22m[2mPrompt Service — Branch Coverage[2m > [22m[2mcreatePrompt[2m > [22m[2mshould create prompt with all optional fields
[22m[39m[PromptService] Cache cleared

[90mstdout[2m | server/__tests__/prompt-service-branches.test.ts[2m > [22m[2mPrompt Service — Branch Coverage[2m > [22m[2mclearPromptCache[2m > [22m[2mshould clear the cache so subsequent calls hit DB
[22m[39m[PromptService] Cache cleared

[90mstdout[2m | server/__tests__/prompt-service-branches.test.ts[2m > [22m[2mPrompt Service — Branch Coverage[2m > [22m[2mclearPromptCache[2m > [22m[2mshould clear the cache so subsequent calls hit DB
[22m[39m[PromptService] Cache cleared

[90mstdout[2m | server/__tests__/prompt-service-branches.test.ts[2m > [22m[2mPrompt Service — Branch Coverage[2m > [22m[2mclearPromptCache[2m > [22m[2mshould clear the cache so subsequent calls hit DB
[22m[39m[PromptService] Cache cleared

[90mstdout[2m | server/__tests__/prompt-service-branches.test.ts[2m > [22m[2mPrompt Service — Branch Coverage[2m > [22m[2mFallback prompt content branches[2m > [22m[2mmaster extraction fallback has expected fields
[22m[39m[PromptService] Cache cleared

[90mstdout[2m | server/__tests__/prompt-service-branches.test.ts[2m > [22m[2mPrompt Service — Branch Coverage[2m > [22m[2mFallback prompt content branches[2m > [22m[2mmaster extraction fallback has expected fields
[22m[39m[PromptService] Using fallback prompt {"name":"Policy Extraction - Master"}

[90mstdout[2m | server/__tests__/prompt-service-branches.test.ts[2m > [22m[2mPrompt Service — Branch Coverage[2m > [22m[2mFallback prompt content branches[2m > [22m[2mmaster extraction fallback has expected fields
[22m[39m[PromptService] Cache cleared

[90mstdout[2m | server/__tests__/prompt-service-branches.test.ts[2m > [22m[2mPrompt Service — Branch Coverage[2m > [22m[2mFallback prompt content branches[2m > [22m[2mchat assistant fallback has expected fields
[22m[39m[PromptService] Cache cleared

[90mstdout[2m | server/__tests__/prompt-service-branches.test.ts[2m > [22m[2mPrompt Service — Branch Coverage[2m > [22m[2mFallback prompt content branches[2m > [22m[2mchat assistant fallback has expected fields
[22m[39m[PromptService] Using fallback prompt {"name":"Policy Chat Assistant"}

[90mstdout[2m | server/__tests__/prompt-service-branches.test.ts[2m > [22m[2mPrompt Service — Branch Coverage[2m > [22m[2mFallback prompt content branches[2m > [22m[2mchat assistant fallback has expected fields
[22m[39m[PromptService] Cache cleared

[90mstdout[2m | server/__tests__/prompt-service-branches.test.ts[2m > [22m[2mPrompt Service — Branch Coverage[2m > [22m[2mFallback prompt content branches[2m > [22m[2mOCR correction fallback has expected fields
[22m[39m[PromptService] Cache cleared

[90mstdout[2m | server/__tests__/prompt-service-branches.test.ts[2m > [22m[2mPrompt Service — Branch Coverage[2m > [22m[2mFallback prompt content branches[2m > [22m[2mOCR correction fallback has expected fields
[22m[39m[PromptService] Using fallback prompt {"name":"OCR Correction - Lightweight"}

[90mstdout[2m | server/__tests__/prompt-service-branches.test.ts[2m > [22m[2mPrompt Service — Branch Coverage[2m > [22m[2mFallback prompt content branches[2m > [22m[2mOCR correction fallback has expected fields
[22m[39m[PromptService] Cache cleared

[90mstdout[2m | server/__tests__/prompt-service-branches.test.ts[2m > [22m[2mPrompt Service — Branch Coverage[2m > [22m[2mFallback prompt content branches[2m > [22m[2mtype detection fallback has expected fields
[22m[39m[PromptService] Cache cleared

[90mstdout[2m | server/__tests__/prompt-service-branches.test.ts[2m > [22m[2mPrompt Service — Branch Coverage[2m > [22m[2mFallback prompt content branches[2m > [22m[2mtype detection fallback has expected fields
[22m[39m[PromptService] Using fallback prompt {"name":"Policy Type Detection"}

[90mstdout[2m | server/__tests__/prompt-service-branches.test.ts[2m > [22m[2mPrompt Service — Branch Coverage[2m > [22m[2mFallback prompt content branches[2m > [22m[2mtype detection fallback has expected fields
[22m[39m[PromptService] Cache cleared

[90mstdout[2m | server/__tests__/prompt-service-branches.test.ts[2m > [22m[2mPrompt Service — Branch Coverage[2m > [22m[2mdefault export[2m > [22m[2mshould export all functions
[22m[39m[PromptService] Cache cleared

[90mstdout[2m | server/__tests__/prompt-service-branches.test.ts[2m > [22m[2mPrompt Service — Branch Coverage[2m > [22m[2mdefault export[2m > [22m[2mshould export all functions
[22m[39m[PromptService] Cache cleared

 [32m✓[39m server/__tests__/prompt-service-branches.test.ts [2m([22m[2m97 tests[22m[2m)[22m[32m 135[2mms[22m[39m
 [32m✓[39m src/components/ui/loading.test.tsx [2m([22m[2m21 tests[22m[2m)[22m[33m 323[2mms[22m[39m
 [32m✓[39m src/components/landing/CompareSection.test.tsx [2m([22m[2m11 tests[22m[2m)[22m[32m 106[2mms[22m[39m
 [32m✓[39m src/hooks/usePdfExport.branches.test.ts [2m([22m[2m56 tests[22m[2m)[22m[32m 77[2mms[22m[39m
 [32m✓[39m server/__tests__/email-service-branches.test.ts [2m([22m[2m75 tests[22m[2m)[22m[32m 62[2mms[22m[39m
 [32m✓[39m src/lib/policy-evaluation/__tests__/benchmark-service-branches.test.ts [2m([22m[2m115 tests[22m[2m)[22m[32m 139[2mms[22m[39m
 [32m✓[39m src/lib/pipeline/ai-ocr-cleaner.test.ts [2m([22m[2m35 tests[22m[2m)[22m[32m 81[2mms[22m[39m
 [32m✓[39m server/__tests__/admin-db.test.ts [2m([22m[2m96 tests[22m[2m)[22m[32m 76[2mms[22m[39m
 [32m✓[39m src/lib/processing-logger.branches.test.ts [2m([22m[2m45 tests[22m[2m)[22m[32m 73[2mms[22m[39m
 [32m✓[39m src/components/ProtectedRoute.test.tsx [2m([22m[2m6 tests[22m[2m)[22m[32m 90[2mms[22m[39m
 [32m✓[39m src/lib/analytics.test.ts [2m([22m[2m57 tests[22m[2m)[22m[32m 136[2mms[22m[39m
 [32m✓[39m src/lib/__tests__/export-cross-path-alignment.test.ts [2m([22m[2m16 tests[22m[2m)[22m[32m 91[2mms[22m[39m
 [32m✓[39m src/lib/privacy/consent-manager-coverage.test.ts [2m([22m[2m50 tests[22m[2m)[22m[32m 58[2mms[22m[39m
 [32m✓[39m src/lib/ocr-decision/__tests__/ocr-engine-branches.test.ts [2m([22m[2m136 tests[22m[2m)[22m[32m 57[2mms[22m[39m
 [32m✓[39m src/components/landing/LanguageToggle.test.tsx [2m([22m[2m9 tests[22m[2m)[22m[32m 62[2mms[22m[39m
 [32m✓[39m src/components/PageLoader.test.tsx [2m([22m[2m12 tests[22m[2m)[22m[32m 56[2mms[22m[39m
 [32m✓[39m src/lib/config/__tests__/configuration-service.test.ts [2m([22m[2m132 tests[22m[2m)[22m[32m 55[2mms[22m[39m
 [32m✓[39m src/lib/i18n/translations.test.ts [2m([22m[2m50 tests[22m[2m)[22m[32m 18[2mms[22m[39m
 [32m✓[39m src/lib/free-trial.test.ts [2m([22m[2m86 tests[22m[2m)[22m[32m 52[2mms[22m[39m
 [32m✓[39m src/__tests__/evaluation-scoring-sample-data.test.ts [2m([22m[2m63 tests[22m[2m)[22m[32m 45[2mms[22m[39m
 [32m✓[39m src/lib/ocr-decision/ocr-decision-engine.test.ts [2m([22m[2m81 tests[22m[2m)[22m[32m 49[2mms[22m[39m
[90mstdout[2m | src/lib/analysis/__tests__/validation-harness.test.ts[2m > [22m[2mValidation: Summary Table[2m > [22m[2mgenerates structured summary for all samples
[22m[39m┌─────────┬─────────────────────┬────────────┬─────────────────┬─────────────────────────┬─────┬──────┬──────┬──────┬────────────┬────────────┐
│ (index) │ id                  │ branch     │ quality         │ mode                    │ cov │ rest │ risk │ miss │ suppressed │ prohibited │
├─────────┼─────────────────────┼────────────┼─────────────────┼─────────────────────────┼─────┼──────┼──────┼──────┼────────────┼────────────┤
│ 0       │ [32m'KASKO-CLEAN-001'[39m   │ [32m'kasko'[39m    │ [32m'clean'[39m         │ [32m'full'[39m                  │ [33m3[39m   │ [33m1[39m    │ [33m1[39m    │ [33m0[39m    │ [33m0[39m          │ [33mfalse[39m      │
│ 1       │ [32m'KASKO-NOISY-001'[39m   │ [32m'kasko'[39m    │ [32m'noisy'[39m         │ [32m'human_review_required'[39m │ [33m2[39m   │ [33m0[39m    │ [33m0[39m    │ [33m1[39m    │ [33m2[39m          │ [33mfalse[39m      │
│ 2       │ [32m'TRF-CLEAN-001'[39m     │ [32m'traffic'[39m  │ [32m'clean'[39m         │ [32m'full'[39m                  │ [33m3[39m   │ [33m2[39m    │ [33m0[39m    │ [33m0[39m    │ [33m0[39m          │ [33mfalse[39m      │
│ 3       │ [32m'TRF-NOISY-001'[39m     │ [32m'traffic'[39m  │ [32m'noisy'[39m         │ [32m'restricted'[39m            │ [33m2[39m   │ [33m2[39m    │ [33m1[39m    │ [33m2[39m    │ [33m1[39m          │ [33mfalse[39m      │
│ 4       │ [32m'TRF-EDGE-001'[39m      │ [32m'traffic'[39m  │ [32m'edge'[39m          │ [32m'full'[39m                  │ [33m2[39m   │ [33m0[39m    │ [33m1[39m    │ [33m2[39m    │ [33m1[39m          │ [33mfalse[39m      │
│ 5       │ [32m'HOME-CLEAN-001'[39m    │ [32m'home'[39m     │ [32m'clean'[39m         │ [32m'full'[39m                  │ [33m4[39m   │ [33m3[39m    │ [33m1[39m    │ [33m0[39m    │ [33m0[39m          │ [33mfalse[39m      │
│ 6       │ [32m'HOME-NOISY-001'[39m    │ [32m'home'[39m     │ [32m'noisy'[39m         │ [32m'human_review_required'[39m │ [33m2[39m   │ [33m0[39m    │ [33m0[39m    │ [33m3[39m    │ [33m3[39m          │ [33mfalse[39m      │
│ 7       │ [32m'HOME-CONTRA-001'[39m   │ [32m'home'[39m     │ [32m'contradictory'[39m │ [32m'restricted'[39m            │ [33m2[39m   │ [33m2[39m    │ [33m2[39m    │ [33m0[39m    │ [33m1[39m          │ [33mfalse[39m      │
│ 8       │ [32m'HEALTH-CLEAN-001'[39m  │ [32m'health'[39m   │ [32m'clean'[39m         │ [32m'full'[39m                  │ [33m4[39m   │ [33m4[39m    │ [33m3[39m    │ [33m0[39m    │ [33m1[39m          │ [33mfalse[39m      │
│ 9       │ [32m'HEALTH-NOISY-001'[39m  │ [32m'health'[39m   │ [32m'noisy'[39m         │ [32m'human_review_required'[39m │ [33m2[39m   │ [33m2[39m    │ [33m0[39m    │ [33m3[39m    │ [33m2[39m          │ [33mfalse[39m      │
│ 10      │ [32m'HEALTH-CONTRA-001'[39m │ [32m'health'[39m   │ [32m'contradictory'[39m │ [32m'restricted'[39m            │ [33m2[39m   │ [33m4[39m    │ [33m2[39m    │ [33m0[39m    │ [33m1[39m          │ [33mfalse[39m      │
│ 11      │ [32m'LIFE-CLEAN-001'[39m    │ [32m'life'[39m     │ [32m'clean'[39m         │ [32m'full'[39m                  │ [33m2[39m   │ [33m4[39m    │ [33m0[39m    │ [33m0[39m    │ [33m0[39m          │ [33mfalse[39m      │
│ 12      │ [32m'LIFE-NOISY-001'[39m    │ [32m'life'[39m     │ [32m'noisy'[39m         │ [32m'human_review_required'[39m │ [33m1[39m   │ [33m0[39m    │ [33m1[39m    │ [33m2[39m    │ [33m1[39m          │ [33mfalse[39m      │
│ 13      │ [32m'LIFE-EDGE-001'[39m     │ [32m'life'[39m     │ [32m'edge'[39m          │ [32m'full'[39m                  │ [33m1[39m   │ [33m2[39m    │ [33m1[39m    │ [33m2[39m    │ [33m1[39m          │ [33mfalse[39m      │
│ 14      │ [32m'DASK-CLEAN-001'[39m    │ [32m'dask'[39m     │ [32m'clean'[39m         │ [32m'full'[39m                  │ [33m1[39m   │ [33m3[39m    │ [33m3[39m    │ [33m0[39m    │ [33m0[39m          │ [33mfalse[39m      │
│ 15      │ [32m'DASK-NOISY-001'[39m    │ [32m'dask'[39m     │ [32m'noisy'[39m         │ [32m'human_review_required'[39m │ [33m1[39m   │ [33m0[39m    │ [33m2[39m    │ [33m3[39m    │ [33m1[39m          │ [33mfalse[39m      │
│ 16      │ [32m'DASK-EDGE-001'[39m     │ [32m'dask'[39m     │ [32m'edge'[39m          │ [32m'full'[39m                  │ [33m2[39m   │ [33m3[39m    │ [33m3[39m    │ [33m0[39m    │ [33m0[39m          │ [33mfalse[39m      │
│ 17      │ [32m'BIZ-CLEAN-001'[39m     │ [32m'business'[39m │ [32m'clean'[39m         │ [32m'full'[39m                  │ [33m5[39m   │ [33m5[39m    │ [33m2[39m    │ [33m0[39m    │ [33m1[39m          │ [33mfalse[39m      │
│ 18      │ [32m'BIZ-NOISY-001'[39m     │ [32m'business'[39m │ [32m'noisy'[39m         │ [32m'human_review_required'[39m │ [33m3[39m   │ [33m2[39m    │ [33m0[39m    │ [33m3[39m    │ [33m4[39m          │ [33mfalse[39m      │
│ 19      │ [32m'BIZ-CONTRA-001'[39m    │ [32m'business'[39m │ [32m'contradictory'[39m │ [32m'restricted'[39m            │ [33m3[39m   │ [33m4[39m    │ [33m2[39m    │ [33m0[39m    │ [33m1[39m          │ [33mfalse[39m      │
│ 20      │ [32m'NAK-CLEAN-001'[39m     │ [32m'nakliyat'[39m │ [32m'clean'[39m         │ [32m'full'[39m                  │ [33m1[39m   │ [33m4[39m    │ [33m1[39m    │ [33m0[39m    │ [33m1[39m          │ [33mfalse[39m      │
│ 21      │ [32m'NAK-NOISY-001'[39m     │ [32m'nakliyat'[39m │ [32m'noisy'[39m         │ [32m'human_review_required'[39m │ [33m1[39m   │ [33m2[39m    │ [33m0[39m    │ [33m5[39m    │ [33m1[39m          │ [33mfalse[39m      │
│ 22      │ [32m'NAK-CONTRA-001'[39m    │ [32m'nakliyat'[39m │ [32m'contradictory'[39m │ [32m'restricted'[39m            │ [33m1[39m   │ [33m3[39m    │ [33m2[39m    │ [33m0[39m    │ [33m1[39m          │ [33mfalse[39m      │
└─────────┴─────────────────────┴────────────┴─────────────────┴─────────────────────────┴─────┴──────┴──────┴──────┴────────────┴────────────┘

 [32m✓[39m src/lib/analysis/__tests__/validation-harness.test.ts [2m([22m[2m101 tests[22m[2m)[22m[32m 83[2mms[22m[39m
 [32m✓[39m src/lib/security/audit-logger.branches.test.ts [2m([22m[2m65 tests[22m[2m)[22m[32m 60[2mms[22m[39m
 [32m✓[39m src/lib/knowledge/kasko-knowledge.test.ts [2m([22m[2m261 tests[22m[2m)[22m[32m 59[2mms[22m[39m
 [32m✓[39m src/lib/pdf-export/templates.test.ts [2m([22m[2m66 tests[22m[2m)[22m[32m 51[2mms[22m[39m
 [32m✓[39m src/__tests__/sample-policy-output-evaluation.test.ts [2m([22m[2m61 tests[22m[2m)[22m[32m 53[2mms[22m[39m
 [32m✓[39m src/lib/security/audit-logger-coverage.test.ts [2m([22m[2m72 tests[22m[2m)[22m[32m 157[2mms[22m[39m
 [32m✓[39m src/lib/supabase/client.branches.test.ts [2m([22m[2m17 tests[22m[2m)[22m[32m 65[2mms[22m[39m
 [32m✓[39m server/__tests__/drift-detection-branches.test.ts [2m([22m[2m73 tests[22m[2m)[22m[32m 54[2mms[22m[39m
 [32m✓[39m src/lib/ai/turkish-utils.branches.test.ts [2m([22m[2m250 tests[22m[2m)[22m[32m 46[2mms[22m[39m
 [32m✓[39m src/components/ui/progress.test.tsx [2m([22m[2m5 tests[22m[2m)[22m[32m 58[2mms[22m[39m
 [32m✓[39m src/hooks/useRegionalBenchmark.test.ts [2m([22m[2m24 tests[22m[2m)[22m[32m 74[2mms[22m[39m
 [32m✓[39m src/data/coverage-limits.test.ts [2m([22m[2m156 tests[22m[2m)[22m[32m 54[2mms[22m[39m
 [32m✓[39m src/lib/regional-benchmark/data.test.ts [2m([22m[2m43 tests[22m[2m)[22m[32m 21[2mms[22m[39m
 [32m✓[39m src/lib/ai/openai.test.ts [2m([22m[2m82 tests[22m[2m)[22m[32m 85[2mms[22m[39m
 [32m✓[39m src/lib/processing-logger.test.ts [2m([22m[2m34 tests[22m[2m)[22m[32m 50[2mms[22m[39m
 [32m✓[39m src/lib/analysis/__tests__/branch-interpreter.test.ts [2m([22m[2m25 tests[22m[2m)[22m[32m 40[2mms[22m[39m
 [32m✓[39m src/lib/market-data/gap-analyzer-coverage.test.ts [2m([22m[2m41 tests[22m[2m)[22m[32m 23[2mms[22m[39m
 [32m✓[39m src/lib/ocr-decision/ocr-decision-engine.regression.test.ts [2m([22m[2m64 tests[22m[2m)[22m[32m 42[2mms[22m[39m
 [32m✓[39m src/lib/ai/document-ocr.test.ts [2m([22m[2m16 tests[22m[2m)[22m[32m 31[2mms[22m[39m
 [32m✓[39m src/lib/env.branches.test.ts [2m([22m[2m57 tests[22m[2m)[22m[32m 46[2mms[22m[39m
 [32m✓[39m src/lib/ai/__tests__/reviewer-mode-specimen.test.ts [2m([22m[2m25 tests[22m[2m)[22m[32m 14[2mms[22m[39m
 [32m✓[39m src/lib/ai/comparison.test.ts [2m([22m[2m16 tests[22m[2m)[22m[32m 39[2mms[22m[39m
 [32m✓[39m src/lib/policy-upload-check.test.ts [2m([22m[2m21 tests[22m[2m)[22m[32m 21[2mms[22m[39m
 [32m✓[39m src/lib/security/security-monitor.test.ts [2m([22m[2m92 tests[22m[2m)[22m[32m 53[2mms[22m[39m
 [32m✓[39m server/__tests__/translation-service-branches.test.ts [2m([22m[2m124 tests[22m[2m)[22m[32m 42[2mms[22m[39m
 [32m✓[39m src/lib/analysis/__tests__/branch-pipeline.test.ts [2m([22m[2m42 tests[22m[2m)[22m[32m 38[2mms[22m[39m
 [32m✓[39m src/lib/market-data/gap-analyzer.test.ts [2m([22m[2m24 tests[22m[2m)[22m[32m 28[2mms[22m[39m
 [32m✓[39m src/lib/ml/risk-scorer.test.ts [2m([22m[2m75 tests[22m[2m)[22m[32m 33[2mms[22m[39m
 [32m✓[39m src/lib/policy-evaluation/evaluator-branches.test.ts [2m([22m[2m74 tests[22m[2m)[22m[32m 35[2mms[22m[39m
 [32m✓[39m src/lib/analysis/__tests__/branch-e2e.test.ts [2m([22m[2m33 tests[22m[2m)[22m[32m 41[2mms[22m[39m
 [32m✓[39m src/lib/ai/ocr-coverage.test.ts [2m([22m[2m77 tests[22m[2m)[22m[32m 66[2mms[22m[39m
 [32m✓[39m src/lib/gap-detection/analyzers/temporal-analyzer.test.ts [2m([22m[2m30 tests[22m[2m)[22m[32m 34[2mms[22m[39m
 [32m✓[39m src/lib/regional-benchmark/data-branches.test.ts [2m([22m[2m68 tests[22m[2m)[22m[32m 30[2mms[22m[39m
 [32m✓[39m src/lib/admin/operations-logger.branches.test.ts [2m([22m[2m68 tests[22m[2m)[22m[32m 36[2mms[22m[39m
 [32m✓[39m src/lib/market-data/service.test.ts [2m([22m[2m64 tests[22m[2m)[22m[32m 32[2mms[22m[39m
 [32m✓[39m src/lib/sentry.branches.test.ts [2m([22m[2m41 tests[22m[2m)[22m[32m 31[2mms[22m[39m
 [32m✓[39m src/lib/reviewer/__tests__/policy-reviewer-summary.test.ts [2m([22m[2m37 tests[22m[2m)[22m[32m 37[2mms[22m[39m
 [32m✓[39m src/lib/supabase/chat.test.ts [2m([22m[2m76 tests[22m[2m)[22m[32m 26[2mms[22m[39m
 [32m✓[39m src/lib/analysis/__tests__/pilot-8b-remediation.test.ts [2m([22m[2m12 tests[22m[2m)[22m[32m 32[2mms[22m[39m
 [32m✓[39m src/lib/actuarial-engine/__tests__/adapter-integration.test.ts [2m([22m[2m21 tests[22m[2m)[22m[32m 38[2mms[22m[39m
 [32m✓[39m src/lib/pipeline/qa-gates.branches.test.ts [2m([22m[2m133 tests[22m[2m)[22m[32m 94[2mms[22m[39m
[90mstdout[2m | src/lib/sentry.test.ts[2m > [22m[2mSentry Client[2m > [22m[2mcaptureMessage[2m > [22m[2mshould accept message with level
[22m[39m[warning] Test message

[90mstdout[2m | src/lib/sentry.test.ts[2m > [22m[2mSentry Client[2m > [22m[2mcaptureMessage[2m > [22m[2mshould accept message with info level
[22m[39m[info] Info message

[90mstdout[2m | src/lib/sentry.test.ts[2m > [22m[2mSentry Client[2m > [22m[2mcaptureMessage[2m > [22m[2mshould accept message with error level
[22m[39m[error] Error message

[90mstdout[2m | src/lib/sentry.test.ts[2m > [22m[2mSentry Client[2m > [22m[2mcaptureMessage[2m > [22m[2mshould default to info level when not specified
[22m[39m[info] Default level

[90mstdout[2m | src/lib/sentry.test.ts[2m > [22m[2mSentry Client[2m > [22m[2mcaptureMessage[2m > [22m[2mshould handle empty message
[22m[39m[info] 

[90mstdout[2m | src/lib/sentry.test.ts[2m > [22m[2mSentry Client[2m > [22m[2mfunctions without DSN (early return paths)[2m > [22m[2mcaptureMessage should not call Sentry.captureMessage when DSN is not configured
[22m[39m[info] Test

 [32m✓[39m src/lib/sentry.test.ts [2m([22m[2m67 tests[22m[2m)[22m[32m 30[2mms[22m[39m
 [32m✓[39m src/lib/supabase/user-profile.functional.test.ts [2m([22m[2m21 tests[22m[2m)[22m[32m 14[2mms[22m[39m
 [32m✓[39m src/lib/security/security-monitor-coverage.test.ts [2m([22m[2m41 tests[22m[2m)[22m[32m 21[2mms[22m[39m
 [32m✓[39m server/__tests__/config-migration-validation.test.ts [2m([22m[2m49 tests[22m[2m)[22m[32m 29[2mms[22m[39m
 [32m✓[39m src/lib/i18n/translation-service.test.ts [2m([22m[2m96 tests[22m[2m)[22m[32m 30[2mms[22m[39m
 [32m✓[39m src/lib/pdf-export/branding.test.ts [2m([22m[2m57 tests[22m[2m)[22m[32m 34[2mms[22m[39m
 [32m✓[39m src/lib/ai/document-normalizer.test.ts [2m([22m[2m79 tests[22m[2m)[22m[32m 33[2mms[22m[39m
 [32m✓[39m src/lib/pipeline/deterministic-preclean.test.ts [2m([22m[2m85 tests[22m[2m)[22m[32m 29[2mms[22m[39m
 [32m✓[39m src/lib/policy-utils.test.ts [2m([22m[2m131 tests[22m[2m)[22m[32m 52[2mms[22m[39m
 [32m✓[39m src/lib/ai/ocr.test.ts [2m([22m[2m69 tests[22m[2m)[22m[32m 28[2mms[22m[39m
 [32m✓[39m src/lib/ocr-decision/policy-classifier-coverage.test.ts [2m([22m[2m32 tests[22m[2m)[22m[32m 16[2mms[22m[39m
 [32m✓[39m server/__tests__/settings-routes.test.ts [2m([22m[2m64 tests[22m[2m)[22m[32m 16[2mms[22m[39m
[90mstdout[2m | server/__tests__/prompt-service.test.ts[2m > [22m[2mPrompt Service[2m > [22m[2mrenderTemplate[2m > [22m[2mshould replace simple variables
[22m[39m[PromptService] Cache cleared

[90mstdout[2m | server/__tests__/prompt-service.test.ts[2m > [22m[2mPrompt Service[2m > [22m[2mrenderTemplate[2m > [22m[2mshould replace simple variables
[22m[39m[PromptService] Cache cleared

[90mstdout[2m | server/__tests__/prompt-service.test.ts[2m > [22m[2mPrompt Service[2m > [22m[2mrenderTemplate[2m > [22m[2mshould handle missing variables by replacing with empty string
[22m[39m[PromptService] Cache cleared

[90mstdout[2m | server/__tests__/prompt-service.test.ts[2m > [22m[2mPrompt Service[2m > [22m[2mrenderTemplate[2m > [22m[2mshould handle missing variables by replacing with empty string
[22m[39m[PromptService] Cache cleared

[90mstdout[2m | server/__tests__/prompt-service.test.ts[2m > [22m[2mPrompt Service[2m > [22m[2mrenderTemplate[2m > [22m[2mshould handle conditional blocks - truthy value
[22m[39m[PromptService] Cache cleared

[90mstdout[2m | server/__tests__/prompt-service.test.ts[2m > [22m[2mPrompt Service[2m > [22m[2mrenderTemplate[2m > [22m[2mshould handle conditional blocks - truthy value
[22m[39m[PromptService] Cache cleared

[90mstdout[2m | server/__tests__/prompt-service.test.ts[2m > [22m[2mPrompt Service[2m > [22m[2mrenderTemplate[2m > [22m[2mshould handle conditional blocks - falsy value
[22m[39m[PromptService] Cache cleared

[90mstdout[2m | server/__tests__/prompt-service.test.ts[2m > [22m[2mPrompt Service[2m > [22m[2mrenderTemplate[2m > [22m[2mshould handle conditional blocks - falsy value
[22m[39m[PromptService] Cache cleared

[90mstdout[2m | server/__tests__/prompt-service.test.ts[2m > [22m[2mPrompt Service[2m > [22m[2mrenderTemplate[2m > [22m[2mshould handle nested conditionals and variables
[22m[39m[PromptService] Cache cleared

[90mstdout[2m | server/__tests__/prompt-service.test.ts[2m > [22m[2mPrompt Service[2m > [22m[2mrenderTemplate[2m > [22m[2mshould handle nested conditionals and variables
[22m[39m[PromptService] Cache cleared

[90mstdout[2m | server/__tests__/prompt-service.test.ts[2m > [22m[2mPrompt Service[2m > [22m[2mrenderTemplate[2m > [22m[2mshould handle undefined values
[22m[39m[PromptService] Cache cleared

[90mstdout[2m | server/__tests__/prompt-service.test.ts[2m > [22m[2mPrompt Service[2m > [22m[2mrenderTemplate[2m > [22m[2mshould handle undefined values
[22m[39m[PromptService] Cache cleared

[90mstdout[2m | server/__tests__/prompt-service.test.ts[2m > [22m[2mPrompt Service[2m > [22m[2mrenderTemplate[2m > [22m[2mshould trim whitespace from result
[22m[39m[PromptService] Cache cleared

[90mstdout[2m | server/__tests__/prompt-service.test.ts[2m > [22m[2mPrompt Service[2m > [22m[2mrenderTemplate[2m > [22m[2mshould trim whitespace from result
[22m[39m[PromptService] Cache cleared

[90mstdout[2m | server/__tests__/prompt-service.test.ts[2m > [22m[2mPrompt Service[2m > [22m[2mrenderTemplate[2m > [22m[2mshould handle multiple occurrences of same variable
[22m[39m[PromptService] Cache cleared

[90mstdout[2m | server/__tests__/prompt-service.test.ts[2m > [22m[2mPrompt Service[2m > [22m[2mrenderTemplate[2m > [22m[2mshould handle multiple occurrences of same variable
[22m[39m[PromptService] Cache cleared

[90mstdout[2m | server/__tests__/prompt-service.test.ts[2m > [22m[2mPrompt Service[2m > [22m[2mgetPromptById[2m > [22m[2mshould fetch prompt from database
[22m[39m[PromptService] Cache cleared

[90mstdout[2m | server/__tests__/prompt-service.test.ts[2m > [22m[2mPrompt Service[2m > [22m[2mgetPromptById[2m > [22m[2mshould fetch prompt from database
[22m[39m[PromptService] Cache cleared

[90mstdout[2m | server/__tests__/prompt-service.test.ts[2m > [22m[2mPrompt Service[2m > [22m[2mgetPromptById[2m > [22m[2mshould return fallback prompt when not in database
[22m[39m[PromptService] Cache cleared

[90mstdout[2m | server/__tests__/prompt-service.test.ts[2m > [22m[2mPrompt Service[2m > [22m[2mgetPromptById[2m > [22m[2mshould return fallback prompt when not in database
[22m[39m[PromptService] Using fallback prompt {"id":"fallback-extraction-master"}

[90mstdout[2m | server/__tests__/prompt-service.test.ts[2m > [22m[2mPrompt Service[2m > [22m[2mgetPromptById[2m > [22m[2mshould return fallback prompt when not in database
[22m[39m[PromptService] Cache cleared

[90mstdout[2m | server/__tests__/prompt-service.test.ts[2m > [22m[2mPrompt Service[2m > [22m[2mgetPromptById[2m > [22m[2mshould return null when prompt does not exist
[22m[39m[PromptService] Cache cleared

[90mstdout[2m | server/__tests__/prompt-service.test.ts[2m > [22m[2mPrompt Service[2m > [22m[2mgetPromptById[2m > [22m[2mshould return null when prompt does not exist
[22m[39m[PromptService] Cache cleared

[90mstdout[2m | server/__tests__/prompt-service.test.ts[2m > [22m[2mPrompt Service[2m > [22m[2mgetPromptByName[2m > [22m[2mshould fetch prompt by name from database
[22m[39m[PromptService] Cache cleared

[90mstdout[2m | server/__tests__/prompt-service.test.ts[2m > [22m[2mPrompt Service[2m > [22m[2mgetPromptByName[2m > [22m[2mshould fetch prompt by name from database
[22m[39m[PromptService] Cache cleared

[90mstdout[2m | server/__tests__/prompt-service.test.ts[2m > [22m[2mPrompt Service[2m > [22m[2mgetPromptByName[2m > [22m[2mshould use fallback when database fails
[22m[39m[PromptService] Cache cleared

[90mstdout[2m | server/__tests__/prompt-service.test.ts[2m > [22m[2mPrompt Service[2m > [22m[2mgetPromptByName[2m > [22m[2mshould use fallback when database fails
[22m[39m[PromptService] Using fallback prompt {"name":"Policy Extraction - Master"}

[90mstdout[2m | server/__tests__/prompt-service.test.ts[2m > [22m[2mPrompt Service[2m > [22m[2mgetPromptByName[2m > [22m[2mshould use fallback when database fails
[22m[39m[PromptService] Cache cleared

[90mstdout[2m | server/__tests__/prompt-service.test.ts[2m > [22m[2mPrompt Service[2m > [22m[2mgetPromptByName[2m > [22m[2mshould return null for unknown prompt name
[22m[39m[PromptService] Cache cleared

[90mstdout[2m | server/__tests__/prompt-service.test.ts[2m > [22m[2mPrompt Service[2m > [22m[2mgetPromptByName[2m > [22m[2mshould return null for unknown prompt name
[22m[39m[PromptService] Cache cleared

[90mstdout[2m | server/__tests__/prompt-service.test.ts[2m > [22m[2mPrompt Service[2m > [22m[2mgetPromptsByCategory[2m > [22m[2mshould return fallback prompts when database fails
[22m[39m[PromptService] Cache cleared

[90mstdout[2m | server/__tests__/prompt-service.test.ts[2m > [22m[2mPrompt Service[2m > [22m[2mgetPromptsByCategory[2m > [22m[2mshould return fallback prompts when database fails
[22m[39m[PromptService] Cache cleared

[90mstdout[2m | server/__tests__/prompt-service.test.ts[2m > [22m[2mPrompt Service[2m > [22m[2mgetAllPrompts[2m > [22m[2mshould return fallback prompts when database fails
[22m[39m[PromptService] Cache cleared

[90mstdout[2m | server/__tests__/prompt-service.test.ts[2m > [22m[2mPrompt Service[2m > [22m[2mgetAllPrompts[2m > [22m[2mshould return fallback prompts when database fails
[22m[39m[PromptService] Cache cleared

[90mstdout[2m | server/__tests__/prompt-service.test.ts[2m > [22m[2mPrompt Service[2m > [22m[2mgetRenderedPrompt[2m > [22m[2mshould render a prompt with variables
[22m[39m[PromptService] Cache cleared

[90mstdout[2m | server/__tests__/prompt-service.test.ts[2m > [22m[2mPrompt Service[2m > [22m[2mgetRenderedPrompt[2m > [22m[2mshould render a prompt with variables
[22m[39m[PromptService] Cache cleared

[90mstdout[2m | server/__tests__/prompt-service.test.ts[2m > [22m[2mPrompt Service[2m > [22m[2mgetRenderedPrompt[2m > [22m[2mshould return null for nonexistent prompt
[22m[39m[PromptService] Cache cleared

[90mstdout[2m | server/__tests__/prompt-service.test.ts[2m > [22m[2mPrompt Service[2m > [22m[2mgetRenderedPrompt[2m > [22m[2mshould return null for nonexistent prompt
[22m[39m[PromptService] Cache cleared

[90mstdout[2m | server/__tests__/prompt-service.test.ts[2m > [22m[2mPrompt Service[2m > [22m[2mConvenience Functions[2m > [22m[2mgetExtractionPrompt[2m > [22m[2mshould get extraction prompt with document text
[22m[39m[PromptService] Cache cleared

[90mstdout[2m | server/__tests__/prompt-service.test.ts[2m > [22m[2mPrompt Service[2m > [22m[2mConvenience Functions[2m > [22m[2mgetExtractionPrompt[2m > [22m[2mshould get extraction prompt with document text
[22m[39m[PromptService] Using fallback prompt {"name":"Policy Extraction - Master"}

[90mstdout[2m | server/__tests__/prompt-service.test.ts[2m > [22m[2mPrompt Service[2m > [22m[2mConvenience Functions[2m > [22m[2mgetExtractionPrompt[2m > [22m[2mshould get extraction prompt with document text
[22m[39m[PromptService] Cache cleared

[90mstdout[2m | server/__tests__/prompt-service.test.ts[2m > [22m[2mPrompt Service[2m > [22m[2mConvenience Functions[2m > [22m[2mgetChatPrompt[2m > [22m[2mshould get chat prompt with message and context
[22m[39m[PromptService] Cache cleared

[90mstdout[2m | server/__tests__/prompt-service.test.ts[2m > [22m[2mPrompt Service[2m > [22m[2mConvenience Functions[2m > [22m[2mgetChatPrompt[2m > [22m[2mshould get chat prompt with message and context
[22m[39m[PromptService] Using fallback prompt {"name":"Policy Chat Assistant"}

[90mstdout[2m | server/__tests__/prompt-service.test.ts[2m > [22m[2mPrompt Service[2m > [22m[2mConvenience Functions[2m > [22m[2mgetChatPrompt[2m > [22m[2mshould get chat prompt with message and context
[22m[39m[PromptService] Cache cleared

[90mstdout[2m | server/__tests__/prompt-service.test.ts[2m > [22m[2mPrompt Service[2m > [22m[2mConvenience Functions[2m > [22m[2mgetChatPrompt[2m > [22m[2mshould work without policy context
[22m[39m[PromptService] Cache cleared

[90mstdout[2m | server/__tests__/prompt-service.test.ts[2m > [22m[2mPrompt Service[2m > [22m[2mConvenience Functions[2m > [22m[2mgetChatPrompt[2m > [22m[2mshould work without policy context
[22m[39m[PromptService] Using fallback prompt {"name":"Policy Chat Assistant"}

[90mstdout[2m | server/__tests__/prompt-service.test.ts[2m > [22m[2mPrompt Service[2m > [22m[2mConvenience Functions[2m > [22m[2mgetChatPrompt[2m > [22m[2mshould work without policy context
[22m[39m[PromptService] Cache cleared

[90mstdout[2m | server/__tests__/prompt-service.test.ts[2m > [22m[2mPrompt Service[2m > [22m[2mConvenience Functions[2m > [22m[2mgetOCRPrompt[2m > [22m[2mshould get OCR correction prompt
[22m[39m[PromptService] Cache cleared

[90mstdout[2m | server/__tests__/prompt-service.test.ts[2m > [22m[2mPrompt Service[2m > [22m[2mConvenience Functions[2m > [22m[2mgetOCRPrompt[2m > [22m[2mshould get OCR correction prompt
[22m[39m[PromptService] Using fallback prompt {"name":"OCR Correction - Lightweight"}

[90mstdout[2m | server/__tests__/prompt-service.test.ts[2m > [22m[2mPrompt Service[2m > [22m[2mConvenience Functions[2m > [22m[2mgetOCRPrompt[2m > [22m[2mshould get OCR correction prompt
[22m[39m[PromptService] Cache cleared

[90mstdout[2m | server/__tests__/prompt-service.test.ts[2m > [22m[2mPrompt Service[2m > [22m[2mConvenience Functions[2m > [22m[2mgetTypeDetectionPrompt[2m > [22m[2mshould get policy type detection prompt
[22m[39m[PromptService] Cache cleared

[90mstdout[2m | server/__tests__/prompt-service.test.ts[2m > [22m[2mPrompt Service[2m > [22m[2mConvenience Functions[2m > [22m[2mgetTypeDetectionPrompt[2m > [22m[2mshould get policy type detection prompt
[22m[39m[PromptService] Using fallback prompt {"name":"Policy Type Detection"}

[90mstdout[2m | server/__tests__/prompt-service.test.ts[2m > [22m[2mPrompt Service[2m > [22m[2mConvenience Functions[2m > [22m[2mgetTypeDetectionPrompt[2m > [22m[2mshould get policy type detection prompt
[22m[39m[PromptService] Cache cleared

[90mstdout[2m | server/__tests__/prompt-service.test.ts[2m > [22m[2mPrompt Service[2m > [22m[2mAdmin Operations[2m > [22m[2mupdatePrompt[2m > [22m[2mshould return null when template not found
[22m[39m[PromptService] Cache cleared

[90mstdout[2m | server/__tests__/prompt-service.test.ts[2m > [22m[2mPrompt Service[2m > [22m[2mAdmin Operations[2m > [22m[2mupdatePrompt[2m > [22m[2mshould return null when template not found
[22m[39m[PromptService] Cache cleared

[90mstdout[2m | server/__tests__/prompt-service.test.ts[2m > [22m[2mPrompt Service[2m > [22m[2mAdmin Operations[2m > [22m[2mcreatePrompt[2m > [22m[2mshould return null on create error
[22m[39m[PromptService] Cache cleared

[90mstdout[2m | server/__tests__/prompt-service.test.ts[2m > [22m[2mPrompt Service[2m > [22m[2mAdmin Operations[2m > [22m[2mcreatePrompt[2m > [22m[2mshould return null on create error
[22m[39m[PromptService] Cache cleared

[90mstdout[2m | server/__tests__/prompt-service.test.ts[2m > [22m[2mPrompt Service[2m > [22m[2mCache Management[2m > [22m[2mclearPromptCache[2m > [22m[2mshould clear cache successfully
[22m[39m[PromptService] Cache cleared

[90mstdout[2m | server/__tests__/prompt-service.test.ts[2m > [22m[2mPrompt Service[2m > [22m[2mCache Management[2m > [22m[2mclearPromptCache[2m > [22m[2mshould clear cache successfully
[22m[39m[PromptService] Cache cleared

[90mstdout[2m | server/__tests__/prompt-service.test.ts[2m > [22m[2mPrompt Service[2m > [22m[2mCache Management[2m > [22m[2mclearPromptCache[2m > [22m[2mshould clear cache successfully
[22m[39m[PromptService] Cache cleared

[90mstdout[2m | server/__tests__/prompt-service.test.ts[2m > [22m[2mPrompt Service[2m > [22m[2mFallback Prompts[2m > [22m[2mshould have master extraction prompt
[22m[39m[PromptService] Cache cleared

[90mstdout[2m | server/__tests__/prompt-service.test.ts[2m > [22m[2mPrompt Service[2m > [22m[2mFallback Prompts[2m > [22m[2mshould have master extraction prompt
[22m[39m[PromptService] Using fallback prompt {"name":"Policy Extraction - Master"}

[90mstdout[2m | server/__tests__/prompt-service.test.ts[2m > [22m[2mPrompt Service[2m > [22m[2mFallback Prompts[2m > [22m[2mshould have master extraction prompt
[22m[39m[PromptService] Cache cleared

[90mstdout[2m | server/__tests__/prompt-service.test.ts[2m > [22m[2mPrompt Service[2m > [22m[2mFallback Prompts[2m > [22m[2mshould have chat assistant prompt
[22m[39m[PromptService] Cache cleared

[90mstdout[2m | server/__tests__/prompt-service.test.ts[2m > [22m[2mPrompt Service[2m > [22m[2mFallback Prompts[2m > [22m[2mshould have chat assistant prompt
[22m[39m[PromptService] Using fallback prompt {"name":"Policy Chat Assistant"}

[90mstdout[2m | server/__tests__/prompt-service.test.ts[2m > [22m[2mPrompt Service[2m > [22m[2mFallback Prompts[2m > [22m[2mshould have chat assistant prompt
[22m[39m[PromptService] Cache cleared

[90mstdout[2m | server/__tests__/prompt-service.test.ts[2m > [22m[2mPrompt Service[2m > [22m[2mFallback Prompts[2m > [22m[2mshould have OCR correction prompt
[22m[39m[PromptService] Cache cleared

[90mstdout[2m | server/__tests__/prompt-service.test.ts[2m > [22m[2mPrompt Service[2m > [22m[2mFallback Prompts[2m > [22m[2mshould have OCR correction prompt
[22m[39m[PromptService] Using fallback prompt {"name":"OCR Correction - Lightweight"}

[90mstdout[2m | server/__tests__/prompt-service.test.ts[2m > [22m[2mPrompt Service[2m > [22m[2mFallback Prompts[2m > [22m[2mshould have OCR correction prompt
[22m[39m[PromptService] Cache cleared

[90mstdout[2m | server/__tests__/prompt-service.test.ts[2m > [22m[2mPrompt Service[2m > [22m[2mFallback Prompts[2m > [22m[2mshould have policy type detection prompt
[22m[39m[PromptService] Cache cleared

[90mstdout[2m | server/__tests__/prompt-service.test.ts[2m > [22m[2mPrompt Service[2m > [22m[2mFallback Prompts[2m > [22m[2mshould have policy type detection prompt
[22m[39m[PromptService] Using fallback prompt {"name":"Policy Type Detection"}

[90mstdout[2m | server/__tests__/prompt-service.test.ts[2m > [22m[2mPrompt Service[2m > [22m[2mFallback Prompts[2m > [22m[2mshould have policy type detection prompt
[22m[39m[PromptService] Cache cleared

[90mstdout[2m | server/__tests__/prompt-service.test.ts[2m > [22m[2mPrompt Service[2m > [22m[2mType Specific Prompt Mapping[2m > [22m[2mshould fall back to master for unknown types
[22m[39m[PromptService] Cache cleared

[90mstdout[2m | server/__tests__/prompt-service.test.ts[2m > [22m[2mPrompt Service[2m > [22m[2mType Specific Prompt Mapping[2m > [22m[2mshould fall back to master for unknown types
[22m[39m[PromptService] Using fallback prompt {"name":"Policy Extraction - Master"}

[90mstdout[2m | server/__tests__/prompt-service.test.ts[2m > [22m[2mPrompt Service[2m > [22m[2mType Specific Prompt Mapping[2m > [22m[2mshould fall back to master for unknown types
[22m[39m[PromptService] Cache cleared

 [32m✓[39m server/__tests__/prompt-service.test.ts [2m([22m[2m31 tests[22m[2m)[22m[32m 37[2mms[22m[39m
 [32m✓[39m src/lib/errors.test.ts [2m([22m[2m36 tests[22m[2m)[22m[32m 16[2mms[22m[39m
 [32m✓[39m src/lib/policy-utils.branches.test.ts [2m([22m[2m153 tests[22m[2m)[22m[32m 33[2mms[22m[39m
 [32m✓[39m src/__tests__/integration/user-visibility.test.ts [2m([22m[2m31 tests[22m[2m)[22m[32m 11[2mms[22m[39m
 [32m✓[39m src/lib/policy-evaluation/__tests__/evaluator.test.ts [2m([22m[2m43 tests[22m[2m)[22m[32m 61[2mms[22m[39m
 [32m✓[39m src/lib/analytics/tracker.test.ts [2m([22m[2m29 tests[22m[2m)[22m[32m 34[2mms[22m[39m
[90mstdout[2m | src/lib/pwa/pwa.test.ts[2m > [22m[2mPWA and Offline Experience[2m > [22m[2mService Worker Registration[2m > [22m[2mshould register service worker successfully
[22m[39m[PWA] Service worker registered: /

[90mstdout[2m | src/lib/pwa/pwa.test.ts[2m > [22m[2mPWA and Offline Experience[2m > [22m[2mService Worker Registration[2m > [22m[2mshould register service worker with custom config
[22m[39m[PWA] Service worker registered: /

[90mstdout[2m | src/lib/pwa/pwa.test.ts[2m > [22m[2mPWA and Offline Experience[2m > [22m[2mUpdate Checking[2m > [22m[2mshould check for updates
[22m[39m[PWA] Service worker registered: /

[90mstdout[2m | src/lib/pwa/pwa.test.ts[2m > [22m[2mPWA and Offline Experience[2m > [22m[2mBackground Sync[2m > [22m[2mshould register background sync
[22m[39m[PWA] Service worker registered: /

[90mstdout[2m | src/lib/pwa/pwa.test.ts[2m > [22m[2mPWA and Offline Experience[2m > [22m[2mPush Notifications[2m > [22m[2mshould subscribe to push notifications
[22m[39m[PWA] Service worker registered: /

[90mstdout[2m | src/lib/pwa/pwa.test.ts[2m > [22m[2mPWA and Offline Experience[2m > [22m[2mPush Notifications[2m > [22m[2mshould get current push subscription
[22m[39m[PWA] Service worker registered: /

[90mstdout[2m | src/lib/pwa/pwa.test.ts[2m > [22m[2mPWA and Offline Experience[2m > [22m[2mPush Notifications[2m > [22m[2mshould unsubscribe from push
[22m[39m[PWA] Service worker registered: /

[90mstdout[2m | src/lib/pwa/pwa.test.ts[2m > [22m[2mPWA and Offline Experience[2m > [22m[2mSkip Waiting[2m > [22m[2mshould skip waiting when there is a waiting worker
[22m[39m[PWA] Service worker registered: /

[90mstdout[2m | src/lib/pwa/pwa.test.ts[2m > [22m[2mPWA and Offline Experience[2m > [22m[2mInitialize PWA[2m > [22m[2mshould initialize without errors
[22m[39m[PWA] Service worker registered: /

[90mstdout[2m | src/lib/pwa/pwa.test.ts[2m > [22m[2mPWA and Offline Experience[2m > [22m[2mInitialize PWA[2m > [22m[2mshould register event listeners
[22m[39m[PWA] Service worker registered: /

[90mstdout[2m | src/lib/pwa/pwa.test.ts[2m > [22m[2mPWA and Offline Experience[2m > [22m[2mInitialize PWA[2m > [22m[2mshould register service worker with default config
[22m[39m[PWA] Service worker registered: /

[90mstdout[2m | src/lib/pwa/pwa.test.ts[2m > [22m[2mPWA and Offline Experience[2m > [22m[2mReal-World Scenarios[2m > [22m[2mshould handle service worker lifecycle
[22m[39m[PWA] Service worker registered: /

[90mstdout[2m | src/lib/pwa/pwa.test.ts[2m > [22m[2mPWA and Offline Experience[2m > [22m[2mEdge Cases[2m > [22m[2mshould handle service worker registration with active worker
[22m[39m[PWA] Service worker registered: /

[90mstdout[2m | src/lib/pwa/pwa.test.ts[2m > [22m[2mPWA and Offline Experience[2m > [22m[2mEdge Cases[2m > [22m[2mshould handle service worker registration with waiting worker
[22m[39m[PWA] Service worker registered: /

 [32m✓[39m src/lib/pwa/pwa.test.ts [2m([22m[2m61 tests[22m[2m)[22m[32m 53[2mms[22m[39m
 [32m✓[39m src/lib/analytics/experiments.test.ts [2m([22m[2m53 tests[22m[2m)[22m[32m 29[2mms[22m[39m
[90mstdout[2m | src/lib/analysis/__tests__/pilot-validation.test.ts[2m > [22m[2mPilot: kasko[2m > [22m[2mkasko: branch summary
[22m[39m┌─────────┬──────────────┬─────────┬────────────────┬────────────┬─────────────────────────┬─────────────────────────┬───────────┬─────────────┬──────────────┬───────────┬───────┬──────────┬──────────┬─────────┬────────┐
│ (index) │ sampleId     │ branch  │ sourceType     │ quality    │ displayMode             │ expected                │ modeMatch │ phraseClean │ foundPhrases │ hasQuotes │ cards │ triggers │ captured │ missing │ safety │
├─────────┼──────────────┼─────────┼────────────────┼────────────┼─────────────────────────┼─────────────────────────┼───────────┼─────────────┼──────────────┼───────────┼───────┼──────────┼──────────┼─────────┼────────┤
│ 0       │ [32m'RD-KAS-001'[39m │ [32m'kasko'[39m │ [32m'real_pdf'[39m     │ [32m'clean'[39m    │ [32m'full'[39m                  │ [32m'full'[39m                  │ [33mtrue[39m      │ [33mtrue[39m        │ []           │ [33mtrue[39m      │ [33m0[39m     │ [33m0[39m        │ [33m6[39m        │ [33m0[39m       │ [33m5[39m      │
│ 1       │ [32m'RD-KAS-002'[39m │ [32m'kasko'[39m │ [32m'real_pdf'[39m     │ [32m'clean'[39m    │ [32m'full'[39m                  │ [32m'full'[39m                  │ [33mtrue[39m      │ [33mtrue[39m        │ []           │ [33mfalse[39m     │ [33m0[39m     │ [33m0[39m        │ [33m6[39m        │ [33m0[39m       │ [33m5[39m      │
│ 2       │ [32m'RD-KAS-003'[39m │ [32m'kasko'[39m │ [32m'text_fixture'[39m │ [32m'clean'[39m    │ [32m'full'[39m                  │ [32m'full'[39m                  │ [33mtrue[39m      │ [33mtrue[39m        │ []           │ [33mfalse[39m     │ [33m0[39m     │ [33m0[39m        │ [33m6[39m        │ [33m0[39m       │ [33m5[39m      │
│ 3       │ [32m'RD-KAS-004'[39m │ [32m'kasko'[39m │ [32m'doc_realisti'[39m │ [32m'noisy'[39m    │ [32m'human_review_required'[39m │ [32m'human_review_required'[39m │ [33mtrue[39m      │ [33mtrue[39m        │ []           │ [33mfalse[39m     │ [33m0[39m     │ [33m3[39m        │ [33m2[39m        │ [33m4[39m       │ [33m4[39m      │
│ 4       │ [32m'RD-KAS-005'[39m │ [32m'kasko'[39m │ [32m'doc_realisti'[39m │ [32m'moderate'[39m │ [32m'restricted'[39m            │ [32m'restricted'[39m            │ [33mtrue[39m      │ [33mtrue[39m        │ []           │ [33mfalse[39m     │ [33m0[39m     │ [33m1[39m        │ [33m6[39m        │ [33m0[39m       │ [33m5[39m      │
└─────────┴──────────────┴─────────┴────────────────┴────────────┴─────────────────────────┴─────────────────────────┴───────────┴─────────────┴──────────────┴───────────┴───────┴──────────┴──────────┴─────────┴────────┘

[90mstdout[2m | src/lib/analysis/__tests__/pilot-validation.test.ts[2m > [22m[2mPilot: traffic[2m > [22m[2mtraffic: branch summary
[22m[39m┌─────────┬──────────────┬───────────┬────────────────┬────────────┬─────────────────────────┬─────────────────────────┬───────────┬─────────────┬──────────────┬───────────┬───────┬──────────┬──────────┬─────────┬────────┐
│ (index) │ sampleId     │ branch    │ sourceType     │ quality    │ displayMode             │ expected                │ modeMatch │ phraseClean │ foundPhrases │ hasQuotes │ cards │ triggers │ captured │ missing │ safety │
├─────────┼──────────────┼───────────┼────────────────┼────────────┼─────────────────────────┼─────────────────────────┼───────────┼─────────────┼──────────────┼───────────┼───────┼──────────┼──────────┼─────────┼────────┤
│ 0       │ [32m'RD-TRF-001'[39m │ [32m'traffic'[39m │ [32m'text_fixture'[39m │ [32m'clean'[39m    │ [32m'full'[39m                  │ [32m'full'[39m                  │ [33mtrue[39m      │ [33mtrue[39m        │ []           │ [33mtrue[39m      │ [33m0[39m     │ [33m0[39m        │ [33m6[39m        │ [33m0[39m       │ [33m5[39m      │
│ 1       │ [32m'RD-TRF-002'[39m │ [32m'traffic'[39m │ [32m'doc_realisti'[39m │ [32m'noisy'[39m    │ [32m'human_review_required'[39m │ [32m'human_review_required'[39m │ [33mtrue[39m      │ [33mtrue[39m        │ []           │ [33mfalse[39m     │ [33m0[39m     │ [33m3[39m        │ [33m3[39m        │ [33m3[39m       │ [33m5[39m      │
│ 2       │ [32m'RD-TRF-003'[39m │ [32m'traffic'[39m │ [32m'doc_realisti'[39m │ [32m'moderate'[39m │ [32m'full'[39m                  │ [32m'full'[39m                  │ [33mtrue[39m      │ [33mtrue[39m        │ []           │ [33mfalse[39m     │ [33m0[39m     │ [33m0[39m        │ [33m6[39m        │ [33m0[39m       │ [33m5[39m      │
└─────────┴──────────────┴───────────┴────────────────┴────────────┴─────────────────────────┴─────────────────────────┴───────────┴─────────────┴──────────────┴───────────┴───────┴──────────┴──────────┴─────────┴────────┘

[90mstdout[2m | src/lib/analysis/__tests__/pilot-validation.test.ts[2m > [22m[2mPilot: home[2m > [22m[2mhome: branch summary
[22m[39m┌─────────┬──────────────┬────────┬────────────────┬────────────┬─────────────────────────┬─────────────────────────┬───────────┬─────────────┬──────────────┬───────────┬───────┬──────────┬──────────┬─────────┬────────┐
│ (index) │ sampleId     │ branch │ sourceType     │ quality    │ displayMode             │ expected                │ modeMatch │ phraseClean │ foundPhrases │ hasQuotes │ cards │ triggers │ captured │ missing │ safety │
├─────────┼──────────────┼────────┼────────────────┼────────────┼─────────────────────────┼─────────────────────────┼───────────┼─────────────┼──────────────┼───────────┼───────┼──────────┼──────────┼─────────┼────────┤
│ 0       │ [32m'RD-HOM-001'[39m │ [32m'home'[39m │ [32m'doc_realisti'[39m │ [32m'clean'[39m    │ [32m'full'[39m                  │ [32m'full'[39m                  │ [33mtrue[39m      │ [33mtrue[39m        │ []           │ [33mfalse[39m     │ [33m0[39m     │ [33m0[39m        │ [33m6[39m        │ [33m0[39m       │ [33m5[39m      │
│ 1       │ [32m'RD-HOM-002'[39m │ [32m'home'[39m │ [32m'doc_realisti'[39m │ [32m'noisy'[39m    │ [32m'human_review_required'[39m │ [32m'human_review_required'[39m │ [33mtrue[39m      │ [33mtrue[39m        │ []           │ [33mfalse[39m     │ [33m0[39m     │ [33m3[39m        │ [33m3[39m        │ [33m3[39m       │ [33m5[39m      │
│ 2       │ [32m'RD-HOM-003'[39m │ [32m'home'[39m │ [32m'doc_realisti'[39m │ [32m'moderate'[39m │ [32m'restricted'[39m            │ [32m'restricted'[39m            │ [33mtrue[39m      │ [33mtrue[39m        │ []           │ [33mfalse[39m     │ [33m0[39m     │ [33m1[39m        │ [33m6[39m        │ [33m0[39m       │ [33m5[39m      │
└─────────┴──────────────┴────────┴────────────────┴────────────┴─────────────────────────┴─────────────────────────┴───────────┴─────────────┴──────────────┴───────────┴───────┴──────────┴──────────┴─────────┴────────┘

[90mstdout[2m | src/lib/analysis/__tests__/pilot-validation.test.ts[2m > [22m[2mPilot: health[2m > [22m[2mhealth: branch summary
[22m[39m┌─────────┬──────────────┬──────────┬────────────────┬────────────┬─────────────────────────┬─────────────────────────┬───────────┬─────────────┬─────────────────┬───────────┬───────┬──────────┬──────────┬─────────┬────────┐
│ (index) │ sampleId     │ branch   │ sourceType     │ quality    │ displayMode             │ expected                │ modeMatch │ phraseClean │ foundPhrases    │ hasQuotes │ cards │ triggers │ captured │ missing │ safety │
├─────────┼──────────────┼──────────┼────────────────┼────────────┼─────────────────────────┼─────────────────────────┼───────────┼─────────────┼─────────────────┼───────────┼───────┼──────────┼──────────┼─────────┼────────┤
│ 0       │ [32m'RD-SAG-001'[39m │ [32m'health'[39m │ [32m'text_fixture'[39m │ [32m'clean'[39m    │ [32m'full'[39m                  │ [32m'full'[39m                  │ [33mtrue[39m      │ [33mtrue[39m        │ []              │ [33mtrue[39m      │ [33m0[39m     │ [33m0[39m        │ [33m6[39m        │ [33m0[39m       │ [33m5[39m      │
│ 1       │ [32m'RD-SAG-002'[39m │ [32m'health'[39m │ [32m'doc_realisti'[39m │ [32m'clean'[39m    │ [32m'full'[39m                  │ [32m'full'[39m                  │ [33mtrue[39m      │ [33mtrue[39m        │ []              │ [33mfalse[39m     │ [33m0[39m     │ [33m0[39m        │ [33m6[39m        │ [33m0[39m       │ [33m5[39m      │
│ 2       │ [32m'RD-SAG-003'[39m │ [32m'health'[39m │ [32m'doc_realisti'[39m │ [32m'noisy'[39m    │ [32m'human_review_required'[39m │ [32m'human_review_required'[39m │ [33mtrue[39m      │ [33mfalse[39m       │ [ [32m'unlimited'[39m ] │ [33mfalse[39m     │ [33m0[39m     │ [33m6[39m        │ [33m1[39m        │ [33m5[39m       │ [33m2[39m      │
│ 3       │ [32m'RD-SAG-004'[39m │ [32m'health'[39m │ [32m'doc_realisti'[39m │ [32m'moderate'[39m │ [32m'restricted'[39m            │ [32m'restricted'[39m            │ [33mtrue[39m      │ [33mtrue[39m        │ []              │ [33mfalse[39m     │ [33m0[39m     │ [33m1[39m        │ [33m6[39m        │ [33m0[39m       │ [33m5[39m      │
└─────────┴──────────────┴──────────┴────────────────┴────────────┴─────────────────────────┴─────────────────────────┴───────────┴─────────────┴─────────────────┴───────────┴───────┴──────────┴──────────┴─────────┴────────┘

[90mstdout[2m | src/lib/analysis/__tests__/pilot-validation.test.ts[2m > [22m[2mPilot: life[2m > [22m[2mlife: branch summary
[22m[39m┌─────────┬──────────────┬────────┬────────────────┬────────────┬─────────────────────────┬─────────────────────────┬───────────┬─────────────┬──────────────┬───────────┬───────┬──────────┬──────────┬─────────┬────────┐
│ (index) │ sampleId     │ branch │ sourceType     │ quality    │ displayMode             │ expected                │ modeMatch │ phraseClean │ foundPhrases │ hasQuotes │ cards │ triggers │ captured │ missing │ safety │
├─────────┼──────────────┼────────┼────────────────┼────────────┼─────────────────────────┼─────────────────────────┼───────────┼─────────────┼──────────────┼───────────┼───────┼──────────┼──────────┼─────────┼────────┤
│ 0       │ [32m'RD-HAY-001'[39m │ [32m'life'[39m │ [32m'doc_realisti'[39m │ [32m'clean'[39m    │ [32m'full'[39m                  │ [32m'full'[39m                  │ [33mtrue[39m      │ [33mtrue[39m        │ []           │ [33mfalse[39m     │ [33m0[39m     │ [33m0[39m        │ [33m6[39m        │ [33m0[39m       │ [33m5[39m      │
│ 1       │ [32m'RD-HAY-002'[39m │ [32m'life'[39m │ [32m'doc_realisti'[39m │ [32m'noisy'[39m    │ [32m'human_review_required'[39m │ [32m'human_review_required'[39m │ [33mtrue[39m      │ [33mtrue[39m        │ []           │ [33mfalse[39m     │ [33m0[39m     │ [33m4[39m        │ [33m2[39m        │ [33m4[39m       │ [33m4[39m      │
│ 2       │ [32m'RD-HAY-003'[39m │ [32m'life'[39m │ [32m'doc_realisti'[39m │ [32m'moderate'[39m │ [32m'full'[39m                  │ [32m'full'[39m                  │ [33mtrue[39m      │ [33mtrue[39m        │ []           │ [33mfalse[39m     │ [33m0[39m     │ [33m0[39m        │ [33m6[39m        │ [33m0[39m       │ [33m5[39m      │
└─────────┴──────────────┴────────┴────────────────┴────────────┴─────────────────────────┴─────────────────────────┴───────────┴─────────────┴──────────────┴───────────┴───────┴──────────┴──────────┴─────────┴────────┘

[90mstdout[2m | src/lib/analysis/__tests__/pilot-validation.test.ts[2m > [22m[2mPilot: dask[2m > [22m[2mdask: branch summary
[22m[39m┌─────────┬──────────────┬────────┬────────────────┬────────────┬─────────────────────────┬──────────────┬───────────┬─────────────┬──────────────┬───────────┬───────┬──────────┬──────────┬─────────┬────────┐
│ (index) │ sampleId     │ branch │ sourceType     │ quality    │ displayMode             │ expected     │ modeMatch │ phraseClean │ foundPhrases │ hasQuotes │ cards │ triggers │ captured │ missing │ safety │
├─────────┼──────────────┼────────┼────────────────┼────────────┼─────────────────────────┼──────────────┼───────────┼─────────────┼──────────────┼───────────┼───────┼──────────┼──────────┼─────────┼────────┤
│ 0       │ [32m'RD-DSK-001'[39m │ [32m'dask'[39m │ [32m'doc_realisti'[39m │ [32m'clean'[39m    │ [32m'full'[39m                  │ [32m'full'[39m       │ [33mtrue[39m      │ [33mtrue[39m        │ []           │ [33mfalse[39m     │ [33m0[39m     │ [33m0[39m        │ [33m6[39m        │ [33m0[39m       │ [33m5[39m      │
│ 1       │ [32m'RD-DSK-002'[39m │ [32m'dask'[39m │ [32m'doc_realisti'[39m │ [32m'noisy'[39m    │ [32m'human_review_required'[39m │ [32m'restricted'[39m │ [33mfalse[39m     │ [33mtrue[39m        │ []           │ [33mfalse[39m     │ [33m0[39m     │ [33m4[39m        │ [33m3[39m        │ [33m3[39m       │ [33m4[39m      │
│ 2       │ [32m'RD-DSK-003'[39m │ [32m'dask'[39m │ [32m'doc_realisti'[39m │ [32m'moderate'[39m │ [32m'full'[39m                  │ [32m'full'[39m       │ [33mtrue[39m      │ [33mtrue[39m        │ []           │ [33mfalse[39m     │ [33m0[39m     │ [33m0[39m        │ [33m6[39m        │ [33m0[39m       │ [33m5[39m      │
└─────────┴──────────────┴────────┴────────────────┴────────────┴─────────────────────────┴──────────────┴───────────┴─────────────┴──────────────┴───────────┴───────┴──────────┴──────────┴─────────┴────────┘

[90mstdout[2m | src/lib/analysis/__tests__/pilot-validation.test.ts[2m > [22m[2mPilot: business[2m > [22m[2mbusiness: branch summary
[22m[39m┌─────────┬──────────────┬────────────┬────────────────┬────────────┬─────────────────────────┬─────────────────────────┬───────────┬─────────────┬──────────────┬───────────┬───────┬──────────┬──────────┬─────────┬────────┐
│ (index) │ sampleId     │ branch     │ sourceType     │ quality    │ displayMode             │ expected                │ modeMatch │ phraseClean │ foundPhrases │ hasQuotes │ cards │ triggers │ captured │ missing │ safety │
├─────────┼──────────────┼────────────┼────────────────┼────────────┼─────────────────────────┼─────────────────────────┼───────────┼─────────────┼──────────────┼───────────┼───────┼──────────┼──────────┼─────────┼────────┤
│ 0       │ [32m'RD-BIZ-001'[39m │ [32m'business'[39m │ [32m'doc_realisti'[39m │ [32m'clean'[39m    │ [32m'full'[39m                  │ [32m'full'[39m                  │ [33mtrue[39m      │ [33mtrue[39m        │ []           │ [33mfalse[39m     │ [33m0[39m     │ [33m0[39m        │ [33m6[39m        │ [33m0[39m       │ [33m5[39m      │
│ 1       │ [32m'RD-BIZ-002'[39m │ [32m'business'[39m │ [32m'doc_realisti'[39m │ [32m'noisy'[39m    │ [32m'human_review_required'[39m │ [32m'human_review_required'[39m │ [33mtrue[39m      │ [33mtrue[39m        │ []           │ [33mfalse[39m     │ [33m0[39m     │ [33m4[39m        │ [33m3[39m        │ [33m3[39m       │ [33m5[39m      │
│ 2       │ [32m'RD-BIZ-003'[39m │ [32m'business'[39m │ [32m'doc_realisti'[39m │ [32m'moderate'[39m │ [32m'restricted'[39m            │ [32m'restricted'[39m            │ [33mtrue[39m      │ [33mtrue[39m        │ []           │ [33mfalse[39m     │ [33m0[39m     │ [33m1[39m        │ [33m6[39m        │ [33m0[39m       │ [33m5[39m      │
└─────────┴──────────────┴────────────┴────────────────┴────────────┴─────────────────────────┴─────────────────────────┴───────────┴─────────────┴──────────────┴───────────┴───────┴──────────┴──────────┴─────────┴────────┘

[90mstdout[2m | src/lib/analysis/__tests__/pilot-validation.test.ts[2m > [22m[2mPilot: nakliyat[2m > [22m[2mnakliyat: branch summary
[22m[39m┌─────────┬──────────────┬────────────┬────────────────┬────────────┬─────────────────────────┬─────────────────────────┬───────────┬─────────────┬──────────────┬───────────┬───────┬──────────┬──────────┬─────────┬────────┐
│ (index) │ sampleId     │ branch     │ sourceType     │ quality    │ displayMode             │ expected                │ modeMatch │ phraseClean │ foundPhrases │ hasQuotes │ cards │ triggers │ captured │ missing │ safety │
├─────────┼──────────────┼────────────┼────────────────┼────────────┼─────────────────────────┼─────────────────────────┼───────────┼─────────────┼──────────────┼───────────┼───────┼──────────┼──────────┼─────────┼────────┤
│ 0       │ [32m'RD-NAK-001'[39m │ [32m'nakliyat'[39m │ [32m'doc_realisti'[39m │ [32m'clean'[39m    │ [32m'full'[39m                  │ [32m'full'[39m                  │ [33mtrue[39m      │ [33mtrue[39m        │ []           │ [33mtrue[39m      │ [33m0[39m     │ [33m0[39m        │ [33m6[39m        │ [33m0[39m       │ [33m5[39m      │
│ 1       │ [32m'RD-NAK-002'[39m │ [32m'nakliyat'[39m │ [32m'doc_realisti'[39m │ [32m'noisy'[39m    │ [32m'human_review_required'[39m │ [32m'human_review_required'[39m │ [33mtrue[39m      │ [33mtrue[39m        │ []           │ [33mfalse[39m     │ [33m0[39m     │ [33m4[39m        │ [33m2[39m        │ [33m4[39m       │ [33m4[39m      │
│ 2       │ [32m'RD-NAK-003'[39m │ [32m'nakliyat'[39m │ [32m'doc_realisti'[39m │ [32m'moderate'[39m │ [32m'full'[39m                  │ [32m'full'[39m                  │ [33mtrue[39m      │ [33mtrue[39m        │ []           │ [33mfalse[39m     │ [33m0[39m     │ [33m0[39m        │ [33m6[39m        │ [33m0[39m       │ [33m5[39m      │
└─────────┴──────────────┴────────────┴────────────────┴────────────┴─────────────────────────┴─────────────────────────┴───────────┴─────────────┴──────────────┴───────────┴───────┴──────────┴──────────┴─────────┴────────┘

[90mstdout[2m | src/lib/analysis/__tests__/pilot-validation.test.ts[2m > [22m[2mPilot: cross-branch summary[2m > [22m[2mprints overall summary
[22m[39m┌─────────┬──────────────┬────────────┬────────────────┬────────────┬─────────────────────────┬─────────────────────────┬───────────┬─────────────┬─────────────────┬───────────┬───────┬──────────┬──────────┬─────────┬────────┐
│ (index) │ sampleId     │ branch     │ sourceType     │ quality    │ displayMode             │ expected                │ modeMatch │ phraseClean │ foundPhrases    │ hasQuotes │ cards │ triggers │ captured │ missing │ safety │
├─────────┼──────────────┼────────────┼────────────────┼────────────┼─────────────────────────┼─────────────────────────┼───────────┼─────────────┼─────────────────┼───────────┼───────┼──────────┼──────────┼─────────┼────────┤
│ 0       │ [32m'RD-KAS-001'[39m │ [32m'kasko'[39m    │ [32m'real_pdf'[39m     │ [32m'clean'[39m    │ [32m'full'[39m                  │ [32m'full'[39m                  │ [33mtrue[39m      │ [33mtrue[39m        │ []              │ [33mtrue[39m      │ [33m0[39m     │ [33m0[39m        │ [33m6[39m        │ [33m0[39m       │ [33m5[39m      │
│ 1       │ [32m'RD-KAS-002'[39m │ [32m'kasko'[39m    │ [32m'real_pdf'[39m     │ [32m'clean'[39m    │ [32m'full'[39m                  │ [32m'full'[39m                  │ [33mtrue[39m      │ [33mtrue[39m        │ []              │ [33mfalse[39m     │ [33m0[39m     │ [33m0[39m        │ [33m6[39m        │ [33m0[39m       │ [33m5[39m      │
│ 2       │ [32m'RD-KAS-003'[39m │ [32m'kasko'[39m    │ [32m'text_fixture'[39m │ [32m'clean'[39m    │ [32m'full'[39m                  │ [32m'full'[39m                  │ [33mtrue[39m      │ [33mtrue[39m        │ []              │ [33mfalse[39m     │ [33m0[39m     │ [33m0[39m        │ [33m6[39m        │ [33m0[39m       │ [33m5[39m      │
│ 3       │ [32m'RD-KAS-004'[39m │ [32m'kasko'[39m    │ [32m'doc_realisti'[39m │ [32m'noisy'[39m    │ [32m'human_review_required'[39m │ [32m'human_review_required'[39m │ [33mtrue[39m      │ [33mtrue[39m        │ []              │ [33mfalse[39m     │ [33m0[39m     │ [33m3[39m        │ [33m2[39m        │ [33m4[39m       │ [33m4[39m      │
│ 4       │ [32m'RD-KAS-005'[39m │ [32m'kasko'[39m    │ [32m'doc_realisti'[39m │ [32m'moderate'[39m │ [32m'restricted'[39m            │ [32m'restricted'[39m            │ [33mtrue[39m      │ [33mtrue[39m        │ []              │ [33mfalse[39m     │ [33m0[39m     │ [33m1[39m        │ [33m6[39m        │ [33m0[39m       │ [33m5[39m      │
│ 5       │ [32m'RD-TRF-001'[39m │ [32m'traffic'[39m  │ [32m'text_fixture'[39m │ [32m'clean'[39m    │ [32m'full'[39m                  │ [32m'full'[39m                  │ [33mtrue[39m      │ [33mtrue[39m        │ []              │ [33mtrue[39m      │ [33m0[39m     │ [33m0[39m        │ [33m6[39m        │ [33m0[39m       │ [33m5[39m      │
│ 6       │ [32m'RD-TRF-002'[39m │ [32m'traffic'[39m  │ [32m'doc_realisti'[39m │ [32m'noisy'[39m    │ [32m'human_review_required'[39m │ [32m'human_review_required'[39m │ [33mtrue[39m      │ [33mtrue[39m        │ []              │ [33mfalse[39m     │ [33m0[39m     │ [33m3[39m        │ [33m3[39m        │ [33m3[39m       │ [33m5[39m      │
│ 7       │ [32m'RD-TRF-003'[39m │ [32m'traffic'[39m  │ [32m'doc_realisti'[39m │ [32m'moderate'[39m │ [32m'full'[39m                  │ [32m'full'[39m                  │ [33mtrue[39m      │ [33mtrue[39m        │ []              │ [33mfalse[39m     │ [33m0[39m     │ [33m0[39m        │ [33m6[39m        │ [33m0[39m       │ [33m5[39m      │
│ 8       │ [32m'RD-HOM-001'[39m │ [32m'home'[39m     │ [32m'doc_realisti'[39m │ [32m'clean'[39m    │ [32m'full'[39m                  │ [32m'full'[39m                  │ [33mtrue[39m      │ [33mtrue[39m        │ []              │ [33mfalse[39m     │ [33m0[39m     │ [33m0[39m        │ [33m6[39m        │ [33m0[39m       │ [33m5[39m      │
│ 9       │ [32m'RD-HOM-002'[39m │ [32m'home'[39m     │ [32m'doc_realisti'[39m │ [32m'noisy'[39m    │ [32m'human_review_required'[39m │ [32m'human_review_required'[39m │ [33mtrue[39m      │ [33mtrue[39m        │ []              │ [33mfalse[39m     │ [33m0[39m     │ [33m3[39m        │ [33m3[39m        │ [33m3[39m       │ [33m5[39m      │
│ 10      │ [32m'RD-HOM-003'[39m │ [32m'home'[39m     │ [32m'doc_realisti'[39m │ [32m'moderate'[39m │ [32m'restricted'[39m            │ [32m'restricted'[39m            │ [33mtrue[39m      │ [33mtrue[39m        │ []              │ [33mfalse[39m     │ [33m0[39m     │ [33m1[39m        │ [33m6[39m        │ [33m0[39m       │ [33m5[39m      │
│ 11      │ [32m'RD-SAG-001'[39m │ [32m'health'[39m   │ [32m'text_fixture'[39m │ [32m'clean'[39m    │ [32m'full'[39m                  │ [32m'full'[39m                  │ [33mtrue[39m      │ [33mtrue[39m        │ []              │ [33mtrue[39m      │ [33m0[39m     │ [33m0[39m        │ [33m6[39m        │ [33m0[39m       │ [33m5[39m      │
│ 12      │ [32m'RD-SAG-002'[39m │ [32m'health'[39m   │ [32m'doc_realisti'[39m │ [32m'clean'[39m    │ [32m'full'[39m                  │ [32m'full'[39m                  │ [33mtrue[39m      │ [33mtrue[39m        │ []              │ [33mfalse[39m     │ [33m0[39m     │ [33m0[39m        │ [33m6[39m        │ [33m0[39m       │ [33m5[39m      │
│ 13      │ [32m'RD-SAG-003'[39m │ [32m'health'[39m   │ [32m'doc_realisti'[39m │ [32m'noisy'[39m    │ [32m'human_review_required'[39m │ [32m'human_review_required'[39m │ [33mtrue[39m      │ [33mfalse[39m       │ [ [32m'unlimited'[39m ] │ [33mfalse[39m     │ [33m0[39m     │ [33m6[39m        │ [33m1[39m        │ [33m5[39m       │ [33m2[39m      │
│ 14      │ [32m'RD-SAG-004'[39m │ [32m'health'[39m   │ [32m'doc_realisti'[39m │ [32m'moderate'[39m │ [32m'restricted'[39m            │ [32m'restricted'[39m            │ [33mtrue[39m      │ [33mtrue[39m        │ []              │ [33mfalse[39m     │ [33m0[39m     │ [33m1[39m        │ [33m6[39m        │ [33m0[39m       │ [33m5[39m      │
│ 15      │ [32m'RD-HAY-001'[39m │ [32m'life'[39m     │ [32m'doc_realisti'[39m │ [32m'clean'[39m    │ [32m'full'[39m                  │ [32m'full'[39m                  │ [33mtrue[39m      │ [33mtrue[39m        │ []              │ [33mfalse[39m     │ [33m0[39m     │ [33m0[39m        │ [33m6[39m        │ [33m0[39m       │ [33m5[39m      │
│ 16      │ [32m'RD-HAY-002'[39m │ [32m'life'[39m     │ [32m'doc_realisti'[39m │ [32m'noisy'[39m    │ [32m'human_review_required'[39m │ [32m'human_review_required'[39m │ [33mtrue[39m      │ [33mtrue[39m        │ []              │ [33mfalse[39m     │ [33m0[39m     │ [33m4[39m        │ [33m2[39m        │ [33m4[39m       │ [33m4[39m      │
│ 17      │ [32m'RD-HAY-003'[39m │ [32m'life'[39m     │ [32m'doc_realisti'[39m │ [32m'moderate'[39m │ [32m'full'[39m                  │ [32m'full'[39m                  │ [33mtrue[39m      │ [33mtrue[39m        │ []              │ [33mfalse[39m     │ [33m0[39m     │ [33m0[39m        │ [33m6[39m        │ [33m0[39m       │ [33m5[39m      │
│ 18      │ [32m'RD-DSK-001'[39m │ [32m'dask'[39m     │ [32m'doc_realisti'[39m │ [32m'clean'[39m    │ [32m'full'[39m                  │ [32m'full'[39m                  │ [33mtrue[39m      │ [33mtrue[39m        │ []              │ [33mfalse[39m     │ [33m0[39m     │ [33m0[39m        │ [33m6[39m        │ [33m0[39m       │ [33m5[39m      │
│ 19      │ [32m'RD-DSK-002'[39m │ [32m'dask'[39m     │ [32m'doc_realisti'[39m │ [32m'noisy'[39m    │ [32m'human_review_required'[39m │ [32m'restricted'[39m            │ [33mfalse[39m     │ [33mtrue[39m        │ []              │ [33mfalse[39m     │ [33m0[39m     │ [33m4[39m        │ [33m3[39m        │ [33m3[39m       │ [33m4[39m      │
│ 20      │ [32m'RD-DSK-003'[39m │ [32m'dask'[39m     │ [32m'doc_realisti'[39m │ [32m'moderate'[39m │ [32m'full'[39m                  │ [32m'full'[39m                  │ [33mtrue[39m      │ [33mtrue[39m        │ []              │ [33mfalse[39m     │ [33m0[39m     │ [33m0[39m        │ [33m6[39m        │ [33m0[39m       │ [33m5[39m      │
│ 21      │ [32m'RD-BIZ-001'[39m │ [32m'business'[39m │ [32m'doc_realisti'[39m │ [32m'clean'[39m    │ [32m'full'[39m                  │ [32m'full'[39m                  │ [33mtrue[39m      │ [33mtrue[39m        │ []              │ [33mfalse[39m     │ [33m0[39m     │ [33m0[39m        │ [33m6[39m        │ [33m0[39m       │ [33m5[39m      │
│ 22      │ [32m'RD-BIZ-002'[39m │ [32m'business'[39m │ [32m'doc_realisti'[39m │ [32m'noisy'[39m    │ [32m'human_review_required'[39m │ [32m'human_review_required'[39m │ [33mtrue[39m      │ [33mtrue[39m        │ []              │ [33mfalse[39m     │ [33m0[39m     │ [33m4[39m        │ [33m3[39m        │ [33m3[39m       │ [33m5[39m      │
│ 23      │ [32m'RD-BIZ-003'[39m │ [32m'business'[39m │ [32m'doc_realisti'[39m │ [32m'moderate'[39m │ [32m'restricted'[39m            │ [32m'restricted'[39m            │ [33mtrue[39m      │ [33mtrue[39m        │ []              │ [33mfalse[39m     │ [33m0[39m     │ [33m1[39m        │ [33m6[39m        │ [33m0[39m       │ [33m5[39m      │
│ 24      │ [32m'RD-NAK-001'[39m │ [32m'nakliyat'[39m │ [32m'doc_realisti'[39m │ [32m'clean'[39m    │ [32m'full'[39m                  │ [32m'full'[39m                  │ [33mtrue[39m      │ [33mtrue[39m        │ []              │ [33mtrue[39m      │ [33m0[39m     │ [33m0[39m        │ [33m6[39m        │ [33m0[39m       │ [33m5[39m      │
│ 25      │ [32m'RD-NAK-002'[39m │ [32m'nakliyat'[39m │ [32m'doc_realisti'[39m │ [32m'noisy'[39m    │ [32m'human_review_required'[39m │ [32m'human_review_required'[39m │ [33mtrue[39m      │ [33mtrue[39m        │ []              │ [33mfalse[39m     │ [33m0[39m     │ [33m4[39m        │ [33m2[39m        │ [33m4[39m       │ [33m4[39m      │
│ 26      │ [32m'RD-NAK-003'[39m │ [32m'nakliyat'[39m │ [32m'doc_realisti'[39m │ [32m'moderate'[39m │ [32m'full'[39m                  │ [32m'full'[39m                  │ [33mtrue[39m      │ [33mtrue[39m        │ []              │ [33mfalse[39m     │ [33m0[39m     │ [33m0[39m        │ [33m6[39m        │ [33m0[39m       │ [33m5[39m      │
└─────────┴──────────────┴────────────┴────────────────┴────────────┴─────────────────────────┴─────────────────────────┴───────────┴─────────────┴─────────────────┴───────────┴───────┴──────────┴──────────┴─────────┴────────┘
┌─────────┬────────────┬───────┬──────────┬──────────┬───────────┐
│ (index) │ branch     │ total │ allClean │ modeSafe │ avgSafety │
├─────────┼────────────┼───────┼──────────┼──────────┼───────────┤
│ 0       │ [32m'kasko'[39m    │ [33m5[39m     │ [32m'✅'[39m     │ [33m5[39m        │ [32m'4.8'[39m     │
│ 1       │ [32m'traffic'[39m  │ [33m3[39m     │ [32m'✅'[39m     │ [33m3[39m        │ [32m'5.0'[39m     │
│ 2       │ [32m'home'[39m     │ [33m3[39m     │ [32m'✅'[39m     │ [33m3[39m        │ [32m'5.0'[39m     │
│ 3       │ [32m'health'[39m   │ [33m4[39m     │ [32m'❌'[39m     │ [33m4[39m        │ [32m'4.3'[39m     │
│ 4       │ [32m'life'[39m     │ [33m3[39m     │ [32m'✅'[39m     │ [33m3[39m        │ [32m'4.7'[39m     │
│ 5       │ [32m'dask'[39m     │ [33m3[39m     │ [32m'✅'[39m     │ [33m3[39m        │ [32m'4.7'[39m     │
│ 6       │ [32m'business'[39m │ [33m3[39m     │ [32m'✅'[39m     │ [33m3[39m        │ [32m'5.0'[39m     │
│ 7       │ [32m'nakliyat'[39m │ [33m3[39m     │ [32m'✅'[39m     │ [33m3[39m        │ [32m'4.7'[39m     │
└─────────┴────────────┴───────┴──────────┴──────────┴───────────┘

 [32m✓[39m src/lib/analysis/__tests__/pilot-validation.test.ts [2m([22m[2m128 tests[22m[2m)[22m[32m 47[2mms[22m[39m
 [32m✓[39m src/lib/ai/cache/hash.test.ts [2m([22m[2m52 tests[22m[2m)[22m[32m 18[2mms[22m[39m
 [32m✓[39m server/__tests__/admin-notification-service.test.ts [2m([22m[2m24 tests[22m[2m)[22m[32m 26[2mms[22m[39m
 [32m✓[39m src/lib/insurance-display.test.ts [2m([22m[2m149 tests[22m[2m)[22m[32m 25[2mms[22m[39m
 [32m✓[39m src/lib/actuarial-engine/__tests__/engine-timings.test.ts [2m([22m[2m8 tests[22m[2m)[22m[32m 35[2mms[22m[39m
 [32m✓[39m src/lib/pipeline/contradiction-detector.branches.test.ts [2m([22m[2m118 tests[22m[2m)[22m[32m 25[2mms[22m[39m
 [32m✓[39m server/__tests__/cost-control.test.ts [2m([22m[2m58 tests[22m[2m)[22m[32m 24[2mms[22m[39m
[90mstdout[2m | src/lib/analytics/tracker-coverage.test.ts[2m > [22m[2mtracker coverage[2m > [22m[2mAnalyticsTracker[2m > [22m[2mshould support debug mode
[22m[39m[Analytics] {
  id: [32m'1774284947102_h7tlpm6rx'[39m,
  timestamp: [33m1774284947102[39m,
  sessionId: [32m'1774284947102_3cr47abql'[39m,
  userId: [90mundefined[39m,
  category: [32m'user_action'[39m,
  action: [32m'session_start'[39m,
  label: [90mundefined[39m,
  value: [90mundefined[39m,
  metadata: { device: { type: [32m'desktop'[39m, browser: [32m'Chrome'[39m, os: [32m'unknown'[39m } },
  page: [32m''[39m
}

[90mstdout[2m | src/lib/analytics/tracker-coverage.test.ts[2m > [22m[2mtracker coverage[2m > [22m[2mAnalyticsTracker[2m > [22m[2mshould support debug mode
[22m[39m[Analytics] {
  id: [32m'1774284947105_9ggg89n44'[39m,
  timestamp: [33m1774284947105[39m,
  sessionId: [32m'1774284947102_3cr47abql'[39m,
  userId: [90mundefined[39m,
  category: [32m'page_view'[39m,
  action: [32m'view'[39m,
  label: [32m'/debug-page'[39m,
  value: [90mundefined[39m,
  metadata: {
    page: [32m'/debug-page'[39m,
    title: [90mundefined[39m,
    previousPage: [32m''[39m,
    referrer: [32m'https://test.com'[39m
  },
  page: [32m'/debug-page'[39m
}

 [32m✓[39m src/lib/analytics/tracker-coverage.test.ts [2m([22m[2m35 tests[22m[2m)[22m[32m 105[2mms[22m[39m
 [32m✓[39m server/__tests__/translation-routes.test.ts [2m([22m[2m50 tests[22m[2m)[22m[32m 22[2mms[22m[39m
 [32m✓[39m src/lib/analysis/__tests__/display-interpreter.test.ts [2m([22m[2m28 tests[22m[2m)[22m[32m 31[2mms[22m[39m
 [32m✓[39m server/__tests__/notification-service.test.ts [2m([22m[2m29 tests[22m[2m)[22m[32m 29[2mms[22m[39m
 [32m✓[39m src/lib/pipeline/__tests__/pipeline.test.ts [2m([22m[2m41 tests[22m[2m)[22m[32m 27[2mms[22m[39m
 [32m✓[39m src/lib/pipeline/pipeline-logger-coverage.test.ts [2m([22m[2m54 tests[22m[2m)[22m[32m 25[2mms[22m[39m
 [32m✓[39m src/lib/ai/document-ocr.branches.test.ts [2m([22m[2m17 tests[22m[2m)[22m[32m 37[2mms[22m[39m
 [32m✓[39m src/lib/ocr-decision/field-extractor.test.ts [2m([22m[2m89 tests[22m[2m)[22m[32m 25[2mms[22m[39m
 [32m✓[39m src/types/pdf-report-coverage.test.ts [2m([22m[2m50 tests[22m[2m)[22m[32m 14[2mms[22m[39m
 [32m✓[39m src/lib/analysis/__tests__/consumer-path-safety.test.ts [2m([22m[2m21 tests[22m[2m)[22m[32m 76[2mms[22m[39m
 [32m✓[39m src/lib/ai/cost-tracking/tracker.test.ts [2m([22m[2m114 tests[22m[2m)[22m[32m 28[2mms[22m[39m
 [32m✓[39m src/lib/utils.test.ts [2m([22m[2m11 tests[22m[2m)[22m[32m 29[2mms[22m[39m
 [32m✓[39m src/lib/supabase/policies.test.ts [2m([22m[2m58 tests[22m[2m)[22m[32m 28[2mms[22m[39m
 [32m✓[39m src/lib/actuarial-engine/__tests__/new-policy-types.test.ts [2m([22m[2m4 tests[22m[2m)[22m[32m 34[2mms[22m[39m
 [32m✓[39m server/__tests__/server-sentry.test.ts [2m([22m[2m27 tests[22m[2m)[22m[32m 26[2mms[22m[39m
 [32m✓[39m src/lib/gap-detection/analyzers/compliance-analyzer.test.ts [2m([22m[2m32 tests[22m[2m)[22m[32m 22[2mms[22m[39m
 [32m✓[39m src/lib/ai/turkish-utils.test.ts [2m([22m[2m43 tests[22m[2m)[22m[32m 25[2mms[22m[39m
 [32m✓[39m src/lib/ai/providers/claude-coverage.test.ts [2m([22m[2m29 tests[22m[2m)[22m[32m 28[2mms[22m[39m
 [32m✓[39m src/lib/ai/policy-extractor-conversion.test.ts [2m([22m[2m45 tests[22m[2m)[22m[32m 22[2mms[22m[39m
 [32m✓[39m src/lib/regional-benchmark/comparison-branches.test.ts [2m([22m[2m87 tests[22m[2m)[22m[32m 24[2mms[22m[39m
 [32m✓[39m src/lib/ai/providers/openai.test.ts [2m([22m[2m21 tests[22m[2m)[22m[32m 30[2mms[22m[39m
 [32m✓[39m src/lib/__tests__/processing-log-lock.test.ts [2m([22m[2m2 tests[22m[2m)[22m[32m 24[2mms[22m[39m
 [32m✓[39m src/lib/utils.branches.test.ts [2m([22m[2m49 tests[22m[2m)[22m[32m 25[2mms[22m[39m
 [32m✓[39m src/lib/pdf-export/generator-coverage.test.ts [2m([22m[2m57 tests[22m[2m)[22m[32m 22[2mms[22m[39m
 [32m✓[39m src/lib/policy-evaluation/__tests__/configurable-thresholds.test.ts [2m([22m[2m19 tests[22m[2m)[22m[32m 24[2mms[22m[39m
 [32m✓[39m src/lib/security/rate-limiter.test.ts [2m([22m[2m41 tests[22m[2m)[22m[32m 16[2mms[22m[39m
 [32m✓[39m src/lib/gap-detection/analyzers/limit-analyzer.test.ts [2m([22m[2m22 tests[22m[2m)[22m[32m 37[2mms[22m[39m
 [32m✓[39m src/lib/supabase/policies.branches.test.ts [2m([22m[2m41 tests[22m[2m)[22m[32m 23[2mms[22m[39m
 [32m✓[39m src/lib/ai/extraction-validator.branches.test.ts [2m([22m[2m117 tests[22m[2m)[22m[32m 23[2mms[22m[39m
 [32m✓[39m src/data/regulations.test.ts [2m([22m[2m23 tests[22m[2m)[22m[32m 9[2mms[22m[39m
[90mstdout[2m | src/__tests__/integration/environment-validation.test.ts[2m > [22m[2mEnvironment Configuration Validation[2m > [22m[2mRequired Environment Variables[2m > [22m[2mshould have Sentry DSN configured for error tracking
[22m[39mℹ️  Skipping: VITE_SENTRY_DSN (not configured in this environment)

[90mstdout[2m | src/__tests__/integration/environment-validation.test.ts[2m > [22m[2mEnvironment Configuration Validation[2m > [22m[2mAPI Proxy Connectivity[2m > [22m[2mshould be able to reach the API proxy health endpoint
[22m[39mℹ️  Backend server not running at http://localhost:4001 - skipping connectivity test
   Start server with: npm run dev:server

[90mstdout[2m | src/__tests__/integration/environment-validation.test.ts[2m > [22m[2mEnvironment Configuration Validation[2m > [22m[2mAPI Proxy Connectivity[2m > [22m[2mshould have at least one AI provider configured on the server
[22m[39mℹ️  Cannot connect to http://localhost:4001 - skipping provider verification

[90mstdout[2m | src/__tests__/integration/environment-validation.test.ts[2m > [22m[2mAI Extraction Integration[2m > [22m[2mshould NOT return demo/fallback data when AI is expected to work
[22m[39mℹ️  Integration test skipped due to network: TypeError: fetch failed

 [32m✓[39m src/__tests__/integration/environment-validation.test.ts [2m([22m[2m7 tests[22m[2m)[22m[32m 23[2mms[22m[39m
 [32m✓[39m src/lib/gap-detection/analyzers/deductible-analyzer.test.ts [2m([22m[2m26 tests[22m[2m)[22m[32m 21[2mms[22m[39m
 [32m✓[39m src/lib/config/__tests__/config-performance-monitor.test.ts [2m([22m[2m42 tests[22m[2m)[22m[32m 23[2mms[22m[39m
 [32m✓[39m src/lib/pipeline/ai-ocr-cleaner-coverage.test.ts [2m([22m[2m44 tests[22m[2m)[22m[32m 52[2mms[22m[39m
 [32m✓[39m src/lib/pipeline/ocr-stats-coverage.test.ts [2m([22m[2m41 tests[22m[2m)[22m[32m 15[2mms[22m[39m
 [32m✓[39m src/lib/pdf-export/generator.test.ts [2m([22m[2m58 tests[22m[2m)[22m[32m 17[2mms[22m[39m
 [32m✓[39m src/lib/admin/operations-logger.test.ts [2m([22m[2m24 tests[22m[2m)[22m[32m 19[2mms[22m[39m
 [32m✓[39m src/lib/security/csp.test.ts [2m([22m[2m54 tests[22m[2m)[22m[32m 17[2mms[22m[39m
 [32m✓[39m src/lib/security/key-manager.test.ts [2m([22m[2m44 tests[22m[2m)[22m[32m 19[2mms[22m[39m
 [32m✓[39m src/lib/lighthouse/lighthouse.test.ts [2m([22m[2m68 tests[22m[2m)[22m[32m 36[2mms[22m[39m
 [32m✓[39m src/lib/ai/providers/claude.test.ts [2m([22m[2m15 tests[22m[2m)[22m[32m 19[2mms[22m[39m
 [32m✓[39m src/lib/i18n/__tests__/language-consistency.test.ts [2m([22m[2m64 tests[22m[2m)[22m[32m 19[2mms[22m[39m
 [32m✓[39m src/lib/admin/__tests__/settings-templates.test.ts [2m([22m[2m16 tests[22m[2m)[22m[32m 12[2mms[22m[39m
 [32m✓[39m src/lib/gap-detection/analyzers/exclusion-analyzer.test.ts [2m([22m[2m33 tests[22m[2m)[22m[32m 12[2mms[22m[39m
 [32m✓[39m server/__tests__/logger-coverage.test.ts [2m([22m[2m29 tests[22m[2m)[22m[32m 18[2mms[22m[39m
 [32m✓[39m src/lib/fx/fx-service.test.ts [2m([22m[2m22 tests[22m[2m)[22m[32m 18[2mms[22m[39m
 [32m✓[39m src/lib/market-data/market-data-provider.test.ts [2m([22m[2m50 tests[22m[2m)[22m[32m 19[2mms[22m[39m
 [32m✓[39m src/lib/pipeline/__tests__/pipeline-logger.test.ts [2m([22m[2m18 tests[22m[2m)[22m[32m 56[2mms[22m[39m
 [32m✓[39m src/lib/pipeline/pattern-store-coverage.test.ts [2m([22m[2m68 tests[22m[2m)[22m[32m 19[2mms[22m[39m
 [32m✓[39m server/__tests__/extraction-alert-service.test.ts [2m([22m[2m13 tests[22m[2m)[22m[32m 10[2mms[22m[39m
[90mstdout[2m | server/lib/sentry.test.ts[2m > [22m[2mSentry Server[2m > [22m[2mcaptureServerMessage[2m > [22m[2mshould accept message with level
[22m[39m[WARNING] Test message

[90mstdout[2m | server/lib/sentry.test.ts[2m > [22m[2mSentry Server[2m > [22m[2mcaptureServerMessage[2m > [22m[2mshould accept message with info level
[22m[39m[INFO] Info message

[90mstdout[2m | server/lib/sentry.test.ts[2m > [22m[2mSentry Server[2m > [22m[2mcaptureServerMessage[2m > [22m[2mshould accept message with error level
[22m[39m[ERROR] Error message

[90mstdout[2m | server/lib/sentry.test.ts[2m > [22m[2mSentry Server[2m > [22m[2mcaptureServerMessage[2m > [22m[2mshould handle default level
[22m[39m[INFO] Default level

 [32m✓[39m server/lib/sentry.test.ts [2m([22m[2m39 tests[22m[2m)[22m[32m 21[2mms[22m[39m
 [32m✓[39m src/lib/processing-log-api.test.ts [2m([22m[2m39 tests[22m[2m)[22m[32m 15[2mms[22m[39m
 [32m✓[39m server/__tests__/pdf-routes.test.ts [2m([22m[2m23 tests[22m[2m)[22m[32m 9[2mms[22m[39m
 [32m✓[39m src/lib/pipeline/document-chunker.test.ts [2m([22m[2m31 tests[22m[2m)[22m[32m 17[2mms[22m[39m
 [32m✓[39m src/lib/pipeline/qa-gates.test.ts [2m([22m[2m37 tests[22m[2m)[22m[32m 17[2mms[22m[39m
 [32m✓[39m src/lib/admin/config-manager.test.ts [2m([22m[2m33 tests[22m[2m)[22m[32m 17[2mms[22m[39m
 [32m✓[39m src/lib/pipeline/pattern-store.test.ts [2m([22m[2m51 tests[22m[2m)[22m[32m 15[2mms[22m[39m
 [32m✓[39m src/lib/supabase/auth.test.ts [2m([22m[2m30 tests[22m[2m)[22m[32m 18[2mms[22m[39m
 [32m✓[39m src/lib/pipeline/qa-scoring.branches.test.ts [2m([22m[2m67 tests[22m[2m)[22m[32m 22[2mms[22m[39m
 [32m✓[39m src/lib/ocr-decision/language-detector-coverage.test.ts [2m([22m[2m31 tests[22m[2m)[22m[32m 34[2mms[22m[39m
 [32m✓[39m src/__tests__/extraction-output-quality.test.ts [2m([22m[2m38 tests[22m[2m)[22m[32m 15[2mms[22m[39m
 [32m✓[39m src/lib/regional-benchmark/comparison.test.ts [2m([22m[2m42 tests[22m[2m)[22m[32m 13[2mms[22m[39m
 [32m✓[39m src/lib/extraction/turkish-patterns.branches.test.ts [2m([22m[2m64 tests[22m[2m)[22m[32m 16[2mms[22m[39m
 [32m✓[39m src/lib/i18n/translation-cache.test.ts [2m([22m[2m18 tests[22m[2m)[22m[32m 15[2mms[22m[39m
 [32m✓[39m src/lib/analysis/__tests__/engine.test.ts [2m([22m[2m3 tests[22m[2m)[22m[32m 6[2mms[22m[39m
 [32m✓[39m src/lib/supabase/user-profile.test.ts [2m([22m[2m12 tests[22m[2m)[22m[32m 13[2mms[22m[39m
 [32m✓[39m src/lib/security/rate-limiter-coverage.test.ts [2m([22m[2m46 tests[22m[2m)[22m[32m 15[2mms[22m[39m
 [32m✓[39m src/lib/ai/providers/consensus.test.ts [2m([22m[2m12 tests[22m[2m)[22m[32m 11[2mms[22m[39m
 [32m✓[39m src/lib/pipeline/ocr-stats.test.ts [2m([22m[2m26 tests[22m[2m)[22m[32m 13[2mms[22m[39m
[90mstdout[2m | src/lib/pwa/push-notifications.test.ts[2m > [22m[2mSYNC_COMPLETE message dispatch[2m > [22m[2minvokes all registered callbacks with the payload
[22m[39m[PWA] Background sync complete: { synced: [33m2[39m, failed: [33m0[39m, success: [33mtrue[39m }

[90mstdout[2m | src/lib/pwa/push-notifications.test.ts[2m > [22m[2mSYNC_COMPLETE message dispatch[2m > [22m[2mhandles callbacks being unsubscribed before message arrives
[22m[39m[PWA] Background sync complete: { synced: [33m1[39m, failed: [33m0[39m, success: [33mtrue[39m }

 [32m✓[39m src/lib/pwa/push-notifications.test.ts [2m([22m[2m11 tests[22m[2m)[22m[32m 21[2mms[22m[39m
 [32m✓[39m src/lib/admin/__tests__/settings-validation.test.ts [2m([22m[2m62 tests[22m[2m)[22m[32m 24[2mms[22m[39m
 [32m✓[39m src/lib/analysis/__tests__/benchmarks.test.ts [2m([22m[2m18 tests[22m[2m)[22m[32m 8[2mms[22m[39m
 [32m✓[39m src/lib/pipeline/__tests__/turkish-ocr-normalizer.test.ts [2m([22m[2m40 tests[22m[2m)[22m[32m 14[2mms[22m[39m
 [32m✓[39m src/lib/ocr-decision/__tests__/ocr-engine-db-init.test.ts [2m([22m[2m11 tests[22m[2m)[22m[32m 16[2mms[22m[39m
 [32m✓[39m src/lib/pipeline/turkish-ocr-normalizer-coverage.test.ts [2m([22m[2m47 tests[22m[2m)[22m[32m 14[2mms[22m[39m
 [32m✓[39m server/__tests__/email-service.test.ts [2m([22m[2m26 tests[22m[2m)[22m[32m 16[2mms[22m[39m
 [32m✓[39m src/lib/extraction/turkish-patterns.test.ts [2m([22m[2m47 tests[22m[2m)[22m[32m 12[2mms[22m[39m
 [32m✓[39m src/lib/ai/extraction-schema.test.ts [2m([22m[2m68 tests[22m[2m)[22m[32m 12[2mms[22m[39m
 [32m✓[39m src/lib/ml/feature-extractor.test.ts [2m([22m[2m27 tests[22m[2m)[22m[32m 14[2mms[22m[39m
 [32m✓[39m src/lib/ai/__tests__/reviewer-mode-upgrades.test.ts [2m([22m[2m26 tests[22m[2m)[22m[32m 12[2mms[22m[39m
 [32m✓[39m src/lib/i18n/exclusion-translations.test.ts [2m([22m[2m21 tests[22m[2m)[22m[32m 10[2mms[22m[39m
[90mstdout[2m | src/lib/config/__tests__/ttl-validation.test.ts[2m > [22m[2mTTL Recommendation Validation[2m > [22m[2mshould validate 5-min TTL with realistic Supabase latency profile
[22m[39m=== Production-Realistic Validation ===
Total events: 100
Cache hit rate: 66.0%
DB avg latency: 48.2ms
DB p95 latency: 68.9ms
Error rate: 0.0%
TTL recommendation: 300s
Reason: Current TTL appears appropriate — hit rate 66.0%, avg DB latency 48ms
Confidence: high

 [32m✓[39m src/lib/config/__tests__/ttl-validation.test.ts [2m([22m[2m12 tests[22m[2m)[22m[32m 12[2mms[22m[39m
[90mstdout[2m | src/lib/analysis/__tests__/pilot-8h-batch.test.ts[2m > [22m[2mPhase 8H Step 2–3: Pilot Batch — 5 Documents[2m > [22m[2mPhase 8I: Next 15 KASKO documents identified for progression
[22m[39m
      KASKO PILOT CONTINUATION: NEXT 15 DOCUMENTS (Phase 8I)
      ------------------------------------------------------
      Target Mix for remaining 15 documents:
      - 5x Standard Passenger Vehicles (Clean & Moderate)
      - 3x Commercial/Heavy Vehicles (Çekici, Kamyon)
      - 2x High-Value/Specialty (Luxury, Non-standard coverage)
      - 3x Noisy/Edge cases (testing rejection/admission gate resilience)
      - 2x Multi-vehicle fleet policies (testing complexity scaling)
      
      Success Criteria:
      - 0 phrase leaks across all 15
      - >60% eligible acceptance
      - >90% ineligible correct rejection
    

 [32m✓[39m src/lib/analysis/__tests__/pilot-8h-batch.test.ts [2m([22m[2m22 tests[22m[2m)[22m[32m 10[2mms[22m[39m
 [32m✓[39m src/lib/actuarial-engine/__tests__/adapter.test.ts [2m([22m[2m31 tests[22m[2m)[22m[32m 9[2mms[22m[39m
 [32m✓[39m src/lib/insurance-display.branches.test.ts [2m([22m[2m67 tests[22m[2m)[22m[32m 16[2mms[22m[39m
 [32m✓[39m src/lib/ai/prompts.test.ts [2m([22m[2m30 tests[22m[2m)[22m[32m 11[2mms[22m[39m
 [32m✓[39m src/lib/ai/extraction-validator.test.ts [2m([22m[2m40 tests[22m[2m)[22m[32m 32[2mms[22m[39m
 [32m✓[39m src/__tests__/performance/performance.test.ts [2m([22m[2m30 tests[22m[2m)[22m[32m 27[2mms[22m[39m
 [32m✓[39m src/lib/pipeline/ocr-confidence-coverage.test.ts [2m([22m[2m57 tests[22m[2m)[22m[32m 11[2mms[22m[39m
[90mstdout[2m | src/lib/analysis/__tests__/pilot-8c-kasko-real.test.ts[2m > [22m[2mPhase 8C: KASKO Real-Document Validation[2m > [22m[2mREAL-DOC-001: Golden FAIL-001 (complex KASKO)[2m > [22m[2mQA summary
[22m[39m
=== REAL-DOC-001: Golden FAIL-001 QA ===
Display mode: full
Triggers: none
Prohibited phrases: ✅ CLEAN
Coverage cards: [33m0[39m
Missing cards: [33m1[39m
Market value detected: ✅
Conditional deductible: ✅

[90mstdout[2m | src/lib/analysis/__tests__/pilot-8c-kasko-real.test.ts[2m > [22m[2mPhase 8C: KASKO Real-Document Validation[2m > [22m[2mREAL-DOC-003: OCR-quality partial (noisy KASKO)[2m > [22m[2mQA summary
[22m[39m
=== REAL-DOC-003: OCR-quality QA ===
Display mode: human_review_required
Triggers: EXTRACTION_QUALITY_BELOW_HUMAN_REVIEW, LOW_OVERALL_CONFIDENCE, MISSING_POLICY_NUMBER
Validation flags: [33m2[39m

[90mstdout[2m | src/lib/analysis/__tests__/pilot-8c-kasko-real.test.ts[2m > [22m[2mPhase 8C: KASKO Real-Document Validation[2m > [22m[2mcross-document summary
[22m[39m
=== PHASE 8C: KASKO CROSS-DOCUMENT SUMMARY ===
┌─────────┬────────────────┬──────────────────────┬─────────────────────────┬─────────────────────────┬───────┬─────────────┬───────────┬──────────┬───────┐
│ (index) │ id             │ source               │ mode                    │ expected                │ match │ phraseClean │ coverages │ triggers │ flags │
├─────────┼────────────────┼──────────────────────┼─────────────────────────┼─────────────────────────┼───────┼─────────────┼───────────┼──────────┼───────┤
│ 0       │ [32m'REAL-DOC-001'[39m │ [32m'golden-text'[39m        │ [32m'full'[39m                  │ [32m'full'[39m                  │ [32m'✅'[39m  │ [32m'✅'[39m        │ [33m5[39m         │ [33m0[39m        │ [33m1[39m     │
│ 1       │ [32m'REAL-DOC-002'[39m │ [32m'integration-schema'[39m │ [32m'full'[39m                  │ [32m'full'[39m                  │ [32m'✅'[39m  │ [32m'✅'[39m        │ [33m4[39m         │ [33m0[39m        │ [33m0[39m     │
│ 2       │ [32m'REAL-DOC-003'[39m │ [32m'ocr-partial'[39m        │ [32m'human_review_required'[39m │ [32m'human_review_required'[39m │ [32m'✅'[39m  │ [32m'✅'[39m        │ [33m1[39m         │ [33m3[39m        │ [33m2[39m     │
└─────────┴────────────────┴──────────────────────┴─────────────────────────┴─────────────────────────┴───────┴─────────────┴───────────┴──────────┴───────┘

 [32m✓[39m src/lib/analysis/__tests__/pilot-8c-kasko-real.test.ts [2m([22m[2m23 tests[22m[2m)[22m[32m 11[2mms[22m[39m
 [32m✓[39m server/__tests__/translation-service.test.ts [2m([22m[2m33 tests[22m[2m)[22m[32m 11[2mms[22m[39m
 [32m✓[39m src/lib/ocr-decision/__tests__/configuration-manager-db.test.ts [2m([22m[2m17 tests[22m[2m)[22m[32m 13[2mms[22m[39m
 [32m✓[39m src/lib/pdf/noise-stripper.test.ts [2m([22m[2m22 tests[22m[2m)[22m[32m 10[2mms[22m[39m
 [32m✓[39m server/__tests__/ai-diagnostics.test.ts [2m([22m[2m15 tests[22m[2m)[22m[32m 10[2mms[22m[39m
 [32m✓[39m src/lib/config/__tests__/user-overridable.test.ts [2m([22m[2m23 tests[22m[2m)[22m[32m 18[2mms[22m[39m
[90mstdout[2m | src/lib/env.test.ts
[22m[39m🔧 InsurAI Environment
  Configuration: {
    mode: [32m'development'[39m,
    storage: [32m'cloud'[39m,
    ai: [32m'proxy'[39m,
    proxy: [32m'http://localhost:4001'[39m
  }
  Warnings:
  [INFO] API proxy configured at http://localhost:4001
    → Make sure backend server is running: npm run dev:server

 [32m✓[39m src/lib/env.test.ts [2m([22m[2m38 tests[22m[2m)[22m[32m 10[2mms[22m[39m
 [32m✓[39m src/lib/analysis/__tests__/pilot-8e-remediation.test.ts [2m([22m[2m13 tests[22m[2m)[22m[32m 11[2mms[22m[39m
 [32m✓[39m src/lib/ai/__tests__/reviewer-insight-cleanup.test.ts [2m([22m[2m39 tests[22m[2m)[22m[32m 14[2mms[22m[39m
 [32m✓[39m server/__tests__/error-classification.test.ts [2m([22m[2m53 tests[22m[2m)[22m[32m 10[2mms[22m[39m
 [32m✓[39m src/lib/pipeline/ocr-confidence.test.ts [2m([22m[2m33 tests[22m[2m)[22m[32m 22[2mms[22m[39m
 [32m✓[39m src/lib/pipeline/data-requests-coverage.test.ts [2m([22m[2m36 tests[22m[2m)[22m[32m 15[2mms[22m[39m
 [32m✓[39m src/lib/supabase/client.test.ts [2m([22m[2m26 tests[22m[2m)[22m[32m 7[2mms[22m[39m
 [32m✓[39m src/lib/sanitize.test.ts [2m([22m[2m34 tests[22m[2m)[22m[32m 10[2mms[22m[39m
 [32m✓[39m server/__tests__/server-hardening.test.ts [2m([22m[2m24 tests[22m[2m)[22m[32m 8[2mms[22m[39m
 [32m✓[39m server/__tests__/api-metrics.test.ts [2m([22m[2m17 tests[22m[2m)[22m[32m 17[2mms[22m[39m
 [32m✓[39m src/lib/market-data/region-detector.test.ts [2m([22m[2m25 tests[22m[2m)[22m[32m 18[2mms[22m[39m
 [32m✓[39m server/schemas/extraction-schema.test.ts [2m([22m[2m14 tests[22m[2m)[22m[32m 9[2mms[22m[39m
 [32m✓[39m src/__tests__/integration/policy-flow.test.tsx [2m([22m[2m22 tests[22m[2m)[22m[32m 7[2mms[22m[39m
 [32m✓[39m src/lib/ml/mitigation-recommender.test.ts [2m([22m[2m27 tests[22m[2m)[22m[32m 8[2mms[22m[39m
 [32m✓[39m server/__tests__/drift-detection-service.test.ts [2m([22m[2m17 tests[22m[2m)[22m[32m 7[2mms[22m[39m
 [32m✓[39m src/types/risk.test.ts [2m([22m[2m31 tests[22m[2m)[22m[32m 9[2mms[22m[39m
 [32m✓[39m src/lib/policy-evaluation/__tests__/benchmark-service.test.ts [2m([22m[2m21 tests[22m[2m)[22m[32m 8[2mms[22m[39m
 [32m✓[39m src/lib/policy-evaluation/__tests__/types.test.ts [2m([22m[2m28 tests[22m[2m)[22m[32m 7[2mms[22m[39m
 [32m✓[39m server/__tests__/fx-monitoring.test.ts [2m([22m[2m2 tests[22m[2m)[22m[32m 6[2mms[22m[39m
 [32m✓[39m src/data/sample-policies.test.ts [2m([22m[2m35 tests[22m[2m)[22m[32m 7[2mms[22m[39m
 [32m✓[39m src/lib/supabase/__tests__/evidence-persistence.test.ts [2m([22m[2m13 tests[22m[2m)[22m[32m 7[2mms[22m[39m
 [32m✓[39m src/lib/analysis/__tests__/review-thresholds.test.ts [2m([22m[2m6 tests[22m[2m)[22m[32m 7[2mms[22m[39m
 [32m✓[39m src/lib/analysis/__tests__/pilot-8g-integration.test.ts [2m([22m[2m14 tests[22m[2m)[22m[32m 7[2mms[22m[39m
 [32m✓[39m src/lib/analysis/__tests__/kasko-pilot-gate.test.ts [2m([22m[2m22 tests[22m[2m)[22m[32m 6[2mms[22m[39m
 [32m✓[39m src/lib/actuarial-engine/__tests__/actuarial-events.test.ts [2m([22m[2m8 tests[22m[2m)[22m[32m 12[2mms[22m[39m
[90mstdout[2m | Console.group (node:internal/console/constructor:513:7)
[22m[39m🔧 InsurAI Environment

[90mstdout[2m | logEnvironmentStatus (/workspaces/insurai/src/lib/env.ts:173:11)
[22m[39m  Configuration: {
    mode: [32m'development'[39m,
    storage: [32m'cloud'[39m,
    ai: [32m'proxy'[39m,
    proxy: [32m'http://localhost:4001'[39m
  }

[90mstdout[2m | logEnvironmentStatus (/workspaces/insurai/src/lib/env.ts:190:13)
[22m[39m  Warnings:

[90mstdout[2m | src/lib/env.ts:197:15
[22m[39m  [INFO] API proxy configured at http://localhost:4001

[90mstdout[2m | src/lib/env.ts:199:17
[22m[39m    → Make sure backend server is running: npm run dev:server

 [32m✓[39m src/lib/pdf/text-quality-analyzer.test.ts [2m([22m[2m11 tests[22m[2m)[22m[32m 7[2mms[22m[39m
[90mstdout[2m | src/lib/analysis/__tests__/pilot-8j-batch2.test.ts[2m > [22m[2mPhase 8J: KASKO Pilot Batch 2 (Documents 6-20)[2m > [22m[2mBatch 2 Summary Metrics[2m > [22m[2mgenerates Phase 8J summary metrics output
[22m[39m
        =========================================================
        PHASE 8J BATCH 2 METRICS (Documents 6-20)
        =========================================================
        Totals: 15 docs (12 Eligible, 3 Ineligible)

        ALL-DOC SAFETY METRICS
        ----------------------
        Phrase Leaks: 0
        Total Rejected: 3 (Expected 3 inherently bad)
        Zero-Coverage (Overall): 1

        ELIGIBLE-DOC QUALITY METRICS (N=12)
        -----------------------------------
        Accepted (No Touch):       9 (75%)
        Corrected Minor (Tweaks):  2 (17%)
        Corrected Major (Failure): 1 (8%)
        

 [32m✓[39m src/lib/analysis/__tests__/pilot-8j-batch2.test.ts [2m([22m[2m16 tests[22m[2m)[22m[32m 7[2mms[22m[39m
 [32m✓[39m src/lib/analysis/__tests__/boundary-proof.test.ts [2m([22m[2m8 tests[22m[2m)[22m[32m 6[2mms[22m[39m
 [32m✓[39m src/lib/pipeline/version-coverage.test.ts [2m([22m[2m13 tests[22m[2m)[22m[32m 6[2mms[22m[39m
 [32m✓[39m src/lib/analysis/__tests__/scoring.test.ts [2m([22m[2m7 tests[22m[2m)[22m[32m 6[2mms[22m[39m
 [32m✓[39m src/lib/supabase/types.test.ts [2m([22m[2m10 tests[22m[2m)[22m[32m 5[2mms[22m[39m
 [32m✓[39m src/lib/analysis/__tests__/kasko-pilot-admission.test.ts [2m([22m[2m6 tests[22m[2m)[22m[32m 3[2mms[22m[39m
[90mstdout[2m | src/lib/analysis/__tests__/pilot-8k-operational.test.ts[2m > [22m[2mPhase 8K: Broader Guarded Internal Pilot (Operational Execution)[2m > [22m[2mgenerates Phase 8K real operational pilot metrics output
[22m[39m
        =========================================================
        PHASE 8K OPERATIONAL PILOT METRICS (N=10 Real Docs)
        =========================================================
        Totals: 10 docs (8 Eligible, 2 Ineligible)
        
        ALL-DOC SAFETY METRICS
        ----------------------
        Phrase Leaks: 0
        Total Rejected: 2 
        Zero-Coverage (Overall): 2
        Human Review Enforced: 100% (Guarded Pilot constraints active)

        ELIGIBLE-DOC QUALITY METRICS (N=8)
        -----------------------------------
        Accepted (No Touch):       6 (75%)
        Corrected Minor (Tweaks):  1 (13%)
        Corrected Major (Failure): 1 (13%)
        
        Critical Field Accuracy:   7/8 (88%)
        Deductible Included:       Yes (where applicable)
        Special Conditions:        Yes (where applicable)
    

 [32m✓[39m src/lib/analysis/__tests__/pilot-8k-operational.test.ts [2m([22m[2m2 tests[22m[2m)[22m[32m 5[2mms[22m[39m
 [32m✓[39m src/types/policy.test.ts [2m([22m[2m5 tests[22m[2m)[22m[32m 5[2mms[22m[39m
 [32m✓[39m src/lib/analysis/__tests__/insights.test.ts [2m([22m[2m7 tests[22m[2m)[22m[32m 4[2mms[22m[39m
 [32m✓[39m src/__tests__/integration/kasko-universal-schema.test.ts [2m([22m[2m1 test[22m[2m)[22m[32m 4[2mms[22m[39m
 [32m✓[39m server/__tests__/admin-actuarial-analytics.test.ts [2m([22m[2m2 tests[22m[2m)[22m[32m 3[2mms[22m[39m
[90mstdout[2m | src/lib/ai/e2e.test.ts
[22m[39m🔧 InsurAI Environment
  Configuration: {
    mode: [32m'development'[39m,
    storage: [32m'cloud'[39m,
    ai: [32m'proxy'[39m,
    proxy: [32m'http://localhost:4001'[39m
  }
  Warnings:
  [INFO] API proxy configured at http://localhost:4001
    → Make sure backend server is running: npm run dev:server

 [2m[90m↓[39m[22m src/lib/ai/e2e.test.ts [2m([22m[2m1 test[22m[2m | [22m[33m1 skipped[39m[2m)[22m

[2m Test Files [22m [1m[31m1 failed[39m[22m[2m | [22m[1m[32m373 passed[39m[22m[2m | [22m[33m1 skipped[39m[90m (375)[39m
[2m      Tests [22m [1m[31m1 failed[39m[22m[2m | [22m[1m[32m16786 passed[39m[22m[2m | [22m[33m2 skipped[39m[90m (16789)[39m
[2m   Start at [22m 16:47:44
[2m   Duration [22m 596.93s[2m (transform 16.39s, setup 23.00s, import 57.16s, tests 227.70s, environment 225.54s)[22m

